Component: ARM Compiler 5.06 update 7 (build 960) Tool: armlink [4d3601]

==============================================================================

Section Cross References

    startup_stm32h723xx.o(STACK) refers (Special) to heapauxi.o(.text) for __use_two_region_memory
    startup_stm32h723xx.o(HEAP) refers (Special) to heapauxi.o(.text) for __use_two_region_memory
    startup_stm32h723xx.o(RESET) refers (Special) to heapauxi.o(.text) for __use_two_region_memory
    startup_stm32h723xx.o(RESET) refers to startup_stm32h723xx.o(STACK) for __initial_sp
    startup_stm32h723xx.o(RESET) refers to startup_stm32h723xx.o(.text) for Reset_Handler
    startup_stm32h723xx.o(RESET) refers to stm32h7xx_it.o(i.NMI_Handler) for NMI_Handler
    startup_stm32h723xx.o(RESET) refers to context_rvds.o(.text) for HardFault_Handler
    startup_stm32h723xx.o(RESET) refers to stm32h7xx_it.o(i.BusFault_Handler) for BusFault_Handler
    startup_stm32h723xx.o(RESET) refers to stm32h7xx_it.o(i.UsageFault_Handler) for UsageFault_Handler
    startup_stm32h723xx.o(RESET) refers to stm32h7xx_it.o(i.DebugMon_Handler) for DebugMon_Handler
    startup_stm32h723xx.o(RESET) refers to board.o(i.SysTick_Handler) for SysTick_Handler
    startup_stm32h723xx.o(RESET) refers to stm32h7xx_it.o(i.DMA1_Stream0_IRQHandler) for DMA1_Stream0_IRQHandler
    startup_stm32h723xx.o(RESET) refers to stm32h7xx_it.o(i.DMA1_Stream1_IRQHandler) for DMA1_Stream1_IRQHandler
    startup_stm32h723xx.o(RESET) refers to stm32h7xx_it.o(i.FDCAN1_IT0_IRQHandler) for FDCAN1_IT0_IRQHandler
    startup_stm32h723xx.o(RESET) refers to stm32h7xx_it.o(i.FDCAN2_IT0_IRQHandler) for FDCAN2_IT0_IRQHandler
    startup_stm32h723xx.o(RESET) refers to stm32h7xx_it.o(i.TIM2_IRQHandler) for TIM2_IRQHandler
    startup_stm32h723xx.o(RESET) refers to stm32h7xx_it.o(i.SPI2_IRQHandler) for SPI2_IRQHandler
    startup_stm32h723xx.o(RESET) refers to board.o(i.USART1_IRQHandler) for USART1_IRQHandler
    startup_stm32h723xx.o(RESET) refers to stm32h7xx_it.o(i.FDCAN3_IT0_IRQHandler) for FDCAN3_IT0_IRQHandler
    startup_stm32h723xx.o(.text) refers (Special) to heapauxi.o(.text) for __use_two_region_memory
    startup_stm32h723xx.o(.text) refers to system_stm32h7xx.o(i.ExitRun0Mode) for ExitRun0Mode
    startup_stm32h723xx.o(.text) refers to system_stm32h7xx.o(i.SystemInit) for SystemInit
    startup_stm32h723xx.o(.text) refers to __main.o(!!!main) for __main
    startup_stm32h723xx.o(.text) refers to startup_stm32h723xx.o(HEAP) for Heap_Mem
    startup_stm32h723xx.o(.text) refers to startup_stm32h723xx.o(STACK) for Stack_Mem
    main.o(i.HAL_TIM_PeriodElapsedCallback) refers to stm32h7xx_hal.o(i.HAL_IncTick) for HAL_IncTick
    main.o(i.PeriphCommonClock_Config) refers to rt_memclr_w.o(.text) for __aeabi_memclr4
    main.o(i.PeriphCommonClock_Config) refers to stm32h7xx_hal_rcc_ex.o(i.HAL_RCCEx_PeriphCLKConfig) for HAL_RCCEx_PeriphCLKConfig
    main.o(i.SystemClock_Config) refers to rt_memclr_w.o(.text) for __aeabi_memclr4
    main.o(i.SystemClock_Config) refers to stm32h7xx_hal_pwr_ex.o(i.HAL_PWREx_ConfigSupply) for HAL_PWREx_ConfigSupply
    main.o(i.SystemClock_Config) refers to stm32h7xx_hal_rcc.o(i.HAL_RCC_OscConfig) for HAL_RCC_OscConfig
    main.o(i.SystemClock_Config) refers to stm32h7xx_hal_rcc.o(i.HAL_RCC_ClockConfig) for HAL_RCC_ClockConfig
    main.o(i.ctrl2_test) refers to dm4310_drv.o(i.mit_ctrl2) for mit_ctrl2
    main.o(i.ctrl2_test) refers to fdcan.o(.bss) for hfdcan1
    main.o(i.main) refers to stm32h7xx_hal.o(i.HAL_Init) for HAL_Init
    main.o(i.main) refers to main.o(i.SystemClock_Config) for SystemClock_Config
    main.o(i.main) refers to main.o(i.PeriphCommonClock_Config) for PeriphCommonClock_Config
    main.o(i.main) refers to gpio.o(i.MX_GPIO_Init) for MX_GPIO_Init
    main.o(i.main) refers to dma.o(i.MX_DMA_Init) for MX_DMA_Init
    main.o(i.main) refers to spi.o(i.MX_SPI2_Init) for MX_SPI2_Init
    main.o(i.main) refers to fdcan.o(i.MX_FDCAN1_Init) for MX_FDCAN1_Init
    main.o(i.main) refers to fdcan.o(i.MX_FDCAN2_Init) for MX_FDCAN2_Init
    main.o(i.main) refers to tim.o(i.MX_TIM3_Init) for MX_TIM3_Init
    main.o(i.main) refers to fdcan.o(i.MX_FDCAN3_Init) for MX_FDCAN3_Init
    main.o(i.main) refers to usart.o(i.MX_USART1_UART_Init) for MX_USART1_UART_Init
    main.o(i.main) refers to bsp_dwt.o(i.DWT_Init) for DWT_Init
    main.o(i.main) refers to bmi088driver.o(i.BMI088_init) for BMI088_init
    main.o(i.main) refers to can_bsp.o(i.FDCAN1_Config) for FDCAN1_Config
    main.o(i.main) refers to can_bsp.o(i.FDCAN2_Config) for FDCAN2_Config
    main.o(i.main) refers to thread.o(i.rt_thread_mdelay) for rt_thread_mdelay
    main.o(i.main) refers to spi.o(.bss) for hspi2
    main.o(FSymTab) refers to main.o(.rodata.name) for __fsym_ctrl2_test_name
    main.o(FSymTab) refers to main.o(.rodata.name) for __fsym_ctrl2_test_desc
    main.o(FSymTab) refers to main.o(i.ctrl2_test) for ctrl2_test
[...]
    UART_WaitOnFlagUntilTimeout              0x08007b91   Thumb Code   148  stm32h7xx_hal_uart.o(i.UART_WaitOnFlagUntilTimeout)
    USART1_IRQHandler                        0x08007c25   Thumb Code    68  board.o(i.USART1_IRQHandler)
    UsageFault_Handler                       0x08007c6d   Thumb Code     2  stm32h7xx_it.o(i.UsageFault_Handler)
    VMC_calc_1_left                          0x08007c71   Thumb Code   660  vmc_calc.o(i.VMC_calc_1_left)
    VMC_calc_1_right                         0x08007f0d   Thumb Code   652  vmc_calc.o(i.VMC_calc_1_right)
    VMC_calc_2                               0x080081a1   Thumb Code   342  vmc_calc.o(i.VMC_calc_2)
    VMC_init                                 0x080082f9   Thumb Code    34  vmc_calc.o(i.VMC_init)
    __ARM_fpclassifyf                        0x08008329   Thumb Code    38  fpclassifyf.o(i.__ARM_fpclassifyf)
    __hardfp_asinf                           0x08008371   Thumb Code   258  asinf.o(i.__hardfp_asinf)
    __hardfp_atan2f                          0x080084a9   Thumb Code   594  atan2f.o(i.__hardfp_atan2f)
    __hardfp_sqrt                            0x0800875d   Thumb Code   102  sqrt.o(i.__hardfp_sqrt)
    __hardfp_sqrtf                           0x080087c3   Thumb Code    58  sqrtf.o(i.__hardfp_sqrtf)
    __mathlib_flt_infnan                     0x080087fd   Thumb Code     6  funder.o(i.__mathlib_flt_infnan)
    __mathlib_flt_infnan2                    0x08008803   Thumb Code     6  funder.o(i.__mathlib_flt_infnan2)
    __mathlib_flt_invalid                    0x08008809   Thumb Code    10  funder.o(i.__mathlib_flt_invalid)
    __mathlib_flt_underflow                  0x08008819   Thumb Code    10  funder.o(i.__mathlib_flt_underflow)
    __rt_ffs                                 0x08008829   Thumb Code    64  kservice.o(i.__rt_ffs)
    bmi088_accel_init                        0x08008a09   Thumb Code   292  bmi088driver.o(i.bmi088_accel_init)
    bmi088_gyro_init                         0x08008b31   Thumb Code   246  bmi088driver.o(i.bmi088_gyro_init)
    canx_send_data                           0x08008d15   Thumb Code    92  can_bsp.o(i.canx_send_data)
    chassisL_control_loop                    0x08008d71   Thumb Code   458  chassisl_task.o(i.chassisL_control_loop)
    chassisL_entry                           0x08008f59   Thumb Code     4  thread_init.o(i.chassisL_entry)
    chassisL_feedback_update                 0x08008f5d   Thumb Code    54  chassisl_task.o(i.chassisL_feedback_update)
    chassisL_init                            0x08008f99   Thumb Code    40  thread_init.o(i.chassisL_init)
    chassisR_control_loop                    0x08008fd5   Thumb Code   554  chassisr_task.o(i.chassisR_control_loop)
    chassisR_entry                           0x0800921d   Thumb Code     4  thread_init.o(i.chassisR_entry)
    chassisR_feedback_update                 0x08009221   Thumb Code   104  chassisr_task.o(i.chassisR_feedback_update)
    chassisR_init                            0x08009299   Thumb Code    40  thread_init.o(i.chassisR_init)
    cmd_list                                 0x080092e9   Thumb Code    96  cmd.o(i.cmd_list)
    ctrl2_test                               0x080093d5   Thumb Code    28  main.o(i.ctrl2_test)
    dm4310_fbdata                            0x080093fd   Thumb Code   146  dm4310_drv.o(i.dm4310_fbdata)
    dm6215_fbdata                            0x08009491   Thumb Code   146  dm4310_drv.o(i.dm6215_fbdata)
    enable_motor_mode                        0x0800952d   Thumb Code    52  dm4310_drv.o(i.enable_motor_mode)
    finsh_get_prompt                         0x08009569   Thumb Code    56  shell.o(i.finsh_get_prompt)
    finsh_set_prompt_mode                    0x080095b5   Thumb Code    18  shell.o(i.finsh_set_prompt_mode)
    finsh_system_function_init               0x080095cd   Thumb Code     8  shell.o(i.finsh_system_function_init)
    finsh_system_init                        0x080095d9   Thumb Code    92  shell.o(i.finsh_system_init)
    finsh_thread_entry                       0x0800966d   Thumb Code   726  shell.o(i.finsh_thread_entry)
    float_to_uint                            0x0800996d   Thumb Code    40  dm4310_drv.o(i.float_to_uint)
    ground_detectionL                        0x08009995   Thumb Code    82  vmc_calc.o(i.ground_detectionL)
    ground_detectionR                        0x080099ed   Thumb Code    82  vmc_calc.o(i.ground_detectionR)
    joint_motor_init                         0x08009abd   Thumb Code     6  dm4310_drv.o(i.joint_motor_init)
    jump_loop_l                              0x08009ac5   Thumb Code   262  chassisl_task.o(i.jump_loop_l)
    jump_loop_r                              0x08009be1   Thumb Code   404  chassisr_task.o(i.jump_loop_r)
    list_sem                                 0x08009e15   Thumb Code   216  cmd.o(i.list_sem)
    list_thread                              0x08009f59   Thumb Code   256  cmd.o(i.list_thread)
    list_timer                               0x0800a115   Thumb Code   176  cmd.o(i.list_timer)
    mahony_init                              0x0800a299   Thumb Code    32  mahony_filter.o(i.mahony_init)
    mahony_input                             0x0800a2c9   Thumb Code     8  mahony_filter.o(i.mahony_input)
    mahony_output                            0x0800a2d1   Thumb Code    54  mahony_filter.o(i.mahony_output)
    mahony_update                            0x0800a307   Thumb Code   410  mahony_filter.o(i.mahony_update)
    $Super$$main                             0x0800a4a1   Thumb Code    84  main.o(i.main)
    main_thread_entry                        0x0800a4f9   Thumb Code    14  components.o(i.main_thread_entry)
    mit_ctrl                                 0x0800a5e1   Thumb Code   188  dm4310_drv.o(i.mit_ctrl)
    mit_ctrl2                                0x0800a6a5   Thumb Code   188  dm4310_drv.o(i.mit_ctrl2)
    msh_auto_complete                        0x0800a771   Thumb Code   136  msh.o(i.msh_auto_complete)
    msh_exec                                 0x0800a805   Thumb Code    74  msh.o(i.msh_exec)
    msh_help                                 0x0800a869   Thumb Code    44  msh.o(i.msh_help)
    mySaturate                               0x0800a999   Thumb Code    36  chassisr_task.o(i.mySaturate)
    roll_pid_init                            0x0800ab69   Thumb Code    16  chassisr_task.o(i.roll_pid_init)
    rt_application_init                      0x0800ab85   Thumb Code    32  components.o(i.rt_application_init)
    rt_calloc                                0x0800abb1   Thumb Code    26  kservice.o(i.rt_calloc)
    rt_components_board_init                 0x0800abcd   Thumb Code    20  components.o(i.rt_components_board_init)
    rt_components_init                       0x0800abe9   Thumb Code    20  components.o(i.rt_components_init)
    rt_enter_critical                        0x0800ac05   Thumb Code    22  scheduler.o(i.rt_enter_critical)
    rt_exit_critical                         0x0800ac21   Thumb Code    52  scheduler.o(i.rt_exit_critical)
    rt_free                                  0x0800ac59   Thumb Code    26  kservice.o(i.rt_free)
    rt_heap_begin_get                        0x0800ac75   Thumb Code     4  board.o(i.rt_heap_begin_get)
    rt_heap_end_get                          0x0800ac7d   Thumb Code     4  board.o(i.rt_heap_end_get)
    rt_hw_board_init                         0x0800ac85   Thumb Code    56  board.o(i.rt_hw_board_init)
    rt_hw_console_getchar                    0x0800acbd   Thumb Code    40  board.o(i.rt_hw_console_getchar)
    rt_hw_console_output                     0x0800ace9   Thumb Code    68  board.o(i.rt_hw_console_output)
    rt_hw_cpu_reset                          0x0800ad31   Thumb Code     8  cpuport.o(i.rt_hw_cpu_reset)
    rt_hw_hard_fault_exception               0x0800ad41   Thumb Code   196  cpuport.o(i.rt_hw_hard_fault_exception)
    rt_hw_stack_init                         0x0800af55   Thumb Code    52  cpuport.o(i.rt_hw_stack_init)
    rt_interrupt_enter                       0x0800af8d   Thumb Code    22  irq.o(i.rt_interrupt_enter)
    rt_interrupt_leave                       0x0800afa9   Thumb Code    22  irq.o(i.rt_interrupt_leave)
    rt_kprintf                               0x0800afc5   Thumb Code    38  kservice.o(i.rt_kprintf)
    rt_malloc                                0x0800b065   Thumb Code    28  kservice.o(i.rt_malloc)
    rt_memcpy                                0x0800b085   Thumb Code    74  kservice.o(i.rt_memcpy)
    rt_memmove                               0x0800b0d1   Thumb Code    50  kservice.o(i.rt_memmove)
    rt_memset                                0x0800b103   Thumb Code    66  kservice.o(i.rt_memset)
    rt_object_allocate                       0x0800b145   Thumb Code    80  object.o(i.rt_object_allocate)
    rt_object_delete                         0x0800b195   Thumb Code    38  object.o(i.rt_object_delete)
    rt_object_detach                         0x0800b1bb   Thumb Code    32  object.o(i.rt_object_detach)
    rt_object_get_information                0x0800b1dd   Thumb Code    30  object.o(i.rt_object_get_information)
    rt_object_init                           0x0800b201   Thumb Code    80  object.o(i.rt_object_init)
    rt_object_is_systemobject                0x0800b251   Thumb Code    14  object.o(i.rt_object_is_systemobject)
    rt_ringbuffer_data_len                   0x0800b25f   Thumb Code    58  board.o(i.rt_ringbuffer_data_len)
    rt_ringbuffer_getchar                    0x0800b299   Thumb Code    70  board.o(i.rt_ringbuffer_getchar)
    rt_ringbuffer_init                       0x0800b2df   Thumb Code    38  board.o(i.rt_ringbuffer_init)
    rt_ringbuffer_putchar                    0x0800b305   Thumb Code    74  board.o(i.rt_ringbuffer_putchar)
    rt_schedule                              0x0800b351   Thumb Code   174  scheduler.o(i.rt_schedule)
    rt_schedule_insert_thread                0x0800b409   Thumb Code   106  scheduler.o(i.rt_schedule_insert_thread)
    rt_schedule_remove_thread                0x0800b47d   Thumb Code    64  scheduler.o(i.rt_schedule_remove_thread)
    rt_sem_init                              0x0800b4c5   Thumb Code    36  ipc.o(i.rt_sem_init)
    rt_sem_release                           0x0800b4e9   Thumb Code    74  ipc.o(i.rt_sem_release)
    rt_sem_take                              0x0800b535   Thumb Code   174  ipc.o(i.rt_sem_take)
    rt_show_version                          0x0800b5e5   Thumb Code    42  kservice.o(i.rt_show_version)
    rt_smem_alloc                            0x0800b6a9   Thumb Code   184  mem.o(i.rt_smem_alloc)
    rt_smem_free                             0x0800b761   Thumb Code    50  mem.o(i.rt_smem_free)
    rt_smem_init                             0x0800b795   Thumb Code   140  mem.o(i.rt_smem_init)
    rt_sprintf                               0x0800b865   Thumb Code    18  kservice.o(i.rt_sprintf)
    rt_strerror                              0x0800b879   Thumb Code    22  kservice.o(i.rt_strerror)
    rt_strlen                                0x0800b895   Thumb Code    16  kservice.o(i.rt_strlen)
    rt_strncpy                               0x0800b8a5   Thumb Code    38  kservice.o(i.rt_strncpy)
    rt_system_heap_init                      0x0800b8cd   Thumb Code    28  kservice.o(i.rt_system_heap_init)
    rt_system_scheduler_init                 0x0800b8f5   Thumb Code    30  scheduler.o(i.rt_system_scheduler_init)
    rt_system_scheduler_start                0x0800b91d   Thumb Code    36  scheduler.o(i.rt_system_scheduler_start)
    rt_system_timer_init                     0x0800b945   Thumb Code     8  timer.o(i.rt_system_timer_init)
    rt_system_timer_thread_init              0x0800b951   Thumb Code     2  timer.o(i.rt_system_timer_thread_init)
    rt_thread_create                         0x0800b953   Thumb Code    72  thread.o(i.rt_thread_create)
    rt_thread_defunct_dequeue                0x0800b99d   Thumb Code    44  idle.o(i.rt_thread_defunct_dequeue)
    rt_thread_defunct_enqueue                0x0800b9cd   Thumb Code    18  idle.o(i.rt_thread_defunct_enqueue)
    rt_thread_idle_init                      0x0800ba19   Thumb Code    52  idle.o(i.rt_thread_idle_init)
    rt_thread_init                           0x0800ba5d   Thumb Code    48  thread.o(i.rt_thread_init)
    rt_thread_mdelay                         0x0800ba8d   Thumb Code    14  thread.o(i.rt_thread_mdelay)
    rt_thread_resume                         0x0800ba9b   Thumb Code    60  thread.o(i.rt_thread_resume)
    rt_thread_self                           0x0800bad9   Thumb Code     6  thread.o(i.rt_thread_self)
    rt_thread_sleep                          0x0800bae5   Thumb Code    64  thread.o(i.rt_thread_sleep)
    rt_thread_startup                        0x0800bb29   Thumb Code    36  thread.o(i.rt_thread_startup)
    rt_thread_suspend                        0x0800bb51   Thumb Code    70  thread.o(i.rt_thread_suspend)
    rt_tick_from_millisecond                 0x0800bb97   Thumb Code    52  clock.o(i.rt_tick_from_millisecond)
    rt_tick_get                              0x0800bbcd   Thumb Code     6  clock.o(i.rt_tick_get)
    rt_tick_increase                         0x0800bbd9   Thumb Code    70  clock.o(i.rt_tick_increase)
    rt_timer_check                           0x0800bc25   Thumb Code   136  timer.o(i.rt_timer_check)
    rt_timer_control                         0x0800bcb1   Thumb Code    76  timer.o(i.rt_timer_control)
    rt_timer_detach                          0x0800bcfd   Thumb Code    40  timer.o(i.rt_timer_detach)
    rt_timer_init                            0x0800bd25   Thumb Code    40  timer.o(i.rt_timer_init)
    rt_timer_start                           0x0800bd4d   Thumb Code   128  timer.o(i.rt_timer_start)
    rt_timer_stop                            0x0800bdd1   Thumb Code    46  timer.o(i.rt_timer_stop)
    rt_vsnprintf                             0x0800be01   Thumb Code   642  kservice.o(i.rt_vsnprintf)
    rt_vsprintf                              0x0800c08d   Thumb Code    16  kservice.o(i.rt_vsprintf)
    rtthread_startup                         0x0800c0ad   Thumb Code    42  components.o(i.rtthread_startup)
    sqrtf                                    0x0800c1e1   Thumb Code    62  sqrtf.o(i.sqrtf)
    start                                    0x0800c221   Thumb Code    10  ps2_task.o(i.start)
    stop                                     0x0800c231   Thumb Code    10  ps2_task.o(i.stop)
    thread_init                              0x0800c241   Thumb Code    18  thread_init.o(i.thread_init)
    uint_to_float                            0x0800c2cd   Thumb Code    40  dm4310_drv.o(i.uint_to_float)
    version                                  0x0800c3c5   Thumb Code    10  cmd.o(i.version)
    wheel_motor_init                         0x0800c3cf   Thumb Code     6  dm4310_drv.o(i.wheel_motor_init)
    _fp_init                                 0x0800c3d5   Thumb Code    10  fpinit.o(x$fpl$fpinit)
    __fplib_config_fpu_vfp                   0x0800c3dd   Thumb Code     0  fpinit.o(x$fpl$fpinit)
    __fplib_config_pureend_doubles           0x0800c3dd   Thumb Code     0  fpinit.o(x$fpl$fpinit)
    __I$use$fp                               0x0800c3de   Number         0  usenofp.o(x$fpl$usenofp)
    UARTPrescTable                           0x0800c444   Data          24  stm32h7xx_hal_uart.o(.constdata)
    D1CorePrescTable                         0x0800c46c   Data          16  system_stm32h7xx.o(.constdata)
    __lowest_bit_bitmap                      0x0800c47c   Data         256  kservice.o(.constdata)
    __fsym_ctrl2_test_name                   0x0800c678   Data          11  main.o(.rodata.name)
    __fsym_ctrl2_test_desc                   0x0800c683   Data          11  main.o(.rodata.name)
    __fsym_clear_name                        0x0800c68e   Data           6  cmd.o(.rodata.name)
    __fsym_clear_desc                        0x0800c694   Data          26  cmd.o(.rodata.name)
    __fsym_version_name                      0x0800c6ae   Data           8  cmd.o(.rodata.name)
    __fsym_version_desc                      0x0800c6b6   Data          35  cmd.o(.rodata.name)
    __fsym_list_thread_name                  0x0800c6d9   Data          12  cmd.o(.rodata.name)
    __fsym_list_thread_desc                  0x0800c6e5   Data          12  cmd.o(.rodata.name)
    __fsym_list_sem_name                     0x0800c6f1   Data           9  cmd.o(.rodata.name)
    __fsym_list_sem_desc                     0x0800c6fa   Data          25  cmd.o(.rodata.name)
    __fsym_list_timer_name                   0x0800c713   Data          11  cmd.o(.rodata.name)
    __fsym_list_timer_desc                   0x0800c71e   Data          21  cmd.o(.rodata.name)
    __fsym_list_name                         0x0800c733   Data           5  cmd.o(.rodata.name)
    __fsym_list_desc                         0x0800c738   Data          13  cmd.o(.rodata.name)
    __fsym_help_name                         0x0800c745   Data           5  msh.o(.rodata.name)
    __fsym_help_desc                         0x0800c74a   Data          22  msh.o(.rodata.name)
    __fsym_reboot_name                       0x0800c760   Data           7  board.o(.rodata.name)
    __fsym_reboot_desc                       0x0800c767   Data          14  board.o(.rodata.name)
    __fsym_start_name                        0x0800c775   Data           6  ps2_task.o(.rodata.name)
    __fsym_start_desc                        0x0800c77b   Data          13  ps2_task.o(.rodata.name)
    __fsym_stop_name                         0x0800c788   Data           5  ps2_task.o(.rodata.name)
    __fsym_stop_desc                         0x0800c78d   Data          13  ps2_task.o(.rodata.name)
    __fsym_thread_init_name                  0x0800c79a   Data          12  thread_init.o(.rodata.name)
    __fsym_thread_init_desc                  0x0800c7a6   Data          12  thread_init.o(.rodata.name)
    sinTable_f32                             0x0800c7b4   Data        2052  arm_common_tables.o(.rodata.sinTable_f32)
    __rt_init_rti_start                      0x0800cfb8   Data           4  components.o(.rti_fn.0)
    __rt_init_rti_board_start                0x0800cfbc   Data           4  components.o(.rti_fn.0.end)
    __rt_init_uart_init                      0x0800cfc0   Data           4  board.o(.rti_fn.1)
    __rt_init_rti_board_end                  0x0800cfc4   Data           4  components.o(.rti_fn.1.end)
    __rt_init_finsh_system_init              0x0800cfc8   Data           4  shell.o(.rti_fn.6)
    __rt_init_rti_end                        0x0800cfcc   Data           4  components.o(.rti_fn.6.end)
    FSymTab$$Base                            0x0800cfd0   Number         0  main.o(FSymTab)
    __fsym_ctrl2_test                        0x0800cfd0   Data          12  main.o(FSymTab)
    __fsym_clear                             0x0800cfdc   Data          12  cmd.o(FSymTab)
    __fsym_version                           0x0800cfe8   Data          12  cmd.o(FSymTab)
    __fsym_list_thread                       0x0800cff4   Data          12  cmd.o(FSymTab)
    __fsym_list_sem                          0x0800d000   Data          12  cmd.o(FSymTab)
    __fsym_list_timer                        0x0800d00c   Data          12  cmd.o(FSymTab)
    __fsym_list                              0x0800d018   Data          12  cmd.o(FSymTab)
    __fsym_help                              0x0800d024   Data          12  msh.o(FSymTab)
    __fsym_reboot                            0x0800d030   Data          12  board.o(FSymTab)
    __fsym_start                             0x0800d03c   Data          12  ps2_task.o(FSymTab)
    __fsym_stop                              0x0800d048   Data          12  ps2_task.o(FSymTab)
    __fsym_thread_init                       0x0800d054   Data          12  thread_init.o(FSymTab)
    FSymTab$$Limit                           0x0800d060   Number         0  thread_init.o(FSymTab)
    Region$$Table$$Base                      0x0800d060   Number         0  anon$$obj.o(Region$$Table)
    Region$$Table$$Limit                     0x0800d090   Number         0  anon$$obj.o(Region$$Table)
    uart_rx_buf                              0x20000000   Data          16  board.o(.bss)
    uart_rxcb                                0x20003c10   Data          12  board.o(.bss)
    uwTickFreq                               0x24000004   Data           1  stm32h7xx_hal.o(.data)
    uwTickPrio                               0x24000008   Data           4  stm32h7xx_hal.o(.data)
    uwTick                                   0x2400000c   Data           4  stm32h7xx_hal.o(.data)
    SystemCoreClock                          0x24000010   Data           4  system_stm32h7xx.o(.data)
    SystemD2Clock                            0x24000014   Data           4  system_stm32h7xx.o(.data)
    _syscall_table_begin                     0x24000018   Data           4  shell.o(.data)
    _syscall_table_end                       0x2400001c   Data           4  shell.o(.data)
    shell                                    0x24000024   Data           4  shell.o(.data)
    rt_interrupt_from_thread                 0x2400002c   Data           4  cpuport.o(.data)
    rt_interrupt_to_thread                   0x24000030   Data           4  cpuport.o(.data)
    rt_thread_switch_interrupt_flag          0x24000034   Data           4  cpuport.o(.data)
    rt_interrupt_nest                        0x24000044   Data           1  irq.o(.data)
    rt_current_priority                      0x240000c0   Data           1  scheduler.o(.data)
    rt_current_thread                        0x240000c4   Data           4  scheduler.o(.data)
    rt_thread_ready_priority_group           0x240000c8   Data           4  scheduler.o(.data)
    SysTime                                  0x24000108   Data           8  bsp_dwt.o(.data)
    CYCCNT64                                 0x24000110   Data           8  bsp_dwt.o(.data)
    caliOffset                               0x2400011b   Data           1  bmi088driver.o(.data)
    caliCount                                0x2400011c   Data           2  bmi088driver.o(.data)
    BMI088_ACCEL_SEN                         0x24000124   Data           4  bmi088driver.o(.data)
    BMI088_GYRO_SEN                          0x24000128   Data           4  bmi088driver.o(.data)
    gNormDiff                                0x24000130   Data           4  bmi088driver.o(.data)
    BMI088_SPI                               0x24000160   Data           4  bmi088middleware.o(.data)
    INS_DWT_Count                            0x24000174   Data           4  ins_task.o(.data)
    ins_dt                                   0x24000178   Data           4  ins_task.o(.data)
    ins_time                                 0x2400017c   Data           4  ins_task.o(.data)
    gravity                                  0x24000180   Data          12  ins_task.o(.data)
    left_flag                                0x2400018c   Data           1  chassisl_task.o(.data)
    CHASSL_TIME                              0x24000190   Data           4  chassisl_task.o(.data)
    LQR_K_L                                  0x24000194   Data          48  chassisl_task.o(.data)
    right_flag                               0x240001c4   Data           1  chassisr_task.o(.data)
    CHASSR_TIME                              0x240001c8   Data           4  chassisr_task.o(.data)
    LQR_K_R                                  0x240001cc   Data          48  chassisr_task.o(.data)
    Poly_Coefficient                         0x240001fc   Data         192  chassisr_task.o(.data)
    INS_th                                   0x240002bc   Data           4  thread_init.o(.data)
    chassisL_th                              0x240002c0   Data           4  thread_init.o(.data)
    chassisR_th                              0x240002c4   Data           4  thread_init.o(.data)
    ps2_th                                   0x240002c8   Data           4  thread_init.o(.data)
    hfdcan1                                  0x240002cc   Data         160  fdcan.o(.bss)
    hfdcan2                                  0x2400036c   Data         160  fdcan.o(.bss)
    hfdcan3                                  0x2400040c   Data         160  fdcan.o(.bss)
    hspi2                                    0x240004ac   Data         136  spi.o(.bss)
    hdma_spi2_rx                             0x24000534   Data         120  spi.o(.bss)
    hdma_spi2_tx                             0x240005ac   Data         120  spi.o(.bss)
    htim3                                    0x24000624   Data          76  tim.o(.bss)
    huart1                                   0x24000670   Data         148  usart.o(.bss)
    htim2                                    0x24000704   Data          76  stm32h7xx_hal_timebase_tim.o(.bss)
    rt_thread_priority_table                 0x240009cc   Data         256  scheduler.o(.bss)
    RxHeader1                                0x24000acc   Data          40  can_bsp.o(.bss)
    g_Can1RxData                             0x24000af4   Data          64  can_bsp.o(.bss)
    RxHeader2                                0x24000b34   Data          40  can_bsp.o(.bss)
    g_Can2RxData                             0x24000b5c   Data          64  can_bsp.o(.bss)
    gyroDiff                                 0x24000b9c   Data          12  bmi088driver.o(.bss)
    BMI088                                   0x24000ba8   Data          64  bmi088driver.o(.bss)
    INS                                      0x24000be8   Data         148  ins_task.o(.bss)
    mahony                                   0x24000c7c   Data         132  ins_task.o(.bss)
    Gyro                                     0x24000d00   Data          12  ins_task.o(.bss)
    Accel                                    0x24000d0c   Data          12  ins_task.o(.bss)
    left                                     0x24000d18   Data         172  chassisl_task.o(.bss)
    LegL_Pid                                 0x24000dc4   Data          72  chassisl_task.o(.bss)
    right                                    0x24000e0c   Data         172  chassisr_task.o(.bss)
    chassis_move                             0x24000eb8   Data         480  chassisr_task.o(.bss)
    LegR_Pid                                 0x24001098   Data          72  chassisr_task.o(.bss)
    Tp_Pid                                   0x240010e0   Data          72  chassisr_task.o(.bss)
    Turn_Pid                                 0x24001128   Data          72  chassisr_task.o(.bss)
    RollR_Pid                                0x24001170   Data          72  chassisr_task.o(.bss)
    __libspace_start                         0x240011b8   Data          96  libspace.o(.bss)
    __temporary_stack_top$libspace           0x24001218   Data           0  libspace.o(.bss)



==============================================================================

Memory Map of the image

  Image Entry point : 0x080002cd

  Load Region LR_IROM1 (Base: 0x08000000, Size: 0x0000d35c, Max: 0x00100000, ABSOLUTE, COMPRESSED[0x0000d224])

    Execution Region ER_IROM1 (Exec base: 0x08000000, Load base: 0x08000000, Size: 0x0000d090, Max: 0x00100000, ABSOLUTE)

    Exec Addr    Load Addr    Size         Type   Attr      Idx    E Section Name        Object

    0x08000000   0x08000000   0x000002cc   Data   RO            3    RESET               startup_stm32h723xx.o
    0x080002cc   0x080002cc   0x00000008   Code   RO         8946  * !!!main             c_w.l(__main.o)
    0x080002d4   0x080002d4   0x00000034   Code   RO         9259    !!!scatter          c_w.l(__scatter.o)
    0x08000308   0x08000308   0x0000005a   Code   RO         9257    !!dczerorl2         c_w.l(__dczerorl2.o)
    0x08000362   0x08000362   0x00000002   PAD
    0x08000364   0x08000364   0x0000001c   Code   RO         9261    !!handler_zi        c_w.l(__scatter_zi.o)
    0x08000380   0x08000380   0x00000002   Code   RO         9194    .ARM.Collect$$libinit$$00000000  c_w.l(libinit.o)
    0x08000382   0x08000382   0x00000004   Code   RO         9058    .ARM.Collect$$libinit$$00000001  c_w.l(libinit2.o)
    0x08000386   0x08000386   0x00000000   Code   RO         9061    .ARM.Collect$$libinit$$00000004  c_w.l(libinit2.o)
    0x08000386   0x08000386   0x00000000   Code   RO         9064    .ARM.Collect$$libinit$$0000000A  c_w.l(libinit2.o)
    0x08000386   0x08000386   0x00000000   Code   RO         9066    .ARM.Collect$$libinit$$0000000C  c_w.l(libinit2.o)
    0x08000386   0x08000386   0x00000000   Code   RO         9068    .ARM.Collect$$libinit$$0000000E  c_w.l(libinit2.o)
    0x08000386   0x08000386   0x00000000   Code   RO         9071    .ARM.Collect$$libinit$$00000011  c_w.l(libinit2.o)
    0x08000386   0x08000386   0x00000000   Code   RO         9073    .ARM.Collect$$libinit$$00000013  c_w.l(libinit2.o)
    0x08000386   0x08000386   0x00000000   Code   RO         9075    .ARM.Collect$$libinit$$00000015  c_w.l(libinit2.o)
    0x08000386   0x08000386   0x00000000   Code   RO         9077    .ARM.Collect$$libinit$$00000017  c_w.l(libinit2.o)
    0x08000386   0x08000386   0x00000000   Code   RO         9079    .ARM.Collect$$libinit$$00000019  c_w.l(libinit2.o)
    0x08000386   0x08000386   0x00000000   Code   RO         9081    .ARM.Collect$$libinit$$0000001B  c_w.l(libinit2.o)
    0x08000386   0x08000386   0x00000000   Code   RO         9083    .ARM.Collect$$libinit$$0000001D  c_w.l(libinit2.o)
    0x08000386   0x08000386   0x00000000   Code   RO         9085    .ARM.Collect$$libinit$$0000001F  c_w.l(libinit2.o)
    0x08000386   0x08000386   0x00000000   Code   RO         9087    .ARM.Collect$$libinit$$00000021  c_w.l(libinit2.o)
    0x08000386   0x08000386   0x00000000   Code   RO         9089    .ARM.Collect$$libinit$$00000023  c_w.l(libinit2.o)
    0x08000386   0x08000386   0x00000000   Code   RO         9091    .ARM.Collect$$libinit$$00000025  c_w.l(libinit2.o)
    0x08000386   0x08000386   0x00000000   Code   RO         9095    .ARM.Collect$$libinit$$0000002C  c_w.l(libinit2.o)
    0x08000386   0x08000386   0x00000000   Code   RO         9097    .ARM.Collect$$libinit$$0000002E  c_w.l(libinit2.o)
    0x08000386   0x08000386   0x00000000   Code   RO         9099    .ARM.Collect$$libinit$$00000030  c_w.l(libinit2.o)
    0x08000386   0x08000386   0x00000000   Code   RO         9101    .ARM.Collect$$libinit$$00000032  c_w.l(libinit2.o)
    0x08000386   0x08000386   0x00000002   Code   RO         9102    .ARM.Collect$$libinit$$00000033  c_w.l(libinit2.o)
    0x08000388   0x08000388   0x00000002   Code   RO         9254    .ARM.Collect$$libshutdown$$00000000  c_w.l(libshutdown.o)
    0x0800038a   0x0800038a   0x00000000   Code   RO         9210    .ARM.Collect$$libshutdown$$00000002  c_w.l(libshutdown2.o)
    0x0800038a   0x0800038a   0x00000000   Code   RO         9212    .ARM.Collect$$libshutdown$$00000004  c_w.l(libshutdown2.o)
    0x0800038a   0x0800038a   0x00000000   Code   RO         9214    .ARM.Collect$$libshutdown$$00000006  c_w.l(libshutdown2.o)
    0x0800038a   0x0800038a   0x00000000   Code   RO         9217    .ARM.Collect$$libshutdown$$00000009  c_w.l(libshutdown2.o)
    0x0800038a   0x0800038a   0x00000000   Code   RO         9220    .ARM.Collect$$libshutdown$$0000000C  c_w.l(libshutdown2.o)
    0x0800038a   0x0800038a   0x00000000   Code   RO         9222    .ARM.Collect$$libshutdown$$0000000E  c_w.l(libshutdown2.o)
    0x0800038a   0x0800038a   0x00000000   Code   RO         9225    .ARM.Collect$$libshutdown$$00000011  c_w.l(libshutdown2.o)
    0x0800038a   0x0800038a   0x00000002   Code   RO         9226    .ARM.Collect$$libshutdown$$00000012  c_w.l(libshutdown2.o)
    0x0800038c   0x0800038c   0x00000000   Code   RO         9010    .ARM.Collect$$rtentry$$00000000  c_w.l(__rtentry.o)
    0x0800038c   0x0800038c   0x00000000   Code   RO         9126    .ARM.Collect$$rtentry$$00000002  c_w.l(__rtentry2.o)
    0x0800038c   0x0800038c   0x00000006   Code   RO         9138    .ARM.Collect$$rtentry$$00000004  c_w.l(__rtentry4.o)
    0x08000392   0x08000392   0x00000000   Code   RO         9128    .ARM.Collect$$rtentry$$00000009  c_w.l(__rtentry2.o)
    0x08000392   0x08000392   0x00000004   Code   RO         9129    .ARM.Collect$$rtentry$$0000000A  c_w.l(__rtentry2.o)
    0x08000396   0x08000396   0x00000000   Code   RO         9131    .ARM.Collect$$rtentry$$0000000C  c_w.l(__rtentry2.o)
    0x08000396   0x08000396   0x00000008   Code   RO         9132    .ARM.Collect$$rtentry$$0000000D  c_w.l(__rtentry2.o)
    0x0800039e   0x0800039e   0x00000002   Code   RO         9197    .ARM.Collect$$rtexit$$00000000  c_w.l(rtexit.o)
    0x080003a0   0x080003a0   0x00000000   Code   RO         9230    .ARM.Collect$$rtexit$$00000002  c_w.l(rtexit2.o)
    0x080003a0   0x080003a0   0x00000004   Code   RO         9231    .ARM.Collect$$rtexit$$00000003  c_w.l(rtexit2.o)
    0x080003a4   0x080003a4   0x00000006   Code   RO         9232    .ARM.Collect$$rtexit$$00000004  c_w.l(rtexit2.o)
    0x080003aa   0x080003aa   0x00000002   PAD
    0x080003ac   0x080003ac   0x00000048   Code   RO            4    .text               startup_stm32h723xx.o
    0x080003f4   0x080003f4   0x0000013c   Code   RO         6086    .text               context_rvds.o
    0x08000530   0x08000530   0x000000ee   Code   RO         8920    .text               c_w.l(lludivv7m.o)
    0x0800061e   0x0800061e   0x00000058   Code   RO         8924    .text               c_w.l(memcmp.o)
    0x08000676   0x08000676   0x00000048   Code   RO         8926    .text               c_w.l(strcpy.o)
    0x080006be   0x080006be   0x0000003e   Code   RO         8928    .text               c_w.l(strlen.o)
    0x080006fc   0x080006fc   0x00000096   Code   RO         8930    .text               c_w.l(strncmp.o)
    0x08000792   0x08000792   0x00000018   Code   RO         8932    .text               c_w.l(strcat.o)
    0x080007aa   0x080007aa   0x00000064   Code   RO         8934    .text               c_w.l(rt_memcpy_w.o)
    0x0800080e   0x0800080e   0x00000044   Code   RO         8936    .text               c_w.l(rt_memclr.o)
    0x08000852   0x08000852   0x0000004e   Code   RO         8938    .text               c_w.l(rt_memclr_w.o)
    0x080008a0   0x080008a0   0x00000056   Code   RO         8940    .text               c_w.l(strncpy.o)
    0x080008f6   0x080008f6   0x00000002   PAD
    0x080008f8   0x080008f8   0x00000068   Code   RO         8942    .text               c_w.l(strcmpv7m_pel.o)
    0x08000960   0x08000960   0x00000006   Code   RO         8944    .text               c_w.l(heapauxi.o)
    0x08000966   0x08000966   0x00000016   Code   RO         9051    .text               c_w.l(_rserrno.o)
    0x0800097c   0x0800097c   0x00000008   Code   RO         9122    .text               c_w.l(libspace.o)
    0x08000984   0x08000984   0x00000008   Code   RO         9145    .text               c_w.l(rt_errno_addr_intlibspace.o)
    0x0800098c   0x0800098c   0x00000002   Code   RO         9166    .text               c_w.l(use_no_semi.o)
    0x0800098e   0x0800098e   0x00000000   Code   RO         9168    .text               c_w.l(indicate_semi.o)
    0x0800098e   0x0800098e   0x0000004a   Code   RO         9169    .text               c_w.l(sys_stackheap_outer.o)
    0x080009d8   0x080009d8   0x00000012   Code   RO         9175    .text               c_w.l(exit.o)
    0x080009ea   0x080009ea   0x00000002   PAD
    0x080009ec   0x080009ec   0x0000000c   Code   RO         9195    .text               c_w.l(sys_exit.o)
    0x080009f8   0x080009f8   0x00000090   Code   RO         8687    .text.arm_cos_f32   arm_cortexM7lfdp_math.lib(arm_cos_f32.o)
    0x08000a88   0x08000a88   0x0000008c   Code   RO         8697    .text.arm_sin_f32   arm_cortexM7lfdp_math.lib(arm_sin_f32.o)
    0x08000b14   0x08000b14   0x0000000a   Code   RO         6264    i.$Sub$$main        components.o
    0x08000b1e   0x08000b1e   0x00000002   PAD
    0x08000b20   0x08000b20   0x00000010   Code   RO         7519    i.BMI088_ACCEL_NS_H  bmi088middleware.o
    0x08000b30   0x08000b30   0x00000010   Code   RO         7520    i.BMI088_ACCEL_NS_L  bmi088middleware.o
    0x08000b40   0x08000b40   0x00000010   Code   RO         7521    i.BMI088_GYRO_NS_H  bmi088middleware.o
    0x08000b50   0x08000b50   0x00000010   Code   RO         7522    i.BMI088_GYRO_NS_L  bmi088middleware.o
    0x08000b60   0x08000b60   0x00000208   Code   RO         7429    i.BMI088_Read       bmi088driver.o
    0x08000d68   0x08000d68   0x00000098   Code   RO         7430    i.BMI088_init       bmi088driver.o
    0x08000e00   0x08000e00   0x00000024   Code   RO         7431    i.BMI088_read_muli_reg  bmi088driver.o
    0x08000e24   0x08000e24   0x00000016   Code   RO         7432    i.BMI088_read_single_reg  bmi088driver.o
    0x08000e3a   0x08000e3a   0x00000002   PAD
    0x08000e3c   0x08000e3c   0x00000024   Code   RO         7523    i.BMI088_read_write_byte  bmi088middleware.o
    0x08000e60   0x08000e60   0x00000012   Code   RO         7433    i.BMI088_write_single_reg  bmi088driver.o
    0x08000e72   0x08000e72   0x000000d2   Code   RO         8232    i.BodyFrameToEarthFrame  ins_task.o
    0x08000f44   0x08000f44   0x00000002   Code   RO          695    i.BusFault_Handler  stm32h7xx_it.o
    0x08000f46   0x08000f46   0x00000002   PAD
    0x08000f48   0x08000f48   0x000004ee   Code   RO         7434    i.Calibrate_MPU_Offset  bmi088driver.o
    0x08001436   0x08001436   0x00000002   PAD
    0x08001438   0x08001438   0x000000a8   Code   RO         8289    i.ChassisL_init     chassisl_task.o
    0x080014e0   0x080014e0   0x00000134   Code   RO         8290    i.ChassisL_task     chassisl_task.o
    0x08001614   0x08001614   0x000000a0   Code   RO         8345    i.ChassisR_init     chassisr_task.o
    0x080016b4   0x080016b4   0x00000144   Code   RO         8346    i.ChassisR_task     chassisr_task.o
    0x080017f8   0x080017f8   0x0000000c   Code   RO          696    i.DMA1_Stream0_IRQHandler  stm32h7xx_it.o
    0x08001804   0x08001804   0x0000000c   Code   RO          697    i.DMA1_Stream1_IRQHandler  stm32h7xx_it.o
    0x08001810   0x08001810   0x000000b4   Code   RO         2663    i.DMA_CalcBaseAndBitshift  stm32h7xx_hal_dma.o
    0x080018c4   0x080018c4   0x0000009c   Code   RO         2664    i.DMA_CalcDMAMUXChannelBaseAndMask  stm32h7xx_hal_dma.o
    0x08001960   0x08001960   0x00000074   Code   RO         2665    i.DMA_CalcDMAMUXRequestGenBaseAndMask  stm32h7xx_hal_dma.o
    0x080019d4   0x080019d4   0x00000054   Code   RO         2666    i.DMA_CheckFifoParam  stm32h7xx_hal_dma.o
    0x08001a28   0x08001a28   0x00000024   Code   RO         7231    i.DWT_CNT_Update    bsp_dwt.o
    0x08001a4c   0x08001a4c   0x00000034   Code   RO         7232    i.DWT_Delay         bsp_dwt.o
    0x08001a80   0x08001a80   0x00000044   Code   RO         7233    i.DWT_GetDeltaT     bsp_dwt.o
    0x08001ac4   0x08001ac4   0x00000044   Code   RO         7236    i.DWT_GetTimeline_s  bsp_dwt.o
    0x08001b08   0x08001b08   0x00000048   Code   RO         7238    i.DWT_Init          bsp_dwt.o
    0x08001b50   0x08001b50   0x0000009c   Code   RO         7239    i.DWT_SysTimeUpdate  bsp_dwt.o
    0x08001bec   0x08001bec   0x00000002   Code   RO          698    i.DebugMon_Handler  stm32h7xx_it.o
    0x08001bee   0x08001bee   0x000000d2   Code   RO         8233    i.EarthFrameToBodyFrame  ins_task.o
    0x08001cc0   0x08001cc0   0x00000004   Code   RO           13    i.Error_Handler     main.o
    0x08001cc4   0x08001cc4   0x0000001c   Code   RO         5789    i.ExitRun0Mode      system_stm32h7xx.o
    0x08001ce0   0x08001ce0   0x00000060   Code   RO         7339    i.FDCAN1_Config     can_bsp.o
    0x08001d40   0x08001d40   0x0000000c   Code   RO          699    i.FDCAN1_IT0_IRQHandler  stm32h7xx_it.o
    0x08001d4c   0x08001d4c   0x00000060   Code   RO         7340    i.FDCAN2_Config     can_bsp.o
    0x08001dac   0x08001dac   0x0000000c   Code   RO          700    i.FDCAN2_IT0_IRQHandler  stm32h7xx_it.o
    0x08001db8   0x08001db8   0x0000000c   Code   RO          701    i.FDCAN3_IT0_IRQHandler  stm32h7xx_it.o
    0x08001dc4   0x08001dc4   0x000001c8   Code   RO         4304    i.FDCAN_CalcultateRamBlockAddresses  stm32h7xx_hal_fdcan.o
    0x08001f8c   0x08001f8c   0x0000007c   Code   RO         4305    i.FDCAN_CopyMessageToRAM  stm32h7xx_hal_fdcan.o
    0x08002008   0x08002008   0x00000284   Code   RO         2669    i.HAL_DMA_Abort_IT  stm32h7xx_hal_dma.o
    0x0800228c   0x0800228c   0x000006e8   Code   RO         2673    i.HAL_DMA_IRQHandler  stm32h7xx_hal_dma.o
    0x08002974   0x08002974   0x000003bc   Code   RO         2674    i.HAL_DMA_Init      stm32h7xx_hal_dma.o
    0x08002d30   0x08002d30   0x00000024   Code   RO         3365    i.HAL_Delay         stm32h7xx_hal.o
    0x08002d54   0x08002d54   0x00000088   Code   RO         4307    i.HAL_FDCAN_ActivateNotification  stm32h7xx_hal_fdcan.o
    0x08002ddc   0x08002ddc   0x00000066   Code   RO         4309    i.HAL_FDCAN_AddMessageToTxFifoQ  stm32h7xx_hal_fdcan.o
    0x08002e42   0x08002e42   0x00000002   Code   RO         4310    i.HAL_FDCAN_ClockCalibrationCallback  stm32h7xx_hal_fdcan.o
    0x08002e44   0x08002e44   0x0000007e   Code   RO         4314    i.HAL_FDCAN_ConfigFilter  stm32h7xx_hal_fdcan.o
    0x08002ec2   0x08002ec2   0x00000032   Code   RO         4315    i.HAL_FDCAN_ConfigGlobalFilter  stm32h7xx_hal_fdcan.o
    0x08002ef4   0x08002ef4   0x00000002   Code   RO         4336    i.HAL_FDCAN_ErrorCallback  stm32h7xx_hal_fdcan.o
    0x08002ef6   0x08002ef6   0x00000002   Code   RO         4337    i.HAL_FDCAN_ErrorStatusCallback  stm32h7xx_hal_fdcan.o
    0x08002ef8   0x08002ef8   0x0000018c   Code   RO         4348    i.HAL_FDCAN_GetRxMessage  stm32h7xx_hal_fdcan.o
    0x08003084   0x08003084   0x00000002   Code   RO         4354    i.HAL_FDCAN_HighPriorityMessageCallback  stm32h7xx_hal_fdcan.o
    0x08003086   0x08003086   0x00000002   PAD
    0x08003088   0x08003088   0x00000320   Code   RO         4355    i.HAL_FDCAN_IRQHandler  stm32h7xx_hal_fdcan.o
    0x080033a8   0x080033a8   0x00000244   Code   RO         4356    i.HAL_FDCAN_Init    stm32h7xx_hal_fdcan.o
    0x080035ec   0x080035ec   0x0000013c   Code   RO          488    i.HAL_FDCAN_MspInit  fdcan.o
    0x08003728   0x08003728   0x00000002   Code   RO         4365    i.HAL_FDCAN_RxBufferNewMessageCallback  stm32h7xx_hal_fdcan.o
    0x0800372a   0x0800372a   0x00000002   PAD
    0x0800372c   0x0800372c   0x0000006c   Code   RO         7341    i.HAL_FDCAN_RxFifo0Callback  can_bsp.o
    0x08003798   0x08003798   0x0000006c   Code   RO         7342    i.HAL_FDCAN_RxFifo1Callback  can_bsp.o
    0x08003804   0x08003804   0x00000032   Code   RO         4368    i.HAL_FDCAN_Start   stm32h7xx_hal_fdcan.o
    0x08003836   0x08003836   0x00000002   Code   RO         4390    i.HAL_FDCAN_TT_GlobalTimeCallback  stm32h7xx_hal_fdcan.o
    0x08003838   0x08003838   0x00000002   Code   RO         4391    i.HAL_FDCAN_TT_ScheduleSyncCallback  stm32h7xx_hal_fdcan.o
    0x0800383a   0x0800383a   0x00000002   Code   RO         4396    i.HAL_FDCAN_TT_StopWatchCallback  stm32h7xx_hal_fdcan.o
    0x0800383c   0x0800383c   0x00000002   Code   RO         4397    i.HAL_FDCAN_TT_TimeMarkCallback  stm32h7xx_hal_fdcan.o
    0x0800383e   0x0800383e   0x00000002   Code   RO         4398    i.HAL_FDCAN_TimeoutOccurredCallback  stm32h7xx_hal_fdcan.o
    0x08003840   0x08003840   0x00000002   Code   RO         4399    i.HAL_FDCAN_TimestampWraparoundCallback  stm32h7xx_hal_fdcan.o
    0x08003842   0x08003842   0x00000002   Code   RO         4400    i.HAL_FDCAN_TxBufferAbortCallback  stm32h7xx_hal_fdcan.o
    0x08003844   0x08003844   0x00000002   Code   RO         4401    i.HAL_FDCAN_TxBufferCompleteCallback  stm32h7xx_hal_fdcan.o
    0x08003846   0x08003846   0x00000002   Code   RO         4402    i.HAL_FDCAN_TxEventFifoCallback  stm32h7xx_hal_fdcan.o
    0x08003848   0x08003848   0x00000002   Code   RO         4403    i.HAL_FDCAN_TxFifoEmptyCallback  stm32h7xx_hal_fdcan.o
    0x0800384a   0x0800384a   0x00000002   PAD
    0x0800384c   0x0800384c   0x0000021c   Code   RO         2516    i.HAL_GPIO_Init     stm32h7xx_hal_gpio.o
    0x08003a68   0x08003a68   0x0000000a   Code   RO         2520    i.HAL_GPIO_WritePin  stm32h7xx_hal_gpio.o
    0x08003a72   0x08003a72   0x00000002   PAD
    0x08003a74   0x08003a74   0x0000000c   Code   RO         3381    i.HAL_GetTick       stm32h7xx_hal.o
    0x08003a80   0x08003a80   0x00000010   Code   RO         3387    i.HAL_IncTick       stm32h7xx_hal.o
    0x08003a90   0x08003a90   0x0000005c   Code   RO         3388    i.HAL_Init          stm32h7xx_hal.o
    0x08003aec   0x08003aec   0x0000008c   Code   RO          832    i.HAL_InitTick      stm32h7xx_hal_timebase_tim.o
    0x08003b78   0x08003b78   0x0000001c   Code   RO          808    i.HAL_MspInit       stm32h7xx_hal_msp.o
    0x08003b94   0x08003b94   0x0000001a   Code   RO         1898    i.HAL_NVIC_EnableIRQ  stm32h7xx_hal_cortex.o
    0x08003bae   0x08003bae   0x00000002   PAD
    0x08003bb0   0x08003bb0   0x00000040   Code   RO         1904    i.HAL_NVIC_SetPriority  stm32h7xx_hal_cortex.o
    0x08003bf0   0x08003bf0   0x00000024   Code   RO         1905    i.HAL_NVIC_SetPriorityGrouping  stm32h7xx_hal_cortex.o
    0x08003c14   0x08003c14   0x00000054   Code   RO         3117    i.HAL_PWREx_ConfigSupply  stm32h7xx_hal_pwr_ex.o
    0x08003c68   0x08003c68   0x00000024   Code   RO         2159    i.HAL_RCCEx_GetD3PCLK1Freq  stm32h7xx_hal_rcc_ex.o
    0x08003c8c   0x08003c8c   0x00000144   Code   RO         2161    i.HAL_RCCEx_GetPLL2ClockFreq  stm32h7xx_hal_rcc_ex.o
    0x08003dd0   0x08003dd0   0x00000144   Code   RO         2162    i.HAL_RCCEx_GetPLL3ClockFreq  stm32h7xx_hal_rcc_ex.o
    0x08003f14   0x08003f14   0x0000093a   Code   RO         2168    i.HAL_RCCEx_PeriphCLKConfig  stm32h7xx_hal_rcc_ex.o
    0x0800484e   0x0800484e   0x00000002   PAD
    0x08004850   0x08004850   0x0000025c   Code   RO         2044    i.HAL_RCC_ClockConfig  stm32h7xx_hal_rcc.o
    0x08004aac   0x08004aac   0x0000005c   Code   RO         2048    i.HAL_RCC_GetClockConfig  stm32h7xx_hal_rcc.o
    0x08004b08   0x08004b08   0x00000044   Code   RO         2049    i.HAL_RCC_GetHCLKFreq  stm32h7xx_hal_rcc.o
    0x08004b4c   0x08004b4c   0x00000024   Code   RO         2051    i.HAL_RCC_GetPCLK1Freq  stm32h7xx_hal_rcc.o
    0x08004b70   0x08004b70   0x00000024   Code   RO         2052    i.HAL_RCC_GetPCLK2Freq  stm32h7xx_hal_rcc.o
    0x08004b94   0x08004b94   0x00000138   Code   RO         2053    i.HAL_RCC_GetSysClockFreq  stm32h7xx_hal_rcc.o
    0x08004ccc   0x08004ccc   0x00000526   Code   RO         2056    i.HAL_RCC_OscConfig  stm32h7xx_hal_rcc.o
    0x080051f2   0x080051f2   0x00000002   Code   RO         4929    i.HAL_SPI_ErrorCallback  stm32h7xx_hal_spi.o
    0x080051f4   0x080051f4   0x00000224   Code   RO         4932    i.HAL_SPI_IRQHandler  stm32h7xx_hal_spi.o
    0x08005418   0x08005418   0x0000017c   Code   RO         4933    i.HAL_SPI_Init      stm32h7xx_hal_spi.o
    0x08005594   0x08005594   0x00000130   Code   RO          564    i.HAL_SPI_MspInit   spi.o
    0x080056c4   0x080056c4   0x00000002   Code   RO         4939    i.HAL_SPI_RxCpltCallback  stm32h7xx_hal_spi.o
    0x080056c6   0x080056c6   0x00000002   Code   RO         4941    i.HAL_SPI_SuspendCallback  stm32h7xx_hal_spi.o
    0x080056c8   0x080056c8   0x00000348   Code   RO         4943    i.HAL_SPI_TransmitReceive  stm32h7xx_hal_spi.o
    0x08005a10   0x08005a10   0x00000002   Code   RO         4948    i.HAL_SPI_TxCpltCallback  stm32h7xx_hal_spi.o
    0x08005a12   0x08005a12   0x00000002   Code   RO         4950    i.HAL_SPI_TxRxCpltCallback  stm32h7xx_hal_spi.o
    0x08005a14   0x08005a14   0x00000010   Code   RO         3395    i.HAL_SYSCFG_AnalogSwitchConfig  stm32h7xx_hal.o
    0x08005a24   0x08005a24   0x00000026   Code   RO         1909    i.HAL_SYSTICK_Config  stm32h7xx_hal_cortex.o
    0x08005a4a   0x08005a4a   0x00000002   Code   RO         1587    i.HAL_TIMEx_Break2Callback  stm32h7xx_hal_tim_ex.o
    0x08005a4c   0x08005a4c   0x00000002   Code   RO         1588    i.HAL_TIMEx_BreakCallback  stm32h7xx_hal_tim_ex.o
    0x08005a4e   0x08005a4e   0x00000002   Code   RO         1589    i.HAL_TIMEx_CommutCallback  stm32h7xx_hal_tim_ex.o
    0x08005a50   0x08005a50   0x000000b8   Code   RO         1610    i.HAL_TIMEx_MasterConfigSynchronization  stm32h7xx_hal_tim_ex.o
    0x08005b08   0x08005b08   0x00000062   Code   RO          873    i.HAL_TIM_Base_Init  stm32h7xx_hal_tim.o
    0x08005b6a   0x08005b6a   0x00000002   Code   RO          875    i.HAL_TIM_Base_MspInit  stm32h7xx_hal_tim.o
    0x08005b6c   0x08005b6c   0x000000a0   Code   RO          878    i.HAL_TIM_Base_Start_IT  stm32h7xx_hal_tim.o
    0x08005c0c   0x08005c0c   0x00000002   Code   RO          907    i.HAL_TIM_IC_CaptureCallback  stm32h7xx_hal_tim.o
    0x08005c0e   0x08005c0e   0x00000148   Code   RO          921    i.HAL_TIM_IRQHandler  stm32h7xx_hal_tim.o
    0x08005d56   0x08005d56   0x00000002   PAD
    0x08005d58   0x08005d58   0x00000050   Code   RO          605    i.HAL_TIM_MspPostInit  tim.o
    0x08005da8   0x08005da8   0x00000002   Code   RO          924    i.HAL_TIM_OC_DelayElapsedCallback  stm32h7xx_hal_tim.o
    0x08005daa   0x08005daa   0x00000124   Code   RO          945    i.HAL_TIM_PWM_ConfigChannel  stm32h7xx_hal_tim.o
    0x08005ece   0x08005ece   0x00000062   Code   RO          948    i.HAL_TIM_PWM_Init  stm32h7xx_hal_tim.o
    0x08005f30   0x08005f30   0x00000028   Code   RO          607    i.HAL_TIM_PWM_MspInit  tim.o
    0x08005f58   0x08005f58   0x00000002   Code   RO          951    i.HAL_TIM_PWM_PulseFinishedCallback  stm32h7xx_hal_tim.o
    0x08005f5a   0x08005f5a   0x0000000e   Code   RO           14    i.HAL_TIM_PeriodElapsedCallback  main.o
    0x08005f68   0x08005f68   0x00000002   Code   RO          964    i.HAL_TIM_TriggerCallback  stm32h7xx_hal_tim.o
    0x08005f6a   0x08005f6a   0x00000040   Code   RO         5671    i.HAL_UARTEx_DisableFifoMode  stm32h7xx_hal_uart_ex.o
    0x08005faa   0x08005faa   0x0000004c   Code   RO         5680    i.HAL_UARTEx_SetRxFifoThreshold  stm32h7xx_hal_uart_ex.o
    0x08005ff6   0x08005ff6   0x0000004c   Code   RO         5681    i.HAL_UARTEx_SetTxFifoThreshold  stm32h7xx_hal_uart_ex.o
    0x08006042   0x08006042   0x0000006a   Code   RO         5280    i.HAL_UART_Init     stm32h7xx_hal_uart.o
    0x080060ac   0x080060ac   0x00000098   Code   RO          654    i.HAL_UART_MspInit  usart.o
    0x08006144   0x08006144   0x000000b0   Code   RO         5289    i.HAL_UART_Transmit  stm32h7xx_hal_uart.o
    0x080061f4   0x080061f4   0x00000034   Code   RO         8234    i.INS_Init          ins_task.o
    0x08006228   0x08006228   0x00000004   Code   RO         8604    i.INS_entry         thread_init.o
    0x0800622c   0x0800622c   0x00000038   Code   RO         8605    i.INS_init          thread_init.o
    0x08006264   0x08006264   0x00000214   Code   RO         8235    i.INS_task          ins_task.o
    0x08006478   0x08006478   0x0000002e   Code   RO         8171    i.LQR_K_calc        vmc_calc.o
    0x080064a6   0x080064a6   0x00000002   PAD
    0x080064a8   0x080064a8   0x0000003c   Code   RO          460    i.MX_DMA_Init       dma.o
    0x080064e4   0x080064e4   0x00000068   Code   RO          489    i.MX_FDCAN1_Init    fdcan.o
    0x0800654c   0x0800654c   0x00000070   Code   RO          490    i.MX_FDCAN2_Init    fdcan.o
    0x080065bc   0x080065bc   0x00000074   Code   RO          491    i.MX_FDCAN3_Init    fdcan.o
    0x08006630   0x08006630   0x00000130   Code   RO          316    i.MX_GPIO_Init      gpio.o
    0x08006760   0x08006760   0x00000064   Code   RO          565    i.MX_SPI2_Init      spi.o
    0x080067c4   0x080067c4   0x00000074   Code   RO          608    i.MX_TIM3_Init      tim.o
    0x08006838   0x08006838   0x00000068   Code   RO          655    i.MX_USART1_UART_Init  usart.o
    0x080068a0   0x080068a0   0x00000002   Code   RO          702    i.NMI_Handler       stm32h7xx_it.o
    0x080068a2   0x080068a2   0x00000002   PAD
    0x080068a4   0x080068a4   0x0000012c   Code   RO         8135    i.PID_Calc          pid.o
    0x080069d0   0x080069d0   0x0000005c   Code   RO         8137    i.PID_init          pid.o
    0x08006a2c   0x08006a2c   0x00000040   Code   RO         8347    i.Pensation_init    chassisr_task.o
    0x08006a6c   0x08006a6c   0x00000044   Code   RO           15    i.PeriphCommonClock_Config  main.o
    0x08006ab0   0x08006ab0   0x00000120   Code   RO         2171    i.RCCEx_PLL2_Config  stm32h7xx_hal_rcc_ex.o
    0x08006bd0   0x08006bd0   0x00000120   Code   RO         2172    i.RCCEx_PLL3_Config  stm32h7xx_hal_rcc_ex.o
    0x08006cf0   0x08006cf0   0x000000ae   Code   RO         8081    i.RotationMatrix_update  mahony_filter.o
    0x08006d9e   0x08006d9e   0x00000002   PAD
    0x08006da0   0x08006da0   0x0000000c   Code   RO          703    i.SPI2_IRQHandler   stm32h7xx_it.o
    0x08006dac   0x08006dac   0x000000bc   Code   RO         4953    i.SPI_CloseTransfer  stm32h7xx_hal_spi.o
    0x08006e68   0x08006e68   0x0000001a   Code   RO         4954    i.SPI_DMAAbortOnError  stm32h7xx_hal_spi.o
    0x08006e82   0x08006e82   0x00000002   PAD
    0x08006e84   0x08006e84   0x00000046   Code   RO         4970    i.SPI_WaitOnFlagUntilTimeout  stm32h7xx_hal_spi.o
    0x08006eca   0x08006eca   0x00000012   Code   RO         7130    i.SysTick_Handler   board.o
    0x08006edc   0x08006edc   0x00000094   Code   RO           16    i.SystemClock_Config  main.o
    0x08006f70   0x08006f70   0x00000140   Code   RO         5790    i.SystemCoreClockUpdate  system_stm32h7xx.o
    0x080070b0   0x080070b0   0x000000d8   Code   RO         5791    i.SystemInit        system_stm32h7xx.o
    0x08007188   0x08007188   0x0000000c   Code   RO          704    i.TIM2_IRQHandler   stm32h7xx_it.o
    0x08007194   0x08007194   0x000000e0   Code   RO          966    i.TIM_Base_SetConfig  stm32h7xx_hal_tim.o
    0x08007274   0x08007274   0x000000a4   Code   RO          979    i.TIM_OC1_SetConfig  stm32h7xx_hal_tim.o
    0x08007318   0x08007318   0x00000098   Code   RO          980    i.TIM_OC2_SetConfig  stm32h7xx_hal_tim.o
    0x080073b0   0x080073b0   0x00000098   Code   RO          981    i.TIM_OC3_SetConfig  stm32h7xx_hal_tim.o
    0x08007448   0x08007448   0x00000078   Code   RO          982    i.TIM_OC4_SetConfig  stm32h7xx_hal_tim.o
    0x080074c0   0x080074c0   0x00000074   Code   RO          983    i.TIM_OC5_SetConfig  stm32h7xx_hal_tim.o
    0x08007534   0x08007534   0x00000074   Code   RO          984    i.TIM_OC6_SetConfig  stm32h7xx_hal_tim.o
    0x080075a8   0x080075a8   0x00000044   Code   RO         5685    i.UARTEx_SetNbDataToProcess  stm32h7xx_hal_uart_ex.o
    0x080075ec   0x080075ec   0x000000c8   Code   RO         5294    i.UART_AdvFeatureConfig  stm32h7xx_hal_uart.o
    0x080076b4   0x080076b4   0x000000aa   Code   RO         5295    i.UART_CheckIdleState  stm32h7xx_hal_uart.o
    0x0800775e   0x0800775e   0x00000002   PAD
    0x08007760   0x08007760   0x00000054   Code   RO         5306    i.UART_EndRxTransfer  stm32h7xx_hal_uart.o
    0x080077b4   0x080077b4   0x000003dc   Code   RO         5312    i.UART_SetConfig    stm32h7xx_hal_uart.o
    0x08007b90   0x08007b90   0x00000094   Code   RO         5319    i.UART_WaitOnFlagUntilTimeout  stm32h7xx_hal_uart.o
    0x08007c24   0x08007c24   0x00000048   Code   RO         7131    i.USART1_IRQHandler  board.o
    0x08007c6c   0x08007c6c   0x00000002   Code   RO          705    i.UsageFault_Handler  stm32h7xx_it.o
    0x08007c6e   0x08007c6e   0x00000002   PAD
    0x08007c70   0x08007c70   0x0000029c   Code   RO         8172    i.VMC_calc_1_left   vmc_calc.o
    0x08007f0c   0x08007f0c   0x00000294   Code   RO         8173    i.VMC_calc_1_right  vmc_calc.o
    0x080081a0   0x080081a0   0x00000156   Code   RO         8174    i.VMC_calc_2        vmc_calc.o
    0x080082f6   0x080082f6   0x00000002   PAD
    0x080082f8   0x080082f8   0x00000030   Code   RO         8175    i.VMC_init          vmc_calc.o
    0x08008328   0x08008328   0x00000026   Code   RO         9104    i.__ARM_fpclassifyf  m_wv.l(fpclassifyf.o)
    0x0800834e   0x0800834e   0x00000022   Code   RO         1911    i.__NVIC_SetPriority  stm32h7xx_hal_cortex.o
    0x08008370   0x08008370   0x00000138   Code   RO         8960    i.__hardfp_asinf    m_wv.l(asinf.o)
    0x080084a8   0x080084a8   0x000002b4   Code   RO         8972    i.__hardfp_atan2f   m_wv.l(atan2f.o)
    0x0800875c   0x0800875c   0x00000066   Code   RO         8984    i.__hardfp_sqrt     m_wv.l(sqrt.o)
    0x080087c2   0x080087c2   0x0000003a   Code   RO         8996    i.__hardfp_sqrtf    m_wv.l(sqrtf.o)
    0x080087fc   0x080087fc   0x00000006   Code   RO         9107    i.__mathlib_flt_infnan  m_wv.l(funder.o)
    0x08008802   0x08008802   0x00000006   Code   RO         9108    i.__mathlib_flt_infnan2  m_wv.l(funder.o)
    0x08008808   0x08008808   0x00000010   Code   RO         9109    i.__mathlib_flt_invalid  m_wv.l(funder.o)
    0x08008818   0x08008818   0x00000010   Code   RO         9112    i.__mathlib_flt_underflow  m_wv.l(funder.o)
    0x08008828   0x08008828   0x00000044   Code   RO         6472    i.__rt_ffs          kservice.o
    0x0800886c   0x0800886c   0x00000080   Code   RO         5921    i._msh_exec_cmd     msh.o
    0x080088ec   0x080088ec   0x00000024   Code   RO         6833    i._scheduler_get_highest_priority_thread  scheduler.o
    0x08008910   0x08008910   0x00000038   Code   RO         6912    i._thread_exit      thread.o
    0x08008948   0x08008948   0x00000074   Code   RO         6913    i._thread_init      thread.o
    0x080089bc   0x080089bc   0x0000002c   Code   RO         6914    i._thread_timeout   thread.o
    0x080089e8   0x080089e8   0x0000001a   Code   RO         7030    i._timer_init       timer.o
    0x08008a02   0x08008a02   0x00000006   Code   RO         7031    i._timer_remove     timer.o
    0x08008a08   0x08008a08   0x00000128   Code   RO         7435    i.bmi088_accel_init  bmi088driver.o
    0x08008b30   0x08008b30   0x000000fc   Code   RO         7436    i.bmi088_gyro_init  bmi088driver.o
    0x08008c2c   0x08008c2c   0x000000e8   Code   RO         6090    i.bus_fault_track   cpuport.o
    0x08008d14   0x08008d14   0x0000005c   Code   RO         7343    i.canx_send_data    can_bsp.o
    0x08008d70   0x08008d70   0x000001e8   Code   RO         8291    i.chassisL_control_loop  chassisl_task.o
    0x08008f58   0x08008f58   0x00000004   Code   RO         8606    i.chassisL_entry    thread_init.o
    0x08008f5c   0x08008f5c   0x0000003c   Code   RO         8292    i.chassisL_feedback_update  chassisl_task.o
    0x08008f98   0x08008f98   0x0000003c   Code   RO         8607    i.chassisL_init     thread_init.o
    0x08008fd4   0x08008fd4   0x00000248   Code   RO         8348    i.chassisR_control_loop  chassisr_task.o
    0x0800921c   0x0800921c   0x00000004   Code   RO         8608    i.chassisR_entry    thread_init.o
    0x08009220   0x08009220   0x00000078   Code   RO         8349    i.chassisR_feedback_update  chassisr_task.o
    0x08009298   0x08009298   0x0000003c   Code   RO         8609    i.chassisR_init     thread_init.o
    0x080092d4   0x080092d4   0x00000014   Code   RO         5835    i.clear             cmd.o
    0x080092e8   0x080092e8   0x000000ec   Code   RO         5836    i.cmd_list          cmd.o
    0x080093d4   0x080093d4   0x00000028   Code   RO           17    i.ctrl2_test        main.o
    0x080093fc   0x080093fc   0x00000092   Code   RO         7576    i.dm4310_fbdata     dm4310_drv.o
    0x0800948e   0x0800948e   0x00000002   PAD
    0x08009490   0x08009490   0x0000009c   Code   RO         7577    i.dm6215_fbdata     dm4310_drv.o
    0x0800952c   0x0800952c   0x00000034   Code   RO         7578    i.enable_motor_mode  dm4310_drv.o
    0x08009560   0x08009560   0x00000006   Code   RO         7437    i.fabsf             bmi088driver.o
    0x08009566   0x08009566   0x00000002   PAD
    0x08009568   0x08009568   0x0000004c   Code   RO         6000    i.finsh_get_prompt  shell.o
    0x080095b4   0x080095b4   0x00000018   Code   RO         6005    i.finsh_set_prompt_mode  shell.o
    0x080095cc   0x080095cc   0x0000000c   Code   RO         6006    i.finsh_system_function_init  shell.o
    0x080095d8   0x080095d8   0x00000094   Code   RO         6007    i.finsh_system_init  shell.o
    0x0800966c   0x0800966c   0x00000300   Code   RO         6008    i.finsh_thread_entry  shell.o
    0x0800996c   0x0800996c   0x00000028   Code   RO         7579    i.float_to_uint     dm4310_drv.o
    0x08009994   0x08009994   0x00000058   Code   RO         8176    i.ground_detectionL  vmc_calc.o
    0x080099ec   0x080099ec   0x00000058   Code   RO         8177    i.ground_detectionR  vmc_calc.o
    0x08009a44   0x08009a44   0x00000078   Code   RO         6091    i.hard_fault_track  cpuport.o
    0x08009abc   0x08009abc   0x00000006   Code   RO         7580    i.joint_motor_init  dm4310_drv.o
    0x08009ac2   0x08009ac2   0x00000002   PAD
    0x08009ac4   0x08009ac4   0x0000011c   Code   RO         8293    i.jump_loop_l       chassisl_task.o
    0x08009be0   0x08009be0   0x000001a8   Code   RO         8350    i.jump_loop_r       chassisr_task.o
    0x08009d88   0x08009d88   0x00000024   Code   RO         5837    i.list_find_init    cmd.o
    0x08009dac   0x08009dac   0x00000066   Code   RO         5838    i.list_get_next     cmd.o
    0x08009e12   0x08009e12   0x00000002   PAD
    0x08009e14   0x08009e14   0x00000144   Code   RO         5839    i.list_sem          cmd.o
    0x08009f58   0x08009f58   0x000001bc   Code   RO         5840    i.list_thread       cmd.o
    0x0800a114   0x0800a114   0x00000184   Code   RO         5841    i.list_timer        cmd.o
    0x0800a298   0x0800a298   0x00000030   Code   RO         8082    i.mahony_init       mahony_filter.o
    0x0800a2c8   0x0800a2c8   0x00000008   Code   RO         8083    i.mahony_input      mahony_filter.o
    0x0800a2d0   0x0800a2d0   0x00000036   Code   RO         8084    i.mahony_output     mahony_filter.o
    0x0800a306   0x0800a306   0x0000019a   Code   RO         8085    i.mahony_update     mahony_filter.o
    0x0800a4a0   0x0800a4a0   0x00000058   Code   RO           18    i.main              main.o
    0x0800a4f8   0x0800a4f8   0x0000000e   Code   RO         6265    i.main_thread_entry  components.o
    0x0800a506   0x0800a506   0x00000002   PAD
    0x0800a508   0x0800a508   0x000000d8   Code   RO         6092    i.mem_manage_fault_track  cpuport.o
    0x0800a5e0   0x0800a5e0   0x000000c4   Code   RO         7581    i.mit_ctrl          dm4310_drv.o
    0x0800a6a4   0x0800a6a4   0x000000cc   Code   RO         7582    i.mit_ctrl2         dm4310_drv.o
    0x0800a770   0x0800a770   0x00000094   Code   RO         5922    i.msh_auto_complete  msh.o
    0x0800a804   0x0800a804   0x00000064   Code   RO         5923    i.msh_exec          msh.o
    0x0800a868   0x0800a868   0x00000060   Code   RO         5924    i.msh_help          msh.o
    0x0800a8c8   0x0800a8c8   0x000000d0   Code   RO         5925    i.msh_split         msh.o
    0x0800a998   0x0800a998   0x00000024   Code   RO         8351    i.mySaturate        chassisr_task.o
    0x0800a9bc   0x0800a9bc   0x00000018   Code   RO         5842    i.object_split      cmd.o
    0x0800a9d4   0x0800a9d4   0x0000005c   Code   RO         6702    i.plug_holes        mem.o
    0x0800aa30   0x0800aa30   0x00000134   Code   RO         6474    i.print_number      kservice.o
    0x0800ab64   0x0800ab64   0x00000004   Code   RO         7132    i.reboot            board.o
    0x0800ab68   0x0800ab68   0x0000001c   Code   RO         8352    i.roll_pid_init     chassisr_task.o
    0x0800ab84   0x0800ab84   0x0000002c   Code   RO         6266    i.rt_application_init  components.o
    0x0800abb0   0x0800abb0   0x0000001a   Code   RO         6475    i.rt_calloc         kservice.o
    0x0800abca   0x0800abca   0x00000002   PAD
    0x0800abcc   0x0800abcc   0x0000001c   Code   RO         6267    i.rt_components_board_init  components.o
    0x0800abe8   0x0800abe8   0x0000001c   Code   RO         6268    i.rt_components_init  components.o
    0x0800ac04   0x0800ac04   0x0000001c   Code   RO         6835    i.rt_enter_critical  scheduler.o
    0x0800ac20   0x0800ac20   0x00000038   Code   RO         6836    i.rt_exit_critical  scheduler.o
    0x0800ac58   0x0800ac58   0x0000001a   Code   RO         6476    i.rt_free           kservice.o
    0x0800ac72   0x0800ac72   0x00000002   PAD
    0x0800ac74   0x0800ac74   0x00000008   Code   RO         7133    i.rt_heap_begin_get  board.o
    0x0800ac7c   0x0800ac7c   0x00000008   Code   RO         7134    i.rt_heap_end_get   board.o
    0x0800ac84   0x0800ac84   0x00000038   Code   RO         7135    i.rt_hw_board_init  board.o
    0x0800acbc   0x0800acbc   0x0000002c   Code   RO         7136    i.rt_hw_console_getchar  board.o
    0x0800ace8   0x0800ace8   0x00000048   Code   RO         7137    i.rt_hw_console_output  board.o
    0x0800ad30   0x0800ad30   0x00000010   Code   RO         6093    i.rt_hw_cpu_reset   cpuport.o
    0x0800ad40   0x0800ad40   0x00000214   Code   RO         6096    i.rt_hw_hard_fault_exception  cpuport.o
    0x0800af54   0x0800af54   0x00000038   Code   RO         6097    i.rt_hw_stack_init  cpuport.o
    0x0800af8c   0x0800af8c   0x0000001c   Code   RO         6445    i.rt_interrupt_enter  irq.o
    0x0800afa8   0x0800afa8   0x0000001c   Code   RO         6447    i.rt_interrupt_leave  irq.o
    0x0800afc4   0x0800afc4   0x0000002c   Code   RO         6481    i.rt_kprintf        kservice.o
    0x0800aff0   0x0800aff0   0x0000000e   Code   RO         6755    i.rt_list_insert_after  object.o
    0x0800affe   0x0800affe   0x0000000e   Code   RO         7032    i.rt_list_insert_after  timer.o
    0x0800b00c   0x0800b00c   0x0000000e   Code   RO         6379    i.rt_list_insert_before  ipc.o
    0x0800b01a   0x0800b01a   0x00000012   Code   RO         5843    i.rt_list_len       cmd.o
    0x0800b02c   0x0800b02c   0x00000012   Code   RO         6756    i.rt_list_remove    object.o
    0x0800b03e   0x0800b03e   0x00000012   Code   RO         6915    i.rt_list_remove    thread.o
    0x0800b050   0x0800b050   0x00000012   Code   RO         7033    i.rt_list_remove    timer.o
    0x0800b062   0x0800b062   0x00000002   PAD
    0x0800b064   0x0800b064   0x00000020   Code   RO         6483    i.rt_malloc         kservice.o
    0x0800b084   0x0800b084   0x0000004a   Code   RO         6486    i.rt_memcpy         kservice.o
    0x0800b0ce   0x0800b0ce   0x00000002   PAD
    0x0800b0d0   0x0800b0d0   0x00000032   Code   RO         6487    i.rt_memmove        kservice.o
    0x0800b102   0x0800b102   0x00000042   Code   RO         6489    i.rt_memset         kservice.o
    0x0800b144   0x0800b144   0x00000050   Code   RO         6757    i.rt_object_allocate  object.o
    0x0800b194   0x0800b194   0x00000026   Code   RO         6758    i.rt_object_delete  object.o
    0x0800b1ba   0x0800b1ba   0x00000020   Code   RO         6759    i.rt_object_detach  object.o
    0x0800b1da   0x0800b1da   0x00000002   PAD
    0x0800b1dc   0x0800b1dc   0x00000024   Code   RO         6761    i.rt_object_get_information  object.o
    0x0800b200   0x0800b200   0x00000050   Code   RO         6765    i.rt_object_init    object.o
    0x0800b250   0x0800b250   0x0000000e   Code   RO         6766    i.rt_object_is_systemobject  object.o
    0x0800b25e   0x0800b25e   0x0000003a   Code   RO         7138    i.rt_ringbuffer_data_len  board.o
    0x0800b298   0x0800b298   0x00000046   Code   RO         7139    i.rt_ringbuffer_getchar  board.o
    0x0800b2de   0x0800b2de   0x00000026   Code   RO         7140    i.rt_ringbuffer_init  board.o
    0x0800b304   0x0800b304   0x0000004a   Code   RO         7141    i.rt_ringbuffer_putchar  board.o
    0x0800b34e   0x0800b34e   0x00000002   PAD
    0x0800b350   0x0800b350   0x000000b8   Code   RO         6837    i.rt_schedule       scheduler.o
    0x0800b408   0x0800b408   0x00000074   Code   RO         6838    i.rt_schedule_insert_thread  scheduler.o
    0x0800b47c   0x0800b47c   0x00000048   Code   RO         6839    i.rt_schedule_remove_thread  scheduler.o
    0x0800b4c4   0x0800b4c4   0x00000024   Code   RO         6384    i.rt_sem_init       ipc.o
    0x0800b4e8   0x0800b4e8   0x0000004a   Code   RO         6385    i.rt_sem_release    ipc.o
    0x0800b532   0x0800b532   0x00000002   PAD
    0x0800b534   0x0800b534   0x000000ae   Code   RO         6386    i.rt_sem_take       ipc.o
    0x0800b5e2   0x0800b5e2   0x00000002   PAD
    0x0800b5e4   0x0800b5e4   0x000000c4   Code   RO         6492    i.rt_show_version   kservice.o
    0x0800b6a8   0x0800b6a8   0x000000b8   Code   RO         6703    i.rt_smem_alloc     mem.o
    0x0800b760   0x0800b760   0x00000032   Code   RO         6705    i.rt_smem_free      mem.o
    0x0800b792   0x0800b792   0x00000002   PAD
    0x0800b794   0x0800b794   0x000000d0   Code   RO         6706    i.rt_smem_init      mem.o
    0x0800b864   0x0800b864   0x00000012   Code   RO         6494    i.rt_sprintf        kservice.o
    0x0800b876   0x0800b876   0x00000002   PAD
    0x0800b878   0x0800b878   0x0000001c   Code   RO         6499    i.rt_strerror       kservice.o
    0x0800b894   0x0800b894   0x00000010   Code   RO         6500    i.rt_strlen         kservice.o
    0x0800b8a4   0x0800b8a4   0x00000026   Code   RO         6502    i.rt_strncpy        kservice.o
    0x0800b8ca   0x0800b8ca   0x00000002   PAD
    0x0800b8cc   0x0800b8cc   0x00000028   Code   RO         6505    i.rt_system_heap_init  kservice.o
    0x0800b8f4   0x0800b8f4   0x00000028   Code   RO         6840    i.rt_system_scheduler_init  scheduler.o
    0x0800b91c   0x0800b91c   0x00000028   Code   RO         6841    i.rt_system_scheduler_start  scheduler.o
    0x0800b944   0x0800b944   0x0000000c   Code   RO         7034    i.rt_system_timer_init  timer.o
    0x0800b950   0x0800b950   0x00000002   Code   RO         7035    i.rt_system_timer_thread_init  timer.o
    0x0800b952   0x0800b952   0x00000048   Code   RO         6917    i.rt_thread_create  thread.o
    0x0800b99a   0x0800b99a   0x00000002   PAD
    0x0800b99c   0x0800b99c   0x00000030   Code   RO         6337    i.rt_thread_defunct_dequeue  idle.o
    0x0800b9cc   0x0800b9cc   0x00000018   Code   RO         6338    i.rt_thread_defunct_enqueue  idle.o
    0x0800b9e4   0x0800b9e4   0x00000032   Code   RO         6339    i.rt_thread_idle_entry  idle.o
    0x0800ba16   0x0800ba16   0x00000002   PAD
    0x0800ba18   0x0800ba18   0x00000044   Code   RO         6341    i.rt_thread_idle_init  idle.o
    0x0800ba5c   0x0800ba5c   0x00000030   Code   RO         6923    i.rt_thread_init    thread.o
    0x0800ba8c   0x0800ba8c   0x0000000e   Code   RO         6924    i.rt_thread_mdelay  thread.o
    0x0800ba9a   0x0800ba9a   0x0000003c   Code   RO         6925    i.rt_thread_resume  thread.o
    0x0800bad6   0x0800bad6   0x00000002   PAD
    0x0800bad8   0x0800bad8   0x0000000c   Code   RO         6926    i.rt_thread_self    thread.o
    0x0800bae4   0x0800bae4   0x00000044   Code   RO         6927    i.rt_thread_sleep   thread.o
    0x0800bb28   0x0800bb28   0x00000028   Code   RO         6928    i.rt_thread_startup  thread.o
    0x0800bb50   0x0800bb50   0x00000046   Code   RO         6929    i.rt_thread_suspend  thread.o
    0x0800bb96   0x0800bb96   0x00000034   Code   RO         6226    i.rt_tick_from_millisecond  clock.o
    0x0800bbca   0x0800bbca   0x00000002   PAD
    0x0800bbcc   0x0800bbcc   0x0000000c   Code   RO         6227    i.rt_tick_get       clock.o
    0x0800bbd8   0x0800bbd8   0x0000004c   Code   RO         6229    i.rt_tick_increase  clock.o
    0x0800bc24   0x0800bc24   0x0000008c   Code   RO         7036    i.rt_timer_check    timer.o
    0x0800bcb0   0x0800bcb0   0x0000004c   Code   RO         7037    i.rt_timer_control  timer.o
    0x0800bcfc   0x0800bcfc   0x00000028   Code   RO         7040    i.rt_timer_detach   timer.o
    0x0800bd24   0x0800bd24   0x00000028   Code   RO         7041    i.rt_timer_init     timer.o
    0x0800bd4c   0x0800bd4c   0x00000084   Code   RO         7043    i.rt_timer_start    timer.o
    0x0800bdd0   0x0800bdd0   0x0000002e   Code   RO         7044    i.rt_timer_stop     timer.o
    0x0800bdfe   0x0800bdfe   0x00000002   PAD
    0x0800be00   0x0800be00   0x0000028c   Code   RO         6506    i.rt_vsnprintf      kservice.o
    0x0800c08c   0x0800c08c   0x00000010   Code   RO         6507    i.rt_vsprintf       kservice.o
    0x0800c09c   0x0800c09c   0x00000004   Code   RO         6269    i.rti_board_end     components.o
    0x0800c0a0   0x0800c0a0   0x00000004   Code   RO         6270    i.rti_board_start   components.o
    0x0800c0a4   0x0800c0a4   0x00000004   Code   RO         6271    i.rti_end           components.o
    0x0800c0a8   0x0800c0a8   0x00000004   Code   RO         6272    i.rti_start         components.o
    0x0800c0ac   0x0800c0ac   0x0000002a   Code   RO         6273    i.rtthread_startup  components.o
    0x0800c0d6   0x0800c0d6   0x00000002   PAD
    0x0800c0d8   0x0800c0d8   0x0000002c   Code   RO         6009    i.shell_handle_history  shell.o
    0x0800c104   0x0800c104   0x000000b4   Code   RO         6010    i.shell_push_history  shell.o
    0x0800c1b8   0x0800c1b8   0x00000028   Code   RO         6508    i.skip_atoi         kservice.o
    0x0800c1e0   0x0800c1e0   0x0000003e   Code   RO         8998    i.sqrtf             m_wv.l(sqrtf.o)
    0x0800c21e   0x0800c21e   0x00000002   PAD
    0x0800c220   0x0800c220   0x00000010   Code   RO         8478    i.start             ps2_task.o
    0x0800c230   0x0800c230   0x00000010   Code   RO         8479    i.stop              ps2_task.o
    0x0800c240   0x0800c240   0x00000012   Code   RO         8612    i.thread_init       thread_init.o
    0x0800c252   0x0800c252   0x00000002   PAD
    0x0800c254   0x0800c254   0x00000078   Code   RO         7142    i.uart_init         board.o
    0x0800c2cc   0x0800c2cc   0x00000028   Code   RO         7585    i.uint_to_float     dm4310_drv.o
    0x0800c2f4   0x0800c2f4   0x000000d0   Code   RO         6098    i.usage_fault_track  cpuport.o
    0x0800c3c4   0x0800c3c4   0x0000000a   Code   RO         5844    i.version           cmd.o
    0x0800c3ce   0x0800c3ce   0x00000006   Code   RO         7586    i.wheel_motor_init  dm4310_drv.o
    0x0800c3d4   0x0800c3d4   0x0000000a   Code   RO         9164    x$fpl$fpinit        fz_wv.l(fpinit.o)
    0x0800c3de   0x0800c3de   0x00000000   Code   RO         9103    x$fpl$usenofp       fz_wv.l(usenofp.o)
    0x0800c3de   0x0800c3de   0x00000008   Data   RO         2680    .constdata          stm32h7xx_hal_dma.o
    0x0800c3e6   0x0800c3e6   0x00000002   PAD
    0x0800c3e8   0x0800c3e8   0x0000005c   Data   RO         4404    .constdata          stm32h7xx_hal_fdcan.o
    0x0800c444   0x0800c444   0x00000018   Data   RO         5320    .constdata          stm32h7xx_hal_uart.o
    0x0800c45c   0x0800c45c   0x00000010   Data   RO         5686    .constdata          stm32h7xx_hal_uart_ex.o
    0x0800c46c   0x0800c46c   0x00000010   Data   RO         5792    .constdata          system_stm32h7xx.o
    0x0800c47c   0x0800c47c   0x00000122   Data   RO         6510    .constdata          kservice.o
    0x0800c59e   0x0800c59e   0x00000002   PAD
    0x0800c5a0   0x0800c5a0   0x0000000c   Data   RO         8295    .constdata          chassisl_task.o
    0x0800c5ac   0x0800c5ac   0x00000030   Data   RO         8354    .constdata          chassisr_task.o
    0x0800c5dc   0x0800c5dc   0x00000044   Data   RO         5845    .conststring        cmd.o
    0x0800c620   0x0800c620   0x00000058   Data   RO         6511    .conststring        kservice.o
    0x0800c678   0x0800c678   0x0000000b   Data   RO           20    .rodata.name        main.o
    0x0800c683   0x0800c683   0x0000000b   Data   RO           21    .rodata.name        main.o
    0x0800c68e   0x0800c68e   0x00000006   Data   RO         5846    .rodata.name        cmd.o
    0x0800c694   0x0800c694   0x0000001a   Data   RO         5847    .rodata.name        cmd.o
    0x0800c6ae   0x0800c6ae   0x00000008   Data   RO         5848    .rodata.name        cmd.o
    0x0800c6b6   0x0800c6b6   0x00000023   Data   RO         5849    .rodata.name        cmd.o
    0x0800c6d9   0x0800c6d9   0x0000000c   Data   RO         5850    .rodata.name        cmd.o
    0x0800c6e5   0x0800c6e5   0x0000000c   Data   RO         5851    .rodata.name        cmd.o
    0x0800c6f1   0x0800c6f1   0x00000009   Data   RO         5852    .rodata.name        cmd.o
    0x0800c6fa   0x0800c6fa   0x00000019   Data   RO         5853    .rodata.name        cmd.o
    0x0800c713   0x0800c713   0x0000000b   Data   RO         5854    .rodata.name        cmd.o
    0x0800c71e   0x0800c71e   0x00000015   Data   RO         5855    .rodata.name        cmd.o
    0x0800c733   0x0800c733   0x00000005   Data   RO         5856    .rodata.name        cmd.o
    0x0800c738   0x0800c738   0x0000000d   Data   RO         5857    .rodata.name        cmd.o
    0x0800c745   0x0800c745   0x00000005   Data   RO         5926    .rodata.name        msh.o
    0x0800c74a   0x0800c74a   0x00000016   Data   RO         5927    .rodata.name        msh.o
    0x0800c760   0x0800c760   0x00000007   Data   RO         7144    .rodata.name        board.o
    0x0800c767   0x0800c767   0x0000000e   Data   RO         7145    .rodata.name        board.o
    0x0800c775   0x0800c775   0x00000006   Data   RO         8484    .rodata.name        ps2_task.o
    0x0800c77b   0x0800c77b   0x0000000d   Data   RO         8485    .rodata.name        ps2_task.o
    0x0800c788   0x0800c788   0x00000005   Data   RO         8486    .rodata.name        ps2_task.o
    0x0800c78d   0x0800c78d   0x0000000d   Data   RO         8487    .rodata.name        ps2_task.o
    0x0800c79a   0x0800c79a   0x0000000c   Data   RO         8614    .rodata.name        thread_init.o
    0x0800c7a6   0x0800c7a6   0x0000000c   Data   RO         8615    .rodata.name        thread_init.o
    0x0800c7b2   0x0800c7b2   0x00000002   PAD
    0x0800c7b4   0x0800c7b4   0x00000804   Data   RO         8852    .rodata.sinTable_f32  arm_cortexM7lfdp_math.lib(arm_common_tables.o)
    0x0800cfb8   0x0800cfb8   0x00000004   Data   RO         6274    .rti_fn.0           components.o
    0x0800cfbc   0x0800cfbc   0x00000004   Data   RO         6275    .rti_fn.0.end       components.o
    0x0800cfc0   0x0800cfc0   0x00000004   Data   RO         7146    .rti_fn.1           board.o
    0x0800cfc4   0x0800cfc4   0x00000004   Data   RO         6276    .rti_fn.1.end       components.o
    0x0800cfc8   0x0800cfc8   0x00000004   Data   RO         6013    .rti_fn.6           shell.o
    0x0800cfcc   0x0800cfcc   0x00000004   Data   RO         6277    .rti_fn.6.end       components.o
    0x0800cfd0   0x0800cfd0   0x0000000c   Data   RO           22    FSymTab             main.o
    0x0800cfdc   0x0800cfdc   0x00000048   Data   RO         5858    FSymTab             cmd.o
    0x0800d024   0x0800d024   0x0000000c   Data   RO         5928    FSymTab             msh.o
    0x0800d030   0x0800d030   0x0000000c   Data   RO         7147    FSymTab             board.o
    0x0800d03c   0x0800d03c   0x00000018   Data   RO         8488    FSymTab             ps2_task.o
    0x0800d054   0x0800d054   0x0000000c   Data   RO         8616    FSymTab             thread_init.o
    0x0800d060   0x0800d060   0x00000030   Data   RO         9255    Region$$Table       anon$$obj.o


    Execution Region RW_IRAM1 (Exec base: 0x20000000, Load base: 0x0800d090, Size: 0x00003cd0, Max: 0x00020000, ABSOLUTE)

    Exec Addr    Load Addr    Size         Type   Attr      Idx    E Section Name        Object

    0x20000000        -       0x00003cd0   Zero   RW         7143    .bss                board.o


    Execution Region RW_IRAM2 (Exec base: 0x24000000, Load base: 0x0800d090, Size: 0x00001c18, Max: 0x00020000, ABSOLUTE, COMPRESSED[0x00000194])

    Exec Addr    Load Addr    Size         Type   Attr      Idx    E Section Name        Object

    0x24000000   COMPRESSED   0x00000004   Data   RW          493    .data               fdcan.o
    0x24000004   COMPRESSED   0x0000000c   Data   RW         3412    .data               stm32h7xx_hal.o
    0x24000010   COMPRESSED   0x00000008   Data   RW         5793    .data               system_stm32h7xx.o
    0x24000018   COMPRESSED   0x00000010   Data   RW         6012    .data               shell.o
    0x24000028   COMPRESSED   0x00000004   Data   RW         6099    .data               cpuport.o
    0x2400002c   COMPRESSED   0x00000004   Data   RW         6100    .data               cpuport.o
    0x24000030   COMPRESSED   0x00000004   Data   RW         6101    .data               cpuport.o
    0x24000034   COMPRESSED   0x00000004   Data   RW         6102    .data               cpuport.o
    0x24000038   COMPRESSED   0x00000004   Data   RW         6231    .data               clock.o
    0x2400003c   COMPRESSED   0x00000008   Data   RW         6343    .data               idle.o
    0x24000044   COMPRESSED   0x00000001   Data   RW         6448    .data               irq.o
    0x24000045   COMPRESSED   0x00000003   PAD
    0x24000048   COMPRESSED   0x00000038   Data   RW         6512    .data               kservice.o
    0x24000080   COMPRESSED   0x00000040   Data   RW         6767    .data               object.o
    0x240000c0   COMPRESSED   0x0000000c   Data   RW         6843    .data               scheduler.o
    0x240000cc   COMPRESSED   0x0000000c   Data   RW         7045    .data               timer.o
    0x240000d8   COMPRESSED   0x00000040   Data   RW         7240    .data               bsp_dwt.o
    0x24000118   COMPRESSED   0x00000048   Data   RW         7439    .data               bmi088driver.o
    0x24000160   COMPRESSED   0x00000004   Data   RW         7524    .data               bmi088middleware.o
    0x24000164   COMPRESSED   0x00000010   Data   RW         8178    .data               vmc_calc.o
    0x24000174   COMPRESSED   0x00000018   Data   RW         8237    .data               ins_task.o
    0x2400018c   COMPRESSED   0x00000038   Data   RW         8296    .data               chassisl_task.o
    0x240001c4   COMPRESSED   0x000000f8   Data   RW         8355    .data               chassisr_task.o
    0x240002bc   COMPRESSED   0x00000010   Data   RW         8613    .data               thread_init.o
    0x240002cc        -       0x000001e0   Zero   RW          492    .bss                fdcan.o
    0x240004ac        -       0x00000178   Zero   RW          566    .bss                spi.o
    0x24000624        -       0x0000004c   Zero   RW          609    .bss                tim.o
    0x24000670        -       0x00000094   Zero   RW          656    .bss                usart.o
    0x24000704        -       0x0000004c   Zero   RW          835    .bss                stm32h7xx_hal_timebase_tim.o
    0x24000750        -       0x00000081   Zero   RW         6011    .bss                shell.o
    0x240007d1   COMPRESSED   0x00000003   PAD
    0x240007d4        -       0x00000178   Zero   RW         6342    .bss                idle.o
    0x2400094c        -       0x00000080   Zero   RW         6509    .bss                kservice.o
    0x240009cc        -       0x00000100   Zero   RW         6842    .bss                scheduler.o
    0x24000acc        -       0x000000d0   Zero   RW         7344    .bss                can_bsp.o
    0x24000b9c        -       0x0000004c   Zero   RW         7438    .bss                bmi088driver.o
    0x24000be8        -       0x00000130   Zero   RW         8236    .bss                ins_task.o
    0x24000d18        -       0x000000f4   Zero   RW         8294    .bss                chassisl_task.o
    0x24000e0c        -       0x000003ac   Zero   RW         8353    .bss                chassisr_task.o
    0x240011b8        -       0x00000060   Zero   RW         9123    .bss                c_w.l(libspace.o)
    0x24001218        -       0x00000200   Zero   RW            2    HEAP                startup_stm32h723xx.o
    0x24001418        -       0x00000800   Zero   RW            1    STACK               startup_stm32h723xx.o


==============================================================================

Image component sizes


      Code (inc. data)   RO Data    RW Data    ZI Data      Debug   Object Name

      2564        132          0         72         76      16428   bmi088driver.o
       100         30          0          4          0       3424   bmi088middleware.o
       642         44         37          0      15568      11216   board.o
       452         68          0         64          0       4802   bsp_dwt.o
       500         36          0          0        208      10000   can_bsp.o
      1308         98         12         56        244       5256   chassisl_task.o
      1740        128         48        248        940       7461   chassisr_task.o
       140         12          0          4          0       2896   clock.o
      1602        662        323          0          0      13828   cmd.o
       182         28         16          0          0       7150   components.o
       316         28          0          0          0        928   context_rvds.o
      1380        740          0         16          0       8008   cpuport.o
       846         34          0          0          0       7809   dm4310_drv.o
        60          4          0          0          0        938   dma.o
       648         58          0          4        480       3577   fdcan.o
       304         16          0          0          0    1233168   gpio.o
       190         26          0          8        376       6666   idle.o
      1004         62          0         24        304       4982   ins_task.o
       298          0          0          0          0       7289   ipc.o
        56         12          0          1          0       2198   irq.o
      1738        200        378         56        128      18938   kservice.o
       694         16          0          0          0       4773   mahony_filter.o
       362         20         34          0          0    1145365   main.o
       534         68          0          0          0       5182   mem.o
       680        134         39          0          0       7462   msh.o
       312          6          0         64          0       7348   object.o
       392         10          0          0          0       2122   pid.o
        32         12         61          0          0       3387   ps2_task.o
       572         60          0         12        256      10392   scheduler.o
      1252        142          4         16        129       8536   shell.o
       404         36          0          0        376       2211   spi.o
        72         30        716          0       2560        900   startup_stm32h723xx.o
       172         36          0         12          0      23834   stm32h7xx_hal.o
       198         12          0          0          0      39711   stm32h7xx_hal_cortex.o
      3904        148          8          0          0       8947   stm32h7xx_hal_dma.o
      2850         50         92          0          0      22372   stm32h7xx_hal_fdcan.o
       550         44          0          0          0       2376   stm32h7xx_hal_gpio.o
        28          6          0          0          0        974   stm32h7xx_hal_msp.o
        84          6          0          0          0        805   stm32h7xx_hal_pwr_ex.o
      2466        110          0          0          0       7993   stm32h7xx_hal_rcc.o
      3622        112          0          0          0       7945   stm32h7xx_hal_rcc_ex.o
      2062         30          0          0          0      10881   stm32h7xx_hal_spi.o
      2030        236          0          0          0      14335   stm32h7xx_hal_tim.o
       190         38          0          0          0       3364   stm32h7xx_hal_tim_ex.o
       140         18          0          0         76       1659   stm32h7xx_hal_timebase_tim.o
      1872        122         24          0          0      27074   stm32h7xx_hal_uart.o
       284          6         16          0          0       3909   stm32h7xx_hal_uart_ex.o
        92         42          0          0          0      12387   stm32h7xx_it.o
       564         78         16          8          0       3081   system_stm32h7xx.o
       618         28          0          0          0      12489   thread.o
       206         56         36         16          0       4590   thread_init.o
       236         32          0          0         76       2519   tim.o
       552         18          0         12          0      12976   timer.o
       256         24          0          0        148       2014   usart.o
      1940         42          0         16          0       5530   vmc_calc.o

    ----------------------------------------------------------------------
     46374       4246       1914        716      21948    2806405   Object Totals
         0          0         48          0          0          0   (incl. Generated)
        82          0          6          3          3          0   (incl. Padding)

    ----------------------------------------------------------------------

      Code (inc. data)   RO Data    RW Data    ZI Data      Debug   Library Member Name

         0          0       2052          0          0       4961   arm_common_tables.o
       144         12          0          0          0       1111   arm_cos_f32.o
       140         12          0          0          0       1098   arm_sin_f32.o
        90          0          0          0          0          0   __dczerorl2.o
         8          0          0          0          0         68   __main.o
         0          0          0          0          0          0   __rtentry.o
        12          0          0          0          0          0   __rtentry2.o
         6          0          0          0          0          0   __rtentry4.o
        52          8          0          0          0          0   __scatter.o
        28          0          0          0          0          0   __scatter_zi.o
        22          0          0          0          0        100   _rserrno.o
        18          0          0          0          0         80   exit.o
         6          0          0          0          0        152   heapauxi.o
         0          0          0          0          0          0   indicate_semi.o
         2          0          0          0          0          0   libinit.o
         6          0          0          0          0          0   libinit2.o
         2          0          0          0          0          0   libshutdown.o
         2          0          0          0          0          0   libshutdown2.o
         8          4          0          0         96         68   libspace.o
       238          0          0          0          0        100   lludivv7m.o
        88          0          0          0          0         76   memcmp.o
         8          4          0          0          0         68   rt_errno_addr_intlibspace.o
        68          0          0          0          0         68   rt_memclr.o
        78          0          0          0          0         80   rt_memclr_w.o
       100          0          0          0          0         80   rt_memcpy_w.o
         2          0          0          0          0          0   rtexit.o
        10          0          0          0          0          0   rtexit2.o
        24          0          0          0          0         68   strcat.o
       104          0          0          0          0         68   strcmpv7m_pel.o
        72          0          0          0          0         80   strcpy.o
        62          0          0          0          0         76   strlen.o
       150          0          0          0          0         80   strncmp.o
        86          0          0          0          0         76   strncpy.o
        12          4          0          0          0         68   sys_exit.o
        74          0          0          0          0         80   sys_stackheap_outer.o
         2          0          0          0          0         68   use_no_semi.o
        10          0          0          0          0        116   fpinit.o
         0          0          0          0          0          0   usenofp.o
       312         54          0          0          0        176   asinf.o
       692         98          0          0          0        208   atan2f.o
        38          0          0          0          0        116   fpclassifyf.o
        44         12          0          0          0        464   funder.o
       102          0          0          0          0        140   sqrt.o
       120          0          0          0          0        272   sqrtf.o

    ----------------------------------------------------------------------
      3052        208       2052          0         96      10266   Library Totals
        10          0          0          0          0          0   (incl. Padding)

    ----------------------------------------------------------------------

      Code (inc. data)   RO Data    RW Data    ZI Data      Debug   Library Name

       284         24       2052          0          0       7170   arm_cortexM7lfdp_math.lib
      1440         20          0          0         96       1604   c_w.l
        10          0          0          0          0        116   fz_wv.l
      1308        164          0          0          0       1376   m_wv.l

    ----------------------------------------------------------------------
      3052        208       2052          0         96      10266   Library Totals

    ----------------------------------------------------------------------

==============================================================================


      Code (inc. data)   RO Data    RW Data    ZI Data      Debug   

     49426       4454       3966        716      22044    2783023   Grand Totals
     49426       4454       3966        404      22044    2783023   ELF Image Totals (compressed)
     49426       4454       3966        404          0          0   ROM Totals

==============================================================================

    Total RO  Size (Code + RO Data)                53392 (  52.14kB)
    Total RW  Size (RW Data + ZI Data)             22760 (  22.23kB)
    Total ROM Size (Code + RO Data + RW Data)      53796 (  52.54kB)

==============================================================================

