Component: ARM Compiler 5.06 update 7 (build 960) Tool: armlink [4d3601]

==============================================================================

Section Cross References

    startup_stm32h723xx.o(STACK) refers (Special) to heapauxi.o(.text) for __use_two_region_memory
    startup_stm32h723xx.o(HEAP) refers (Special) to heapauxi.o(.text) for __use_two_region_memory
    startup_stm32h723xx.o(RESET) refers (Special) to heapauxi.o(.text) for __use_two_region_memory
    startup_stm32h723xx.o(RESET) refers to startup_stm32h723xx.o(STACK) for __initial_sp
    startup_stm32h723xx.o(RESET) refers to startup_stm32h723xx.o(.text) for Reset_Handler
    startup_stm32h723xx.o(RESET) refers to stm32h7xx_it.o(i.NMI_Handler) for NMI_Handler
    startup_stm32h723xx.o(RESET) refers to context_rvds.o(.text) for HardFault_Handler
    startup_stm32h723xx.o(RESET) refers to stm32h7xx_it.o(i.BusFault_Handler) for BusFault_Handler
    startup_stm32h723xx.o(RESET) refers to stm32h7xx_it.o(i.UsageFault_Handler) for UsageFault_Handler
    startup_stm32h723xx.o(RESET) refers to stm32h7xx_it.o(i.DebugMon_Handler) for DebugMon_Handler
    startup_stm32h723xx.o(RESET) refers to board.o(i.SysTick_Handler) for SysTick_Handler
    startup_stm32h723xx.o(RESET) refers to stm32h7xx_it.o(i.DMA1_Stream0_IRQHandler) for DMA1_Stream0_IRQHandler
    startup_stm32h723xx.o(RESET) refers to stm32h7xx_it.o(i.DMA1_Stream1_IRQHandler) for DMA1_Stream1_IRQHandler
    startup_stm32h723xx.o(RESET) refers to stm32h7xx_it.o(i.FDCAN1_IT0_IRQHandler) for FDCAN1_IT0_IRQHandler
    startup_stm32h723xx.o(RESET) refers to stm32h7xx_it.o(i.FDCAN2_IT0_IRQHandler) for FDCAN2_IT0_IRQHandler
    startup_stm32h723xx.o(RESET) refers to stm32h7xx_it.o(i.TIM2_IRQHandler) for TIM2_IRQHandler
    startup_stm32h723xx.o(RESET) refers to stm32h7xx_it.o(i.SPI2_IRQHandler) for SPI2_IRQHandler
    startup_stm32h723xx.o(RESET) refers to board.o(i.USART1_IRQHandler) for USART1_IRQHandler
    startup_stm32h723xx.o(RESET) refers to stm32h7xx_it.o(i.FDCAN3_IT0_IRQHandler) for FDCAN3_IT0_IRQHandler
    startup_stm32h723xx.o(.text) refers (Special) to heapauxi.o(.text) for __use_two_region_memory
    startup_stm32h723xx.o(.text) refers to system_stm32h7xx.o(i.ExitRun0Mode) for ExitRun0Mode
    startup_stm32h723xx.o(.text) refers to system_stm32h7xx.o(i.SystemInit) for SystemInit
    startup_stm32h723xx.o(.text) refers to __main.o(!!!main) for __main
    startup_stm32h723xx.o(.text) refers to startup_stm32h723xx.o(HEAP) for Heap_Mem
    startup_stm32h723xx.o(.text) refers to startup_stm32h723xx.o(STACK) for Stack_Mem
    main.o(i.HAL_TIM_PeriodElapsedCallback) refers to stm32h7xx_hal.o(i.HAL_IncTick) for HAL_IncTick
    main.o(i.PeriphCommonClock_Config) refers to rt_memclr_w.o(.text) for __aeabi_memclr4
    main.o(i.PeriphCommonClock_Config) refers to stm32h7xx_hal_rcc_ex.o(i.HAL_RCCEx_PeriphCLKConfig) for HAL_RCCEx_PeriphCLKConfig
    main.o(i.SystemClock_Config) refers to rt_memclr_w.o(.text) for __aeabi_memclr4
    main.o(i.SystemClock_Config) refers to stm32h7xx_hal_pwr_ex.o(i.HAL_PWREx_ConfigSupply) for HAL_PWREx_ConfigSupply
    main.o(i.SystemClock_Config) refers to stm32h7xx_hal_rcc.o(i.HAL_RCC_OscConfig) for HAL_RCC_OscConfig
    main.o(i.SystemClock_Config) refers to stm32h7xx_hal_rcc.o(i.HAL_RCC_ClockConfig) for HAL_RCC_ClockConfig
    main.o(i.can_sent_test) refers to can_bsp.o(i.canx_send_data) for canx_send_data
    main.o(i.can_sent_test) refers to main.o(.data) for .data
    main.o(i.can_sent_test) refers to fdcan.o(.bss) for hfdcan1
    main.o(i.disable_motor_test) refers to dm4310_drv.o(i.disable_motor_mode) for disable_motor_mode
    main.o(i.disable_motor_test) refers to fdcan.o(.bss) for hfdcan1
    main.o(i.enable_motor_test) refers to dm4310_drv.o(i.enable_motor_mode) for enable_motor_mode
    main.o(i.enable_motor_test) refers to fdcan.o(.bss) for hfdcan1
    main.o(i.main) refers to stm32h7xx_hal.o(i.HAL_Init) for HAL_Init
    main.o(i.main) refers to main.o(i.SystemClock_Config) for SystemClock_Config
    main.o(i.main) refers to main.o(i.PeriphCommonClock_Config) for PeriphCommonClock_Config
    main.o(i.main) refers to gpio.o(i.MX_GPIO_Init) for MX_GPIO_Init
    main.o(i.main) refers to dma.o(i.MX_DMA_Init) for MX_DMA_Init
    main.o(i.main) refers to spi.o(i.MX_SPI2_Init) for MX_SPI2_Init
    main.o(i.main) refers to fdcan.o(i.MX_FDCAN1_Init) for MX_FDCAN1_Init
    main.o(i.main) refers to fdcan.o(i.MX_FDCAN2_Init) for MX_FDCAN2_Init
    main.o(i.main) refers to tim.o(i.MX_TIM3_Init) for MX_TIM3_Init
    main.o(i.main) refers to fdcan.o(i.MX_FDCAN3_Init) for MX_FDCAN3_Init
    main.o(i.main) refers to usart.o(i.MX_USART1_UART_Init) for MX_USART1_UART_Init
    main.o(i.main) refers to can_bsp.o(i.FDCAN1_Config) for FDCAN1_Config
    main.o(i.main) refers to can_bsp.o(i.FDCAN2_Config) for FDCAN2_Config
    main.o(i.main) refers to thread.o(i.rt_thread_mdelay) for rt_thread_mdelay
[...]
    OTG_HS_IRQHandler                        0x0800038b   Thumb Code     0  startup_stm32h723xx.o(.text)
    OTG_HS_WKUP_IRQHandler                   0x0800038b   Thumb Code     0  startup_stm32h723xx.o(.text)
    PVD_AVD_IRQHandler                       0x0800038b   Thumb Code     0  startup_stm32h723xx.o(.text)
    RCC_IRQHandler                           0x0800038b   Thumb Code     0  startup_stm32h723xx.o(.text)
    RNG_IRQHandler                           0x0800038b   Thumb Code     0  startup_stm32h723xx.o(.text)
    RTC_Alarm_IRQHandler                     0x0800038b   Thumb Code     0  startup_stm32h723xx.o(.text)
    RTC_WKUP_IRQHandler                      0x0800038b   Thumb Code     0  startup_stm32h723xx.o(.text)
    SAI1_IRQHandler                          0x0800038b   Thumb Code     0  startup_stm32h723xx.o(.text)
    SAI4_IRQHandler                          0x0800038b   Thumb Code     0  startup_stm32h723xx.o(.text)
    SDMMC1_IRQHandler                        0x0800038b   Thumb Code     0  startup_stm32h723xx.o(.text)
    SDMMC2_IRQHandler                        0x0800038b   Thumb Code     0  startup_stm32h723xx.o(.text)
    SPDIF_RX_IRQHandler                      0x0800038b   Thumb Code     0  startup_stm32h723xx.o(.text)
    SPI1_IRQHandler                          0x0800038b   Thumb Code     0  startup_stm32h723xx.o(.text)
    SPI3_IRQHandler                          0x0800038b   Thumb Code     0  startup_stm32h723xx.o(.text)
    SPI4_IRQHandler                          0x0800038b   Thumb Code     0  startup_stm32h723xx.o(.text)
    SPI5_IRQHandler                          0x0800038b   Thumb Code     0  startup_stm32h723xx.o(.text)
    SPI6_IRQHandler                          0x0800038b   Thumb Code     0  startup_stm32h723xx.o(.text)
    SWPMI1_IRQHandler                        0x0800038b   Thumb Code     0  startup_stm32h723xx.o(.text)
    TAMP_STAMP_IRQHandler                    0x0800038b   Thumb Code     0  startup_stm32h723xx.o(.text)
    TIM15_IRQHandler                         0x0800038b   Thumb Code     0  startup_stm32h723xx.o(.text)
    TIM16_IRQHandler                         0x0800038b   Thumb Code     0  startup_stm32h723xx.o(.text)
    TIM17_IRQHandler                         0x0800038b   Thumb Code     0  startup_stm32h723xx.o(.text)
    TIM1_BRK_IRQHandler                      0x0800038b   Thumb Code     0  startup_stm32h723xx.o(.text)
    TIM1_CC_IRQHandler                       0x0800038b   Thumb Code     0  startup_stm32h723xx.o(.text)
    TIM1_TRG_COM_IRQHandler                  0x0800038b   Thumb Code     0  startup_stm32h723xx.o(.text)
    TIM1_UP_IRQHandler                       0x0800038b   Thumb Code     0  startup_stm32h723xx.o(.text)
    TIM23_IRQHandler                         0x0800038b   Thumb Code     0  startup_stm32h723xx.o(.text)
    TIM24_IRQHandler                         0x0800038b   Thumb Code     0  startup_stm32h723xx.o(.text)
    TIM3_IRQHandler                          0x0800038b   Thumb Code     0  startup_stm32h723xx.o(.text)
    TIM4_IRQHandler                          0x0800038b   Thumb Code     0  startup_stm32h723xx.o(.text)
    TIM5_IRQHandler                          0x0800038b   Thumb Code     0  startup_stm32h723xx.o(.text)
    TIM6_DAC_IRQHandler                      0x0800038b   Thumb Code     0  startup_stm32h723xx.o(.text)
    TIM7_IRQHandler                          0x0800038b   Thumb Code     0  startup_stm32h723xx.o(.text)
    TIM8_BRK_TIM12_IRQHandler                0x0800038b   Thumb Code     0  startup_stm32h723xx.o(.text)
    TIM8_CC_IRQHandler                       0x0800038b   Thumb Code     0  startup_stm32h723xx.o(.text)
    TIM8_TRG_COM_TIM14_IRQHandler            0x0800038b   Thumb Code     0  startup_stm32h723xx.o(.text)
    TIM8_UP_TIM13_IRQHandler                 0x0800038b   Thumb Code     0  startup_stm32h723xx.o(.text)
    UART4_IRQHandler                         0x0800038b   Thumb Code     0  startup_stm32h723xx.o(.text)
    UART5_IRQHandler                         0x0800038b   Thumb Code     0  startup_stm32h723xx.o(.text)
    UART7_IRQHandler                         0x0800038b   Thumb Code     0  startup_stm32h723xx.o(.text)
    UART8_IRQHandler                         0x0800038b   Thumb Code     0  startup_stm32h723xx.o(.text)
    UART9_IRQHandler                         0x0800038b   Thumb Code     0  startup_stm32h723xx.o(.text)
    USART10_IRQHandler                       0x0800038b   Thumb Code     0  startup_stm32h723xx.o(.text)
    USART2_IRQHandler                        0x0800038b   Thumb Code     0  startup_stm32h723xx.o(.text)
    USART3_IRQHandler                        0x0800038b   Thumb Code     0  startup_stm32h723xx.o(.text)
    USART6_IRQHandler                        0x0800038b   Thumb Code     0  startup_stm32h723xx.o(.text)
    WAKEUP_PIN_IRQHandler                    0x0800038b   Thumb Code     0  startup_stm32h723xx.o(.text)
    WWDG_IRQHandler                          0x0800038b   Thumb Code     0  startup_stm32h723xx.o(.text)
    __user_initial_stackheap                 0x0800038d   Thumb Code     0  startup_stm32h723xx.o(.text)
    rt_hw_interrupt_disable                  0x080003b5   Thumb Code     8  context_rvds.o(.text)
    rt_hw_interrupt_enable                   0x080003bd   Thumb Code     6  context_rvds.o(.text)
    rt_hw_context_switch                     0x080003c3   Thumb Code    32  context_rvds.o(.text)
    rt_hw_context_switch_interrupt           0x080003c3   Thumb Code     0  context_rvds.o(.text)
    PendSV_Handler                           0x080003e3   Thumb Code   108  context_rvds.o(.text)
    rt_hw_context_switch_to                  0x0800044f   Thumb Code    76  context_rvds.o(.text)
    rt_hw_interrupt_thread_switch            0x0800049b   Thumb Code     2  context_rvds.o(.text)
    HardFault_Handler                        0x0800049d   Thumb Code    56  context_rvds.o(.text)
    MemManage_Handler                        0x0800049d   Thumb Code     0  context_rvds.o(.text)
    __aeabi_uldivmod                         0x080004f1   Thumb Code     0  lludivv7m.o(.text)
    _ll_udiv                                 0x080004f1   Thumb Code   238  lludivv7m.o(.text)
    memcmp                                   0x080005df   Thumb Code    88  memcmp.o(.text)
    strcpy                                   0x08000637   Thumb Code    72  strcpy.o(.text)
    strlen                                   0x0800067f   Thumb Code    62  strlen.o(.text)
    strncmp                                  0x080006bd   Thumb Code   150  strncmp.o(.text)
    strcat                                   0x08000753   Thumb Code    24  strcat.o(.text)
    __aeabi_memcpy4                          0x0800076b   Thumb Code     0  rt_memcpy_w.o(.text)
    __aeabi_memcpy8                          0x0800076b   Thumb Code     0  rt_memcpy_w.o(.text)
    __rt_memcpy_w                            0x0800076b   Thumb Code   100  rt_memcpy_w.o(.text)
    _memcpy_lastbytes_aligned                0x080007b3   Thumb Code     0  rt_memcpy_w.o(.text)
    __aeabi_memclr                           0x080007cf   Thumb Code     0  rt_memclr.o(.text)
    __rt_memclr                              0x080007cf   Thumb Code    68  rt_memclr.o(.text)
    _memset                                  0x080007d3   Thumb Code     0  rt_memclr.o(.text)
    __aeabi_memclr4                          0x08000813   Thumb Code     0  rt_memclr_w.o(.text)
    __aeabi_memclr8                          0x08000813   Thumb Code     0  rt_memclr_w.o(.text)
    __rt_memclr_w                            0x08000813   Thumb Code    78  rt_memclr_w.o(.text)
    _memset_w                                0x08000817   Thumb Code     0  rt_memclr_w.o(.text)
    strncpy                                  0x08000861   Thumb Code    86  strncpy.o(.text)
    strcmp                                   0x080008b9   Thumb Code   104  strcmpv7m_pel.o(.text)
    __use_two_region_memory                  0x08000921   Thumb Code     2  heapauxi.o(.text)
    __rt_heap_escrow                         0x08000923   Thumb Code     2  heapauxi.o(.text)
    __rt_heap_expand                         0x08000925   Thumb Code     2  heapauxi.o(.text)
    __user_libspace                          0x08000929   Thumb Code     8  libspace.o(.text)
    __user_perproc_libspace                  0x08000929   Thumb Code     0  libspace.o(.text)
    __user_perthread_libspace                0x08000929   Thumb Code     0  libspace.o(.text)
    __I$use$semihosting                      0x08000931   Thumb Code     0  use_no_semi.o(.text)
    __use_no_semihosting_swi                 0x08000931   Thumb Code     2  use_no_semi.o(.text)
    __semihosting_library_function           0x08000933   Thumb Code     0  indicate_semi.o(.text)
    __user_setup_stackheap                   0x08000933   Thumb Code    74  sys_stackheap_outer.o(.text)
    exit                                     0x0800097d   Thumb Code    18  exit.o(.text)
    _sys_exit                                0x08000991   Thumb Code     8  sys_exit.o(.text)
    main                                     0x0800099d   Thumb Code    10  components.o(i.$Sub$$main)
    BusFault_Handler                         0x080009a7   Thumb Code     2  stm32h7xx_it.o(i.BusFault_Handler)
    DMA1_Stream0_IRQHandler                  0x080009a9   Thumb Code     6  stm32h7xx_it.o(i.DMA1_Stream0_IRQHandler)
    DMA1_Stream1_IRQHandler                  0x080009b5   Thumb Code     6  stm32h7xx_it.o(i.DMA1_Stream1_IRQHandler)
    DebugMon_Handler                         0x08000bd9   Thumb Code     2  stm32h7xx_it.o(i.DebugMon_Handler)
    Error_Handler                            0x08000bdb   Thumb Code     4  main.o(i.Error_Handler)
    ExitRun0Mode                             0x08000be1   Thumb Code    22  system_stm32h7xx.o(i.ExitRun0Mode)
    FDCAN1_Config                            0x08000bfd   Thumb Code    90  can_bsp.o(i.FDCAN1_Config)
    FDCAN1_IT0_IRQHandler                    0x08000c5d   Thumb Code     6  stm32h7xx_it.o(i.FDCAN1_IT0_IRQHandler)
    FDCAN2_Config                            0x08000c69   Thumb Code    90  can_bsp.o(i.FDCAN2_Config)
    FDCAN2_IT0_IRQHandler                    0x08000cc9   Thumb Code     6  stm32h7xx_it.o(i.FDCAN2_IT0_IRQHandler)
    FDCAN3_IT0_IRQHandler                    0x08000cd5   Thumb Code     6  stm32h7xx_it.o(i.FDCAN3_IT0_IRQHandler)
    HAL_DMA_Abort_IT                         0x08000f25   Thumb Code   602  stm32h7xx_hal_dma.o(i.HAL_DMA_Abort_IT)
    HAL_DMA_IRQHandler                       0x080011a9   Thumb Code  1756  stm32h7xx_hal_dma.o(i.HAL_DMA_IRQHandler)
    HAL_DMA_Init                             0x08001891   Thumb Code   922  stm32h7xx_hal_dma.o(i.HAL_DMA_Init)
    HAL_FDCAN_ActivateNotification           0x08001c4d   Thumb Code   126  stm32h7xx_hal_fdcan.o(i.HAL_FDCAN_ActivateNotification)
    HAL_FDCAN_AddMessageToTxFifoQ            0x08001cd5   Thumb Code   102  stm32h7xx_hal_fdcan.o(i.HAL_FDCAN_AddMessageToTxFifoQ)
    HAL_FDCAN_ClockCalibrationCallback       0x08001d3b   Thumb Code     2  stm32h7xx_hal_fdcan.o(i.HAL_FDCAN_ClockCalibrationCallback)
    HAL_FDCAN_ConfigFilter                   0x08001d3d   Thumb Code   126  stm32h7xx_hal_fdcan.o(i.HAL_FDCAN_ConfigFilter)
    HAL_FDCAN_ConfigGlobalFilter             0x08001dbb   Thumb Code    50  stm32h7xx_hal_fdcan.o(i.HAL_FDCAN_ConfigGlobalFilter)
    HAL_FDCAN_ErrorCallback                  0x08001ded   Thumb Code     2  stm32h7xx_hal_fdcan.o(i.HAL_FDCAN_ErrorCallback)
    HAL_FDCAN_ErrorStatusCallback            0x08001def   Thumb Code     2  stm32h7xx_hal_fdcan.o(i.HAL_FDCAN_ErrorStatusCallback)
    HAL_FDCAN_GetRxMessage                   0x08001df1   Thumb Code   392  stm32h7xx_hal_fdcan.o(i.HAL_FDCAN_GetRxMessage)
    HAL_FDCAN_HighPriorityMessageCallback    0x08001f7d   Thumb Code     2  stm32h7xx_hal_fdcan.o(i.HAL_FDCAN_HighPriorityMessageCallback)
    HAL_FDCAN_IRQHandler                     0x08001f81   Thumb Code   788  stm32h7xx_hal_fdcan.o(i.HAL_FDCAN_IRQHandler)
    HAL_FDCAN_Init                           0x080022a1   Thumb Code   572  stm32h7xx_hal_fdcan.o(i.HAL_FDCAN_Init)
    HAL_FDCAN_MspInit                        0x080024e5   Thumb Code   286  fdcan.o(i.HAL_FDCAN_MspInit)
    HAL_FDCAN_RxBufferNewMessageCallback     0x08002621   Thumb Code     2  stm32h7xx_hal_fdcan.o(i.HAL_FDCAN_RxBufferNewMessageCallback)
    HAL_FDCAN_RxFifo0Callback                0x08002625   Thumb Code    96  can_bsp.o(i.HAL_FDCAN_RxFifo0Callback)
    HAL_FDCAN_RxFifo1Callback                0x08002691   Thumb Code    96  can_bsp.o(i.HAL_FDCAN_RxFifo1Callback)
    HAL_FDCAN_Start                          0x080026fd   Thumb Code    50  stm32h7xx_hal_fdcan.o(i.HAL_FDCAN_Start)
    HAL_FDCAN_TT_GlobalTimeCallback          0x0800272f   Thumb Code     2  stm32h7xx_hal_fdcan.o(i.HAL_FDCAN_TT_GlobalTimeCallback)
    HAL_FDCAN_TT_ScheduleSyncCallback        0x08002731   Thumb Code     2  stm32h7xx_hal_fdcan.o(i.HAL_FDCAN_TT_ScheduleSyncCallback)
    HAL_FDCAN_TT_StopWatchCallback           0x08002733   Thumb Code     2  stm32h7xx_hal_fdcan.o(i.HAL_FDCAN_TT_StopWatchCallback)
    HAL_FDCAN_TT_TimeMarkCallback            0x08002735   Thumb Code     2  stm32h7xx_hal_fdcan.o(i.HAL_FDCAN_TT_TimeMarkCallback)
    HAL_FDCAN_TimeoutOccurredCallback        0x08002737   Thumb Code     2  stm32h7xx_hal_fdcan.o(i.HAL_FDCAN_TimeoutOccurredCallback)
    HAL_FDCAN_TimestampWraparoundCallback    0x08002739   Thumb Code     2  stm32h7xx_hal_fdcan.o(i.HAL_FDCAN_TimestampWraparoundCallback)
    HAL_FDCAN_TxBufferAbortCallback          0x0800273b   Thumb Code     2  stm32h7xx_hal_fdcan.o(i.HAL_FDCAN_TxBufferAbortCallback)
    HAL_FDCAN_TxBufferCompleteCallback       0x0800273d   Thumb Code     2  stm32h7xx_hal_fdcan.o(i.HAL_FDCAN_TxBufferCompleteCallback)
    HAL_FDCAN_TxEventFifoCallback            0x0800273f   Thumb Code     2  stm32h7xx_hal_fdcan.o(i.HAL_FDCAN_TxEventFifoCallback)
    HAL_FDCAN_TxFifoEmptyCallback            0x08002741   Thumb Code     2  stm32h7xx_hal_fdcan.o(i.HAL_FDCAN_TxFifoEmptyCallback)
    HAL_GPIO_Init                            0x08002745   Thumb Code   496  stm32h7xx_hal_gpio.o(i.HAL_GPIO_Init)
    HAL_GPIO_WritePin                        0x08002961   Thumb Code    10  stm32h7xx_hal_gpio.o(i.HAL_GPIO_WritePin)
    HAL_GetTick                              0x0800296d   Thumb Code     6  stm32h7xx_hal.o(i.HAL_GetTick)
    HAL_IncTick                              0x08002979   Thumb Code    12  stm32h7xx_hal.o(i.HAL_IncTick)
    HAL_Init                                 0x08002989   Thumb Code    74  stm32h7xx_hal.o(i.HAL_Init)
    HAL_InitTick                             0x080029e5   Thumb Code   122  stm32h7xx_hal_timebase_tim.o(i.HAL_InitTick)
    HAL_MspInit                              0x08002a71   Thumb Code    22  stm32h7xx_hal_msp.o(i.HAL_MspInit)
    HAL_NVIC_EnableIRQ                       0x08002a8d   Thumb Code    26  stm32h7xx_hal_cortex.o(i.HAL_NVIC_EnableIRQ)
    HAL_NVIC_SetPriority                     0x08002aa9   Thumb Code    60  stm32h7xx_hal_cortex.o(i.HAL_NVIC_SetPriority)
    HAL_NVIC_SetPriorityGrouping             0x08002ae9   Thumb Code    28  stm32h7xx_hal_cortex.o(i.HAL_NVIC_SetPriorityGrouping)
    HAL_PWREx_ConfigSupply                   0x08002b0d   Thumb Code    78  stm32h7xx_hal_pwr_ex.o(i.HAL_PWREx_ConfigSupply)
    HAL_RCCEx_GetD3PCLK1Freq                 0x08002b61   Thumb Code    26  stm32h7xx_hal_rcc_ex.o(i.HAL_RCCEx_GetD3PCLK1Freq)
    HAL_RCCEx_GetPLL2ClockFreq               0x08002b85   Thumb Code   296  stm32h7xx_hal_rcc_ex.o(i.HAL_RCCEx_GetPLL2ClockFreq)
    HAL_RCCEx_GetPLL3ClockFreq               0x08002cc9   Thumb Code   296  stm32h7xx_hal_rcc_ex.o(i.HAL_RCCEx_GetPLL3ClockFreq)
    HAL_RCCEx_PeriphCLKConfig                0x08002e0d   Thumb Code  2362  stm32h7xx_hal_rcc_ex.o(i.HAL_RCCEx_PeriphCLKConfig)
    HAL_RCC_ClockConfig                      0x08003749   Thumb Code   580  stm32h7xx_hal_rcc.o(i.HAL_RCC_ClockConfig)
    HAL_RCC_GetClockConfig                   0x080039a5   Thumb Code    84  stm32h7xx_hal_rcc.o(i.HAL_RCC_GetClockConfig)
    HAL_RCC_GetHCLKFreq                      0x08003a01   Thumb Code    52  stm32h7xx_hal_rcc.o(i.HAL_RCC_GetHCLKFreq)
    HAL_RCC_GetPCLK1Freq                     0x08003a45   Thumb Code    26  stm32h7xx_hal_rcc.o(i.HAL_RCC_GetPCLK1Freq)
    HAL_RCC_GetPCLK2Freq                     0x08003a69   Thumb Code    26  stm32h7xx_hal_rcc.o(i.HAL_RCC_GetPCLK2Freq)
    HAL_RCC_GetSysClockFreq                  0x08003a8d   Thumb Code   278  stm32h7xx_hal_rcc.o(i.HAL_RCC_GetSysClockFreq)
    HAL_RCC_OscConfig                        0x08003bc5   Thumb Code  1318  stm32h7xx_hal_rcc.o(i.HAL_RCC_OscConfig)
    HAL_SPI_ErrorCallback                    0x080040eb   Thumb Code     2  stm32h7xx_hal_spi.o(i.HAL_SPI_ErrorCallback)
    HAL_SPI_IRQHandler                       0x080040ed   Thumb Code   544  stm32h7xx_hal_spi.o(i.HAL_SPI_IRQHandler)
    HAL_SPI_Init                             0x08004311   Thumb Code   366  stm32h7xx_hal_spi.o(i.HAL_SPI_Init)
    HAL_SPI_MspInit                          0x0800448d   Thumb Code   278  spi.o(i.HAL_SPI_MspInit)
    HAL_SPI_RxCpltCallback                   0x080045bd   Thumb Code     2  stm32h7xx_hal_spi.o(i.HAL_SPI_RxCpltCallback)
    HAL_SPI_SuspendCallback                  0x080045bf   Thumb Code     2  stm32h7xx_hal_spi.o(i.HAL_SPI_SuspendCallback)
    HAL_SPI_TxCpltCallback                   0x080045c1   Thumb Code     2  stm32h7xx_hal_spi.o(i.HAL_SPI_TxCpltCallback)
    HAL_SPI_TxRxCpltCallback                 0x080045c3   Thumb Code     2  stm32h7xx_hal_spi.o(i.HAL_SPI_TxRxCpltCallback)
    HAL_SYSCFG_AnalogSwitchConfig            0x080045c5   Thumb Code    12  stm32h7xx_hal.o(i.HAL_SYSCFG_AnalogSwitchConfig)
    HAL_SYSTICK_Config                       0x080045d5   Thumb Code    38  stm32h7xx_hal_cortex.o(i.HAL_SYSTICK_Config)
    HAL_TIMEx_Break2Callback                 0x080045fb   Thumb Code     2  stm32h7xx_hal_tim_ex.o(i.HAL_TIMEx_Break2Callback)
    HAL_TIMEx_BreakCallback                  0x080045fd   Thumb Code     2  stm32h7xx_hal_tim_ex.o(i.HAL_TIMEx_BreakCallback)
    HAL_TIMEx_CommutCallback                 0x080045ff   Thumb Code     2  stm32h7xx_hal_tim_ex.o(i.HAL_TIMEx_CommutCallback)
    HAL_TIMEx_MasterConfigSynchronization    0x08004601   Thumb Code   146  stm32h7xx_hal_tim_ex.o(i.HAL_TIMEx_MasterConfigSynchronization)
    HAL_TIM_Base_Init                        0x080046b9   Thumb Code    98  stm32h7xx_hal_tim.o(i.HAL_TIM_Base_Init)
    HAL_TIM_Base_MspInit                     0x0800471b   Thumb Code     2  stm32h7xx_hal_tim.o(i.HAL_TIM_Base_MspInit)
    HAL_TIM_Base_Start_IT                    0x0800471d   Thumb Code   118  stm32h7xx_hal_tim.o(i.HAL_TIM_Base_Start_IT)
    HAL_TIM_IC_CaptureCallback               0x080047bd   Thumb Code     2  stm32h7xx_hal_tim.o(i.HAL_TIM_IC_CaptureCallback)
    HAL_TIM_IRQHandler                       0x080047bf   Thumb Code   328  stm32h7xx_hal_tim.o(i.HAL_TIM_IRQHandler)
    HAL_TIM_MspPostInit                      0x08004909   Thumb Code    66  tim.o(i.HAL_TIM_MspPostInit)
    HAL_TIM_OC_DelayElapsedCallback          0x08004959   Thumb Code     2  stm32h7xx_hal_tim.o(i.HAL_TIM_OC_DelayElapsedCallback)
    HAL_TIM_PWM_ConfigChannel                0x0800495b   Thumb Code   292  stm32h7xx_hal_tim.o(i.HAL_TIM_PWM_ConfigChannel)
    HAL_TIM_PWM_Init                         0x08004a7f   Thumb Code    98  stm32h7xx_hal_tim.o(i.HAL_TIM_PWM_Init)
    HAL_TIM_PWM_MspInit                      0x08004ae1   Thumb Code    30  tim.o(i.HAL_TIM_PWM_MspInit)
    HAL_TIM_PWM_PulseFinishedCallback        0x08004b09   Thumb Code     2  stm32h7xx_hal_tim.o(i.HAL_TIM_PWM_PulseFinishedCallback)
    HAL_TIM_PeriodElapsedCallback            0x08004b0b   Thumb Code    14  main.o(i.HAL_TIM_PeriodElapsedCallback)
    HAL_TIM_TriggerCallback                  0x08004b19   Thumb Code     2  stm32h7xx_hal_tim.o(i.HAL_TIM_TriggerCallback)
    HAL_UARTEx_DisableFifoMode               0x08004b1b   Thumb Code    64  stm32h7xx_hal_uart_ex.o(i.HAL_UARTEx_DisableFifoMode)
    HAL_UARTEx_SetRxFifoThreshold            0x08004b5b   Thumb Code    76  stm32h7xx_hal_uart_ex.o(i.HAL_UARTEx_SetRxFifoThreshold)
    HAL_UARTEx_SetTxFifoThreshold            0x08004ba7   Thumb Code    76  stm32h7xx_hal_uart_ex.o(i.HAL_UARTEx_SetTxFifoThreshold)
    HAL_UART_Init                            0x08004bf3   Thumb Code   106  stm32h7xx_hal_uart.o(i.HAL_UART_Init)
    HAL_UART_MspInit                         0x08004c5d   Thumb Code   138  usart.o(i.HAL_UART_MspInit)
    HAL_UART_Transmit                        0x08004cf5   Thumb Code   176  stm32h7xx_hal_uart.o(i.HAL_UART_Transmit)
    MX_DMA_Init                              0x08004da5   Thumb Code    56  dma.o(i.MX_DMA_Init)
    MX_FDCAN1_Init                           0x08004de1   Thumb Code    96  fdcan.o(i.MX_FDCAN1_Init)
    MX_FDCAN2_Init                           0x08004e49   Thumb Code   102  fdcan.o(i.MX_FDCAN2_Init)
    MX_FDCAN3_Init                           0x08004eb9   Thumb Code   106  fdcan.o(i.MX_FDCAN3_Init)
    MX_GPIO_Init                             0x08004f2d   Thumb Code   288  gpio.o(i.MX_GPIO_Init)
    MX_SPI2_Init                             0x0800505d   Thumb Code    90  spi.o(i.MX_SPI2_Init)
    MX_TIM3_Init                             0x080050c1   Thumb Code   108  tim.o(i.MX_TIM3_Init)
    MX_USART1_UART_Init                      0x08005135   Thumb Code    94  usart.o(i.MX_USART1_UART_Init)
    NMI_Handler                              0x0800519d   Thumb Code     2  stm32h7xx_it.o(i.NMI_Handler)
    PeriphCommonClock_Config                 0x0800519f   Thumb Code    68  main.o(i.PeriphCommonClock_Config)
    SPI2_IRQHandler                          0x08005425   Thumb Code     6  stm32h7xx_it.o(i.SPI2_IRQHandler)
    SysTick_Handler                          0x08005507   Thumb Code    18  board.o(i.SysTick_Handler)
    SystemClock_Config                       0x08005519   Thumb Code   144  main.o(i.SystemClock_Config)
    SystemCoreClockUpdate                    0x080055ad   Thumb Code   280  system_stm32h7xx.o(i.SystemCoreClockUpdate)
    SystemInit                               0x080056ed   Thumb Code   184  system_stm32h7xx.o(i.SystemInit)
    TIM2_IRQHandler                          0x080057c5   Thumb Code     6  stm32h7xx_it.o(i.TIM2_IRQHandler)
    TIM_Base_SetConfig                       0x080057d1   Thumb Code   182  stm32h7xx_hal_tim.o(i.TIM_Base_SetConfig)
    TIM_OC2_SetConfig                        0x08005955   Thumb Code   126  stm32h7xx_hal_tim.o(i.TIM_OC2_SetConfig)
    UART_AdvFeatureConfig                    0x08005c29   Thumb Code   200  stm32h7xx_hal_uart.o(i.UART_AdvFeatureConfig)
    UART_CheckIdleState                      0x08005cf1   Thumb Code   170  stm32h7xx_hal_uart.o(i.UART_CheckIdleState)
    UART_SetConfig                           0x08005df1   Thumb Code   914  stm32h7xx_hal_uart.o(i.UART_SetConfig)
    UART_WaitOnFlagUntilTimeout              0x080061cd   Thumb Code   148  stm32h7xx_hal_uart.o(i.UART_WaitOnFlagUntilTimeout)
    USART1_IRQHandler                        0x08006261   Thumb Code    68  board.o(i.USART1_IRQHandler)
    UsageFault_Handler                       0x080062a9   Thumb Code     2  stm32h7xx_it.o(i.UsageFault_Handler)
    __rt_ffs                                 0x080062cd   Thumb Code    64  kservice.o(i.__rt_ffs)
    can_sent_test                            0x0800657d   Thumb Code    12  main.o(i.can_sent_test)
    canx_send_data                           0x08006591   Thumb Code    92  can_bsp.o(i.canx_send_data)
    cmd_list                                 0x08006601   Thumb Code    96  cmd.o(i.cmd_list)
    disable_motor_mode                       0x080066ed   Thumb Code    52  dm4310_drv.o(i.disable_motor_mode)
    disable_motor_test                       0x08006721   Thumb Code    10  main.o(i.disable_motor_test)
    dm4310_fbdata                            0x08006731   Thumb Code   146  dm4310_drv.o(i.dm4310_fbdata)
    dm6215_fbdata                            0x080067c5   Thumb Code   146  dm4310_drv.o(i.dm6215_fbdata)
    enable_motor_mode                        0x08006861   Thumb Code    52  dm4310_drv.o(i.enable_motor_mode)
    enable_motor_test                        0x08006895   Thumb Code    10  main.o(i.enable_motor_test)
    finsh_get_prompt                         0x080068a5   Thumb Code    56  shell.o(i.finsh_get_prompt)
    finsh_set_prompt_mode                    0x080068f1   Thumb Code    18  shell.o(i.finsh_set_prompt_mode)
    finsh_system_function_init               0x08006909   Thumb Code     8  shell.o(i.finsh_system_function_init)
    finsh_system_init                        0x08006915   Thumb Code    82  shell.o(i.finsh_system_init)
    finsh_thread_entry                       0x0800698d   Thumb Code   726  shell.o(i.finsh_thread_entry)
    list_sem                                 0x08006d91   Thumb Code   216  cmd.o(i.list_sem)
    list_thread                              0x08006ed5   Thumb Code   256  cmd.o(i.list_thread)
    list_timer                               0x08007091   Thumb Code   176  cmd.o(i.list_timer)
    $Super$$main                             0x08007215   Thumb Code    64  main.o(i.main)
    main_thread_entry                        0x08007255   Thumb Code    14  components.o(i.main_thread_entry)
    msh_auto_complete                        0x0800733d   Thumb Code   136  msh.o(i.msh_auto_complete)
    msh_exec                                 0x080073d1   Thumb Code    74  msh.o(i.msh_exec)
    msh_help                                 0x08007435   Thumb Code    44  msh.o(i.msh_help)
    rt_application_init                      0x080076b5   Thumb Code    44  components.o(i.rt_application_init)
    rt_components_board_init                 0x080076f1   Thumb Code    20  components.o(i.rt_components_board_init)
    rt_components_init                       0x0800770d   Thumb Code    20  components.o(i.rt_components_init)
    rt_enter_critical                        0x08007729   Thumb Code    22  scheduler.o(i.rt_enter_critical)
    rt_exit_critical                         0x08007745   Thumb Code    52  scheduler.o(i.rt_exit_critical)
    rt_hw_board_init                         0x0800777d   Thumb Code    40  board.o(i.rt_hw_board_init)
    rt_hw_console_getchar                    0x080077a5   Thumb Code    40  board.o(i.rt_hw_console_getchar)
    rt_hw_console_output                     0x080077d1   Thumb Code    68  board.o(i.rt_hw_console_output)
    rt_hw_cpu_reset                          0x08007819   Thumb Code     8  cpuport.o(i.rt_hw_cpu_reset)
    rt_hw_hard_fault_exception               0x08007829   Thumb Code   196  cpuport.o(i.rt_hw_hard_fault_exception)
    rt_hw_stack_init                         0x08007a3d   Thumb Code    52  cpuport.o(i.rt_hw_stack_init)
    rt_interrupt_enter                       0x08007a75   Thumb Code    22  irq.o(i.rt_interrupt_enter)
    rt_interrupt_leave                       0x08007a91   Thumb Code    22  irq.o(i.rt_interrupt_leave)
    rt_kprintf                               0x08007aad   Thumb Code    38  kservice.o(i.rt_kprintf)
    rt_memcpy                                0x08007b2d   Thumb Code    74  kservice.o(i.rt_memcpy)
    rt_memmove                               0x08007b79   Thumb Code    50  kservice.o(i.rt_memmove)
    rt_memset                                0x08007bab   Thumb Code    66  kservice.o(i.rt_memset)
    rt_object_detach                         0x08007bed   Thumb Code    36  object.o(i.rt_object_detach)
    rt_object_get_information                0x08007c11   Thumb Code    30  object.o(i.rt_object_get_information)
    rt_object_init                           0x08007c35   Thumb Code    82  object.o(i.rt_object_init)
    rt_object_is_systemobject                0x08007c87   Thumb Code    14  object.o(i.rt_object_is_systemobject)
    rt_ringbuffer_data_len                   0x08007c95   Thumb Code    58  board.o(i.rt_ringbuffer_data_len)
    rt_ringbuffer_getchar                    0x08007ccf   Thumb Code    70  board.o(i.rt_ringbuffer_getchar)
    rt_ringbuffer_init                       0x08007d15   Thumb Code    38  board.o(i.rt_ringbuffer_init)
    rt_ringbuffer_putchar                    0x08007d3b   Thumb Code    74  board.o(i.rt_ringbuffer_putchar)
    rt_schedule                              0x08007d85   Thumb Code   174  scheduler.o(i.rt_schedule)
    rt_schedule_insert_thread                0x08007e3d   Thumb Code   106  scheduler.o(i.rt_schedule_insert_thread)
    rt_schedule_remove_thread                0x08007eb1   Thumb Code    64  scheduler.o(i.rt_schedule_remove_thread)
    rt_sem_init                              0x08007ef9   Thumb Code    36  ipc.o(i.rt_sem_init)
    rt_sem_release                           0x08007f1d   Thumb Code    74  ipc.o(i.rt_sem_release)
    rt_sem_take                              0x08007f69   Thumb Code   174  ipc.o(i.rt_sem_take)
    rt_show_version                          0x08008019   Thumb Code    42  kservice.o(i.rt_show_version)
    rt_sprintf                               0x080080dd   Thumb Code    18  kservice.o(i.rt_sprintf)
    rt_strerror                              0x080080f1   Thumb Code    22  kservice.o(i.rt_strerror)
    rt_strlen                                0x0800810d   Thumb Code    16  kservice.o(i.rt_strlen)
    rt_strncpy                               0x0800811d   Thumb Code    38  kservice.o(i.rt_strncpy)
    rt_system_scheduler_init                 0x08008145   Thumb Code    30  scheduler.o(i.rt_system_scheduler_init)
    rt_system_scheduler_start                0x0800816d   Thumb Code    36  scheduler.o(i.rt_system_scheduler_start)
    rt_system_timer_init                     0x08008195   Thumb Code     8  timer.o(i.rt_system_timer_init)
    rt_system_timer_thread_init              0x080081a1   Thumb Code     2  timer.o(i.rt_system_timer_thread_init)
    rt_thread_defunct_dequeue                0x080081a5   Thumb Code    44  idle.o(i.rt_thread_defunct_dequeue)
    rt_thread_defunct_enqueue                0x080081d5   Thumb Code    18  idle.o(i.rt_thread_defunct_enqueue)
    rt_thread_idle_init                      0x08008211   Thumb Code    52  idle.o(i.rt_thread_idle_init)
    rt_thread_init                           0x08008255   Thumb Code    48  thread.o(i.rt_thread_init)
    rt_thread_mdelay                         0x08008285   Thumb Code    14  thread.o(i.rt_thread_mdelay)
    rt_thread_resume                         0x08008293   Thumb Code    60  thread.o(i.rt_thread_resume)
    rt_thread_self                           0x080082d1   Thumb Code     6  thread.o(i.rt_thread_self)
    rt_thread_sleep                          0x080082dd   Thumb Code    64  thread.o(i.rt_thread_sleep)
    rt_thread_startup                        0x08008321   Thumb Code    36  thread.o(i.rt_thread_startup)
    rt_thread_suspend                        0x08008349   Thumb Code    70  thread.o(i.rt_thread_suspend)
    rt_tick_from_millisecond                 0x0800838f   Thumb Code    52  clock.o(i.rt_tick_from_millisecond)
    rt_tick_get                              0x080083c5   Thumb Code     6  clock.o(i.rt_tick_get)
    rt_tick_increase                         0x080083d1   Thumb Code    70  clock.o(i.rt_tick_increase)
    rt_timer_check                           0x0800841d   Thumb Code   136  timer.o(i.rt_timer_check)
    rt_timer_control                         0x080084a9   Thumb Code    76  timer.o(i.rt_timer_control)
    rt_timer_detach                          0x080084f5   Thumb Code    40  timer.o(i.rt_timer_detach)
    rt_timer_init                            0x0800851d   Thumb Code    48  timer.o(i.rt_timer_init)
    rt_timer_start                           0x0800854d   Thumb Code   128  timer.o(i.rt_timer_start)
    rt_timer_stop                            0x080085d1   Thumb Code    46  timer.o(i.rt_timer_stop)
    rt_vsnprintf                             0x08008601   Thumb Code   642  kservice.o(i.rt_vsnprintf)
    rt_vsprintf                              0x0800888d   Thumb Code    16  kservice.o(i.rt_vsprintf)
    rtthread_startup                         0x080088ad   Thumb Code    42  components.o(i.rtthread_startup)
    uint_to_float                            0x08008a59   Thumb Code    40  dm4310_drv.o(i.uint_to_float)
    version                                  0x08008b51   Thumb Code    10  cmd.o(i.version)
    _fp_init                                 0x08008b5b   Thumb Code    10  fpinit.o(x$fpl$fpinit)
    __fplib_config_fpu_vfp                   0x08008b63   Thumb Code     0  fpinit.o(x$fpl$fpinit)
    __fplib_config_pureend_doubles           0x08008b63   Thumb Code     0  fpinit.o(x$fpl$fpinit)
    UARTPrescTable                           0x08008bc8   Data          24  stm32h7xx_hal_uart.o(.constdata)
    D1CorePrescTable                         0x08008bf0   Data          16  system_stm32h7xx.o(.constdata)
    __lowest_bit_bitmap                      0x08008c00   Data         256  kservice.o(.constdata)
    __fsym_can_sent_test_name                0x08008dc0   Data          14  main.o(.rodata.name)
    __fsym_can_sent_test_desc                0x08008dce   Data          14  main.o(.rodata.name)
    __fsym_enable_motor_test_name            0x08008ddc   Data          18  main.o(.rodata.name)
    __fsym_enable_motor_test_desc            0x08008dee   Data          28  main.o(.rodata.name)
    __fsym_disable_motor_test_name           0x08008e0a   Data          19  main.o(.rodata.name)
    __fsym_disable_motor_test_desc           0x08008e1d   Data          29  main.o(.rodata.name)
    __fsym_clear_name                        0x08008e3a   Data           6  cmd.o(.rodata.name)
    __fsym_clear_desc                        0x08008e40   Data          26  cmd.o(.rodata.name)
    __fsym_version_name                      0x08008e5a   Data           8  cmd.o(.rodata.name)
    __fsym_version_desc                      0x08008e62   Data          35  cmd.o(.rodata.name)
    __fsym_list_thread_name                  0x08008e85   Data          12  cmd.o(.rodata.name)
    __fsym_list_thread_desc                  0x08008e91   Data          12  cmd.o(.rodata.name)
    __fsym_list_sem_name                     0x08008e9d   Data           9  cmd.o(.rodata.name)
    __fsym_list_sem_desc                     0x08008ea6   Data          25  cmd.o(.rodata.name)
    __fsym_list_timer_name                   0x08008ebf   Data          11  cmd.o(.rodata.name)
    __fsym_list_timer_desc                   0x08008eca   Data          21  cmd.o(.rodata.name)
    __fsym_list_name                         0x08008edf   Data           5  cmd.o(.rodata.name)
    __fsym_list_desc                         0x08008ee4   Data          13  cmd.o(.rodata.name)
    __fsym_help_name                         0x08008ef1   Data           5  msh.o(.rodata.name)
    __fsym_help_desc                         0x08008ef6   Data          22  msh.o(.rodata.name)
    __fsym_reboot_name                       0x08008f0c   Data           7  board.o(.rodata.name)
    __fsym_reboot_desc                       0x08008f13   Data          14  board.o(.rodata.name)
    __rt_init_rti_start                      0x08008f24   Data           4  components.o(.rti_fn.0)
    __rt_init_rti_board_start                0x08008f28   Data           4  components.o(.rti_fn.0.end)
    __rt_init_uart_init                      0x08008f2c   Data           4  board.o(.rti_fn.1)
    __rt_init_rti_board_end                  0x08008f30   Data           4  components.o(.rti_fn.1.end)
    __rt_init_finsh_system_init              0x08008f34   Data           4  shell.o(.rti_fn.6)
    __rt_init_rti_end                        0x08008f38   Data           4  components.o(.rti_fn.6.end)
    FSymTab$$Base                            0x08008f3c   Number         0  main.o(FSymTab)
    __fsym_can_sent_test                     0x08008f3c   Data          12  main.o(FSymTab)
    __fsym_enable_motor_test                 0x08008f48   Data          12  main.o(FSymTab)
    __fsym_disable_motor_test                0x08008f54   Data          12  main.o(FSymTab)
    __fsym_clear                             0x08008f60   Data          12  cmd.o(FSymTab)
    __fsym_version                           0x08008f6c   Data          12  cmd.o(FSymTab)
    __fsym_list_thread                       0x08008f78   Data          12  cmd.o(FSymTab)
    __fsym_list_sem                          0x08008f84   Data          12  cmd.o(FSymTab)
    __fsym_list_timer                        0x08008f90   Data          12  cmd.o(FSymTab)
    __fsym_list                              0x08008f9c   Data          12  cmd.o(FSymTab)
    __fsym_help                              0x08008fa8   Data          12  msh.o(FSymTab)
    __fsym_reboot                            0x08008fb4   Data          12  board.o(FSymTab)
    FSymTab$$Limit                           0x08008fc0   Number         0  board.o(FSymTab)
    Region$$Table$$Base                      0x08008fc0   Number         0  anon$$obj.o(Region$$Table)
    Region$$Table$$Limit                     0x08009000   Number         0  anon$$obj.o(Region$$Table)
    sent_data                                0x20000000   Data           8  main.o(.data)
    uwTickFreq                               0x20000008   Data           1  stm32h7xx_hal.o(.data)
    uwTickPrio                               0x2000000c   Data           4  stm32h7xx_hal.o(.data)
    uwTick                                   0x20000010   Data           4  stm32h7xx_hal.o(.data)
    rt_interrupt_from_thread                 0x20000014   Data           4  cpuport.o(.data)
    rt_thread_switch_interrupt_flag          0x20000018   Data           4  cpuport.o(.data)
    rt_interrupt_nest                        0x20000024   Data           1  irq.o(.data)
    rt_current_priority                      0x2000005c   Data           1  scheduler.o(.data)
    rt_current_thread                        0x20000060   Data           4  scheduler.o(.data)
    rt_thread_ready_priority_group           0x20000064   Data           4  scheduler.o(.data)
    hspi2                                    0x20000068   Data         136  spi.o(.bss)
    hdma_spi2_rx                             0x200000f0   Data         120  spi.o(.bss)
    hdma_spi2_tx                             0x20000168   Data         120  spi.o(.bss)
    htim3                                    0x200001e0   Data          76  tim.o(.bss)
    _shell                                   0x20001328   Data         524  shell.o(.bss)
    RxHeader1                                0x200016ac   Data          40  can_bsp.o(.bss)
    g_Can1RxData                             0x200016d4   Data          64  can_bsp.o(.bss)
    RxHeader2                                0x20001714   Data          40  can_bsp.o(.bss)
    g_Can2RxData                             0x2000173c   Data          64  can_bsp.o(.bss)
    SystemCoreClock                          0x24000004   Data           4  system_stm32h7xx.o(.data)
    SystemD2Clock                            0x24000008   Data           4  system_stm32h7xx.o(.data)
    _syscall_table_begin                     0x2400000c   Data           4  shell.o(.data)
    _syscall_table_end                       0x24000010   Data           4  shell.o(.data)
    shell                                    0x24000018   Data           4  shell.o(.data)
    rt_interrupt_to_thread                   0x24000020   Data           4  cpuport.o(.data)
    hfdcan1                                  0x24000064   Data         160  fdcan.o(.bss)
    hfdcan2                                  0x24000104   Data         160  fdcan.o(.bss)
    hfdcan3                                  0x240001a4   Data         160  fdcan.o(.bss)
    huart1                                   0x24000244   Data         148  usart.o(.bss)
    htim2                                    0x240002d8   Data          76  stm32h7xx_hal_timebase_tim.o(.bss)
    main_thread                              0x24000728   Data         120  components.o(.bss)
    rt_thread_priority_table                 0x240007a0   Data         256  scheduler.o(.bss)
    uart_rx_buf                              0x240008a0   Data          16  board.o(.bss)
    uart_rxcb                                0x240008b0   Data          12  board.o(.bss)
    right                                    0x24000970   Data         172  chassisr_task.o(.bss)
    chassis_move                             0x24000a1c   Data         480  chassisr_task.o(.bss)
    LegR_Pid                                 0x24000bfc   Data          72  chassisr_task.o(.bss)
    Tp_Pid                                   0x24000c44   Data          72  chassisr_task.o(.bss)
    Turn_Pid                                 0x24000c8c   Data          72  chassisr_task.o(.bss)
    RollR_Pid                                0x24000cd4   Data          72  chassisr_task.o(.bss)
    __libspace_start                         0x24000d1c   Data          96  libspace.o(.bss)
    __temporary_stack_top$libspace           0x24000d7c   Data           0  libspace.o(.bss)



==============================================================================

Memory Map of the image

  Image Entry point : 0x080002cd

  Load Region LR_IROM1 (Base: 0x08000000, Size: 0x000090cc, Max: 0x00100000, ABSOLUTE)

    Execution Region ER_IROM1 (Exec base: 0x08000000, Load base: 0x08000000, Size: 0x00009000, Max: 0x00100000, ABSOLUTE)

    Exec Addr    Load Addr    Size         Type   Attr      Idx    E Section Name        Object

    0x08000000   0x08000000   0x000002cc   Data   RO            3    RESET               startup_stm32h723xx.o
    0x080002cc   0x080002cc   0x00000008   Code   RO         8637  * !!!main             c_w.l(__main.o)
    0x080002d4   0x080002d4   0x00000034   Code   RO         8948    !!!scatter          c_w.l(__scatter.o)
    0x08000308   0x08000308   0x0000001a   Code   RO         8950    !!handler_copy      c_w.l(__scatter_copy.o)
    0x08000322   0x08000322   0x00000002   PAD
    0x08000324   0x08000324   0x0000001c   Code   RO         8952    !!handler_zi        c_w.l(__scatter_zi.o)
    0x08000340   0x08000340   0x00000002   Code   RO         8885    .ARM.Collect$$libinit$$00000000  c_w.l(libinit.o)
    0x08000342   0x08000342   0x00000004   Code   RO         8749    .ARM.Collect$$libinit$$00000001  c_w.l(libinit2.o)
    0x08000346   0x08000346   0x00000000   Code   RO         8752    .ARM.Collect$$libinit$$00000004  c_w.l(libinit2.o)
    0x08000346   0x08000346   0x00000000   Code   RO         8755    .ARM.Collect$$libinit$$0000000A  c_w.l(libinit2.o)
    0x08000346   0x08000346   0x00000000   Code   RO         8757    .ARM.Collect$$libinit$$0000000C  c_w.l(libinit2.o)
    0x08000346   0x08000346   0x00000000   Code   RO         8759    .ARM.Collect$$libinit$$0000000E  c_w.l(libinit2.o)
    0x08000346   0x08000346   0x00000000   Code   RO         8762    .ARM.Collect$$libinit$$00000011  c_w.l(libinit2.o)
    0x08000346   0x08000346   0x00000000   Code   RO         8764    .ARM.Collect$$libinit$$00000013  c_w.l(libinit2.o)
    0x08000346   0x08000346   0x00000000   Code   RO         8766    .ARM.Collect$$libinit$$00000015  c_w.l(libinit2.o)
    0x08000346   0x08000346   0x00000000   Code   RO         8768    .ARM.Collect$$libinit$$00000017  c_w.l(libinit2.o)
    0x08000346   0x08000346   0x00000000   Code   RO         8770    .ARM.Collect$$libinit$$00000019  c_w.l(libinit2.o)
    0x08000346   0x08000346   0x00000000   Code   RO         8772    .ARM.Collect$$libinit$$0000001B  c_w.l(libinit2.o)
    0x08000346   0x08000346   0x00000000   Code   RO         8774    .ARM.Collect$$libinit$$0000001D  c_w.l(libinit2.o)
    0x08000346   0x08000346   0x00000000   Code   RO         8776    .ARM.Collect$$libinit$$0000001F  c_w.l(libinit2.o)
    0x08000346   0x08000346   0x00000000   Code   RO         8778    .ARM.Collect$$libinit$$00000021  c_w.l(libinit2.o)
    0x08000346   0x08000346   0x00000000   Code   RO         8780    .ARM.Collect$$libinit$$00000023  c_w.l(libinit2.o)
    0x08000346   0x08000346   0x00000000   Code   RO         8782    .ARM.Collect$$libinit$$00000025  c_w.l(libinit2.o)
    0x08000346   0x08000346   0x00000000   Code   RO         8786    .ARM.Collect$$libinit$$0000002C  c_w.l(libinit2.o)
    0x08000346   0x08000346   0x00000000   Code   RO         8788    .ARM.Collect$$libinit$$0000002E  c_w.l(libinit2.o)
    0x08000346   0x08000346   0x00000000   Code   RO         8790    .ARM.Collect$$libinit$$00000030  c_w.l(libinit2.o)
    0x08000346   0x08000346   0x00000000   Code   RO         8792    .ARM.Collect$$libinit$$00000032  c_w.l(libinit2.o)
    0x08000346   0x08000346   0x00000002   Code   RO         8793    .ARM.Collect$$libinit$$00000033  c_w.l(libinit2.o)
    0x08000348   0x08000348   0x00000002   Code   RO         8945    .ARM.Collect$$libshutdown$$00000000  c_w.l(libshutdown.o)
    0x0800034a   0x0800034a   0x00000000   Code   RO         8901    .ARM.Collect$$libshutdown$$00000002  c_w.l(libshutdown2.o)
    0x0800034a   0x0800034a   0x00000000   Code   RO         8903    .ARM.Collect$$libshutdown$$00000004  c_w.l(libshutdown2.o)
    0x0800034a   0x0800034a   0x00000000   Code   RO         8905    .ARM.Collect$$libshutdown$$00000006  c_w.l(libshutdown2.o)
    0x0800034a   0x0800034a   0x00000000   Code   RO         8908    .ARM.Collect$$libshutdown$$00000009  c_w.l(libshutdown2.o)
    0x0800034a   0x0800034a   0x00000000   Code   RO         8911    .ARM.Collect$$libshutdown$$0000000C  c_w.l(libshutdown2.o)
    0x0800034a   0x0800034a   0x00000000   Code   RO         8913    .ARM.Collect$$libshutdown$$0000000E  c_w.l(libshutdown2.o)
    0x0800034a   0x0800034a   0x00000000   Code   RO         8916    .ARM.Collect$$libshutdown$$00000011  c_w.l(libshutdown2.o)
    0x0800034a   0x0800034a   0x00000002   Code   RO         8917    .ARM.Collect$$libshutdown$$00000012  c_w.l(libshutdown2.o)
    0x0800034c   0x0800034c   0x00000000   Code   RO         8701    .ARM.Collect$$rtentry$$00000000  c_w.l(__rtentry.o)
    0x0800034c   0x0800034c   0x00000000   Code   RO         8817    .ARM.Collect$$rtentry$$00000002  c_w.l(__rtentry2.o)
    0x0800034c   0x0800034c   0x00000006   Code   RO         8829    .ARM.Collect$$rtentry$$00000004  c_w.l(__rtentry4.o)
    0x08000352   0x08000352   0x00000000   Code   RO         8819    .ARM.Collect$$rtentry$$00000009  c_w.l(__rtentry2.o)
    0x08000352   0x08000352   0x00000004   Code   RO         8820    .ARM.Collect$$rtentry$$0000000A  c_w.l(__rtentry2.o)
    0x08000356   0x08000356   0x00000000   Code   RO         8822    .ARM.Collect$$rtentry$$0000000C  c_w.l(__rtentry2.o)
    0x08000356   0x08000356   0x00000008   Code   RO         8823    .ARM.Collect$$rtentry$$0000000D  c_w.l(__rtentry2.o)
    0x0800035e   0x0800035e   0x00000002   Code   RO         8888    .ARM.Collect$$rtexit$$00000000  c_w.l(rtexit.o)
    0x08000360   0x08000360   0x00000000   Code   RO         8921    .ARM.Collect$$rtexit$$00000002  c_w.l(rtexit2.o)
    0x08000360   0x08000360   0x00000004   Code   RO         8922    .ARM.Collect$$rtexit$$00000003  c_w.l(rtexit2.o)
    0x08000364   0x08000364   0x00000006   Code   RO         8923    .ARM.Collect$$rtexit$$00000004  c_w.l(rtexit2.o)
    0x0800036a   0x0800036a   0x00000002   PAD
    0x0800036c   0x0800036c   0x00000048   Code   RO            4    .text               startup_stm32h723xx.o
    0x080003b4   0x080003b4   0x0000013c   Code   RO         5916    .text               context_rvds.o
    0x080004f0   0x080004f0   0x000000ee   Code   RO         8611    .text               c_w.l(lludivv7m.o)
    0x080005de   0x080005de   0x00000058   Code   RO         8615    .text               c_w.l(memcmp.o)
    0x08000636   0x08000636   0x00000048   Code   RO         8617    .text               c_w.l(strcpy.o)
    0x0800067e   0x0800067e   0x0000003e   Code   RO         8619    .text               c_w.l(strlen.o)
    0x080006bc   0x080006bc   0x00000096   Code   RO         8621    .text               c_w.l(strncmp.o)
    0x08000752   0x08000752   0x00000018   Code   RO         8623    .text               c_w.l(strcat.o)
    0x0800076a   0x0800076a   0x00000064   Code   RO         8625    .text               c_w.l(rt_memcpy_w.o)
    0x080007ce   0x080007ce   0x00000044   Code   RO         8627    .text               c_w.l(rt_memclr.o)
    0x08000812   0x08000812   0x0000004e   Code   RO         8629    .text               c_w.l(rt_memclr_w.o)
    0x08000860   0x08000860   0x00000056   Code   RO         8631    .text               c_w.l(strncpy.o)
    0x080008b6   0x080008b6   0x00000002   PAD
    0x080008b8   0x080008b8   0x00000068   Code   RO         8633    .text               c_w.l(strcmpv7m_pel.o)
    0x08000920   0x08000920   0x00000006   Code   RO         8635    .text               c_w.l(heapauxi.o)
    0x08000926   0x08000926   0x00000002   PAD
    0x08000928   0x08000928   0x00000008   Code   RO         8813    .text               c_w.l(libspace.o)
    0x08000930   0x08000930   0x00000002   Code   RO         8857    .text               c_w.l(use_no_semi.o)
    0x08000932   0x08000932   0x00000000   Code   RO         8859    .text               c_w.l(indicate_semi.o)
    0x08000932   0x08000932   0x0000004a   Code   RO         8860    .text               c_w.l(sys_stackheap_outer.o)
    0x0800097c   0x0800097c   0x00000012   Code   RO         8866    .text               c_w.l(exit.o)
    0x0800098e   0x0800098e   0x00000002   PAD
    0x08000990   0x08000990   0x0000000c   Code   RO         8886    .text               c_w.l(sys_exit.o)
    0x0800099c   0x0800099c   0x0000000a   Code   RO         6094    i.$Sub$$main        components.o
    0x080009a6   0x080009a6   0x00000002   Code   RO          556    i.BusFault_Handler  stm32h7xx_it.o
    0x080009a8   0x080009a8   0x0000000c   Code   RO          557    i.DMA1_Stream0_IRQHandler  stm32h7xx_it.o
    0x080009b4   0x080009b4   0x0000000c   Code   RO          558    i.DMA1_Stream1_IRQHandler  stm32h7xx_it.o
    0x080009c0   0x080009c0   0x000000b4   Code   RO         2499    i.DMA_CalcBaseAndBitshift  stm32h7xx_hal_dma.o
    0x08000a74   0x08000a74   0x0000009c   Code   RO         2500    i.DMA_CalcDMAMUXChannelBaseAndMask  stm32h7xx_hal_dma.o
    0x08000b10   0x08000b10   0x00000074   Code   RO         2501    i.DMA_CalcDMAMUXRequestGenBaseAndMask  stm32h7xx_hal_dma.o
    0x08000b84   0x08000b84   0x00000054   Code   RO         2502    i.DMA_CheckFifoParam  stm32h7xx_hal_dma.o
    0x08000bd8   0x08000bd8   0x00000002   Code   RO          559    i.DebugMon_Handler  stm32h7xx_it.o
    0x08000bda   0x08000bda   0x00000004   Code   RO           13    i.Error_Handler     main.o
    0x08000bde   0x08000bde   0x00000002   PAD
    0x08000be0   0x08000be0   0x0000001c   Code   RO         5625    i.ExitRun0Mode      system_stm32h7xx.o
    0x08000bfc   0x08000bfc   0x00000060   Code   RO         7003    i.FDCAN1_Config     can_bsp.o
    0x08000c5c   0x08000c5c   0x0000000c   Code   RO          560    i.FDCAN1_IT0_IRQHandler  stm32h7xx_it.o
    0x08000c68   0x08000c68   0x00000060   Code   RO         7004    i.FDCAN2_Config     can_bsp.o
    0x08000cc8   0x08000cc8   0x0000000c   Code   RO          561    i.FDCAN2_IT0_IRQHandler  stm32h7xx_it.o
    0x08000cd4   0x08000cd4   0x0000000c   Code   RO          562    i.FDCAN3_IT0_IRQHandler  stm32h7xx_it.o
    0x08000ce0   0x08000ce0   0x000001c8   Code   RO         4140    i.FDCAN_CalcultateRamBlockAddresses  stm32h7xx_hal_fdcan.o
    0x08000ea8   0x08000ea8   0x0000007c   Code   RO         4141    i.FDCAN_CopyMessageToRAM  stm32h7xx_hal_fdcan.o
    0x08000f24   0x08000f24   0x00000284   Code   RO         2505    i.HAL_DMA_Abort_IT  stm32h7xx_hal_dma.o
    0x080011a8   0x080011a8   0x000006e8   Code   RO         2509    i.HAL_DMA_IRQHandler  stm32h7xx_hal_dma.o
    0x08001890   0x08001890   0x000003bc   Code   RO         2510    i.HAL_DMA_Init      stm32h7xx_hal_dma.o
    0x08001c4c   0x08001c4c   0x00000088   Code   RO         4143    i.HAL_FDCAN_ActivateNotification  stm32h7xx_hal_fdcan.o
    0x08001cd4   0x08001cd4   0x00000066   Code   RO         4145    i.HAL_FDCAN_AddMessageToTxFifoQ  stm32h7xx_hal_fdcan.o
    0x08001d3a   0x08001d3a   0x00000002   Code   RO         4146    i.HAL_FDCAN_ClockCalibrationCallback  stm32h7xx_hal_fdcan.o
    0x08001d3c   0x08001d3c   0x0000007e   Code   RO         4150    i.HAL_FDCAN_ConfigFilter  stm32h7xx_hal_fdcan.o
    0x08001dba   0x08001dba   0x00000032   Code   RO         4151    i.HAL_FDCAN_ConfigGlobalFilter  stm32h7xx_hal_fdcan.o
    0x08001dec   0x08001dec   0x00000002   Code   RO         4172    i.HAL_FDCAN_ErrorCallback  stm32h7xx_hal_fdcan.o
    0x08001dee   0x08001dee   0x00000002   Code   RO         4173    i.HAL_FDCAN_ErrorStatusCallback  stm32h7xx_hal_fdcan.o
    0x08001df0   0x08001df0   0x0000018c   Code   RO         4184    i.HAL_FDCAN_GetRxMessage  stm32h7xx_hal_fdcan.o
    0x08001f7c   0x08001f7c   0x00000002   Code   RO         4190    i.HAL_FDCAN_HighPriorityMessageCallback  stm32h7xx_hal_fdcan.o
    0x08001f7e   0x08001f7e   0x00000002   PAD
    0x08001f80   0x08001f80   0x00000320   Code   RO         4191    i.HAL_FDCAN_IRQHandler  stm32h7xx_hal_fdcan.o
    0x080022a0   0x080022a0   0x00000244   Code   RO         4192    i.HAL_FDCAN_Init    stm32h7xx_hal_fdcan.o
    0x080024e4   0x080024e4   0x0000013c   Code   RO          352    i.HAL_FDCAN_MspInit  fdcan.o
    0x08002620   0x08002620   0x00000002   Code   RO         4201    i.HAL_FDCAN_RxBufferNewMessageCallback  stm32h7xx_hal_fdcan.o
    0x08002622   0x08002622   0x00000002   PAD
    0x08002624   0x08002624   0x0000006c   Code   RO         7005    i.HAL_FDCAN_RxFifo0Callback  can_bsp.o
    0x08002690   0x08002690   0x0000006c   Code   RO         7006    i.HAL_FDCAN_RxFifo1Callback  can_bsp.o
    0x080026fc   0x080026fc   0x00000032   Code   RO         4204    i.HAL_FDCAN_Start   stm32h7xx_hal_fdcan.o
    0x0800272e   0x0800272e   0x00000002   Code   RO         4226    i.HAL_FDCAN_TT_GlobalTimeCallback  stm32h7xx_hal_fdcan.o
    0x08002730   0x08002730   0x00000002   Code   RO         4227    i.HAL_FDCAN_TT_ScheduleSyncCallback  stm32h7xx_hal_fdcan.o
    0x08002732   0x08002732   0x00000002   Code   RO         4232    i.HAL_FDCAN_TT_StopWatchCallback  stm32h7xx_hal_fdcan.o
    0x08002734   0x08002734   0x00000002   Code   RO         4233    i.HAL_FDCAN_TT_TimeMarkCallback  stm32h7xx_hal_fdcan.o
    0x08002736   0x08002736   0x00000002   Code   RO         4234    i.HAL_FDCAN_TimeoutOccurredCallback  stm32h7xx_hal_fdcan.o
    0x08002738   0x08002738   0x00000002   Code   RO         4235    i.HAL_FDCAN_TimestampWraparoundCallback  stm32h7xx_hal_fdcan.o
    0x0800273a   0x0800273a   0x00000002   Code   RO         4236    i.HAL_FDCAN_TxBufferAbortCallback  stm32h7xx_hal_fdcan.o
    0x0800273c   0x0800273c   0x00000002   Code   RO         4237    i.HAL_FDCAN_TxBufferCompleteCallback  stm32h7xx_hal_fdcan.o
    0x0800273e   0x0800273e   0x00000002   Code   RO         4238    i.HAL_FDCAN_TxEventFifoCallback  stm32h7xx_hal_fdcan.o
    0x08002740   0x08002740   0x00000002   Code   RO         4239    i.HAL_FDCAN_TxFifoEmptyCallback  stm32h7xx_hal_fdcan.o
    0x08002742   0x08002742   0x00000002   PAD
    0x08002744   0x08002744   0x0000021c   Code   RO         2352    i.HAL_GPIO_Init     stm32h7xx_hal_gpio.o
    0x08002960   0x08002960   0x0000000a   Code   RO         2356    i.HAL_GPIO_WritePin  stm32h7xx_hal_gpio.o
    0x0800296a   0x0800296a   0x00000002   PAD
    0x0800296c   0x0800296c   0x0000000c   Code   RO         3217    i.HAL_GetTick       stm32h7xx_hal.o
    0x08002978   0x08002978   0x00000010   Code   RO         3223    i.HAL_IncTick       stm32h7xx_hal.o
    0x08002988   0x08002988   0x0000005c   Code   RO         3224    i.HAL_Init          stm32h7xx_hal.o
    0x080029e4   0x080029e4   0x0000008c   Code   RO          668    i.HAL_InitTick      stm32h7xx_hal_timebase_tim.o
    0x08002a70   0x08002a70   0x0000001c   Code   RO          644    i.HAL_MspInit       stm32h7xx_hal_msp.o
    0x08002a8c   0x08002a8c   0x0000001a   Code   RO         1734    i.HAL_NVIC_EnableIRQ  stm32h7xx_hal_cortex.o
    0x08002aa6   0x08002aa6   0x00000002   PAD
    0x08002aa8   0x08002aa8   0x00000040   Code   RO         1740    i.HAL_NVIC_SetPriority  stm32h7xx_hal_cortex.o
    0x08002ae8   0x08002ae8   0x00000024   Code   RO         1741    i.HAL_NVIC_SetPriorityGrouping  stm32h7xx_hal_cortex.o
    0x08002b0c   0x08002b0c   0x00000054   Code   RO         2953    i.HAL_PWREx_ConfigSupply  stm32h7xx_hal_pwr_ex.o
    0x08002b60   0x08002b60   0x00000024   Code   RO         1995    i.HAL_RCCEx_GetD3PCLK1Freq  stm32h7xx_hal_rcc_ex.o
    0x08002b84   0x08002b84   0x00000144   Code   RO         1997    i.HAL_RCCEx_GetPLL2ClockFreq  stm32h7xx_hal_rcc_ex.o
    0x08002cc8   0x08002cc8   0x00000144   Code   RO         1998    i.HAL_RCCEx_GetPLL3ClockFreq  stm32h7xx_hal_rcc_ex.o
    0x08002e0c   0x08002e0c   0x0000093a   Code   RO         2004    i.HAL_RCCEx_PeriphCLKConfig  stm32h7xx_hal_rcc_ex.o
    0x08003746   0x08003746   0x00000002   PAD
    0x08003748   0x08003748   0x0000025c   Code   RO         1880    i.HAL_RCC_ClockConfig  stm32h7xx_hal_rcc.o
    0x080039a4   0x080039a4   0x0000005c   Code   RO         1884    i.HAL_RCC_GetClockConfig  stm32h7xx_hal_rcc.o
    0x08003a00   0x08003a00   0x00000044   Code   RO         1885    i.HAL_RCC_GetHCLKFreq  stm32h7xx_hal_rcc.o
    0x08003a44   0x08003a44   0x00000024   Code   RO         1887    i.HAL_RCC_GetPCLK1Freq  stm32h7xx_hal_rcc.o
    0x08003a68   0x08003a68   0x00000024   Code   RO         1888    i.HAL_RCC_GetPCLK2Freq  stm32h7xx_hal_rcc.o
    0x08003a8c   0x08003a8c   0x00000138   Code   RO         1889    i.HAL_RCC_GetSysClockFreq  stm32h7xx_hal_rcc.o
    0x08003bc4   0x08003bc4   0x00000526   Code   RO         1892    i.HAL_RCC_OscConfig  stm32h7xx_hal_rcc.o
    0x080040ea   0x080040ea   0x00000002   Code   RO         4765    i.HAL_SPI_ErrorCallback  stm32h7xx_hal_spi.o
    0x080040ec   0x080040ec   0x00000224   Code   RO         4768    i.HAL_SPI_IRQHandler  stm32h7xx_hal_spi.o
    0x08004310   0x08004310   0x0000017c   Code   RO         4769    i.HAL_SPI_Init      stm32h7xx_hal_spi.o
    0x0800448c   0x0800448c   0x00000130   Code   RO          425    i.HAL_SPI_MspInit   spi.o
    0x080045bc   0x080045bc   0x00000002   Code   RO         4775    i.HAL_SPI_RxCpltCallback  stm32h7xx_hal_spi.o
    0x080045be   0x080045be   0x00000002   Code   RO         4777    i.HAL_SPI_SuspendCallback  stm32h7xx_hal_spi.o
    0x080045c0   0x080045c0   0x00000002   Code   RO         4784    i.HAL_SPI_TxCpltCallback  stm32h7xx_hal_spi.o
    0x080045c2   0x080045c2   0x00000002   Code   RO         4786    i.HAL_SPI_TxRxCpltCallback  stm32h7xx_hal_spi.o
    0x080045c4   0x080045c4   0x00000010   Code   RO         3231    i.HAL_SYSCFG_AnalogSwitchConfig  stm32h7xx_hal.o
    0x080045d4   0x080045d4   0x00000026   Code   RO         1745    i.HAL_SYSTICK_Config  stm32h7xx_hal_cortex.o
    0x080045fa   0x080045fa   0x00000002   Code   RO         1423    i.HAL_TIMEx_Break2Callback  stm32h7xx_hal_tim_ex.o
    0x080045fc   0x080045fc   0x00000002   Code   RO         1424    i.HAL_TIMEx_BreakCallback  stm32h7xx_hal_tim_ex.o
    0x080045fe   0x080045fe   0x00000002   Code   RO         1425    i.HAL_TIMEx_CommutCallback  stm32h7xx_hal_tim_ex.o
    0x08004600   0x08004600   0x000000b8   Code   RO         1446    i.HAL_TIMEx_MasterConfigSynchronization  stm32h7xx_hal_tim_ex.o
    0x080046b8   0x080046b8   0x00000062   Code   RO          709    i.HAL_TIM_Base_Init  stm32h7xx_hal_tim.o
    0x0800471a   0x0800471a   0x00000002   Code   RO          711    i.HAL_TIM_Base_MspInit  stm32h7xx_hal_tim.o
    0x0800471c   0x0800471c   0x000000a0   Code   RO          714    i.HAL_TIM_Base_Start_IT  stm32h7xx_hal_tim.o
    0x080047bc   0x080047bc   0x00000002   Code   RO          743    i.HAL_TIM_IC_CaptureCallback  stm32h7xx_hal_tim.o
    0x080047be   0x080047be   0x00000148   Code   RO          757    i.HAL_TIM_IRQHandler  stm32h7xx_hal_tim.o
    0x08004906   0x08004906   0x00000002   PAD
    0x08004908   0x08004908   0x00000050   Code   RO          466    i.HAL_TIM_MspPostInit  tim.o
    0x08004958   0x08004958   0x00000002   Code   RO          760    i.HAL_TIM_OC_DelayElapsedCallback  stm32h7xx_hal_tim.o
    0x0800495a   0x0800495a   0x00000124   Code   RO          781    i.HAL_TIM_PWM_ConfigChannel  stm32h7xx_hal_tim.o
    0x08004a7e   0x08004a7e   0x00000062   Code   RO          784    i.HAL_TIM_PWM_Init  stm32h7xx_hal_tim.o
    0x08004ae0   0x08004ae0   0x00000028   Code   RO          468    i.HAL_TIM_PWM_MspInit  tim.o
    0x08004b08   0x08004b08   0x00000002   Code   RO          787    i.HAL_TIM_PWM_PulseFinishedCallback  stm32h7xx_hal_tim.o
    0x08004b0a   0x08004b0a   0x0000000e   Code   RO           14    i.HAL_TIM_PeriodElapsedCallback  main.o
    0x08004b18   0x08004b18   0x00000002   Code   RO          800    i.HAL_TIM_TriggerCallback  stm32h7xx_hal_tim.o
    0x08004b1a   0x08004b1a   0x00000040   Code   RO         5507    i.HAL_UARTEx_DisableFifoMode  stm32h7xx_hal_uart_ex.o
    0x08004b5a   0x08004b5a   0x0000004c   Code   RO         5516    i.HAL_UARTEx_SetRxFifoThreshold  stm32h7xx_hal_uart_ex.o
    0x08004ba6   0x08004ba6   0x0000004c   Code   RO         5517    i.HAL_UARTEx_SetTxFifoThreshold  stm32h7xx_hal_uart_ex.o
    0x08004bf2   0x08004bf2   0x0000006a   Code   RO         5116    i.HAL_UART_Init     stm32h7xx_hal_uart.o
    0x08004c5c   0x08004c5c   0x00000098   Code   RO          515    i.HAL_UART_MspInit  usart.o
    0x08004cf4   0x08004cf4   0x000000b0   Code   RO         5125    i.HAL_UART_Transmit  stm32h7xx_hal_uart.o
    0x08004da4   0x08004da4   0x0000003c   Code   RO          327    i.MX_DMA_Init       dma.o
    0x08004de0   0x08004de0   0x00000068   Code   RO          353    i.MX_FDCAN1_Init    fdcan.o
    0x08004e48   0x08004e48   0x00000070   Code   RO          354    i.MX_FDCAN2_Init    fdcan.o
    0x08004eb8   0x08004eb8   0x00000074   Code   RO          355    i.MX_FDCAN3_Init    fdcan.o
    0x08004f2c   0x08004f2c   0x00000130   Code   RO          303    i.MX_GPIO_Init      gpio.o
    0x0800505c   0x0800505c   0x00000064   Code   RO          426    i.MX_SPI2_Init      spi.o
    0x080050c0   0x080050c0   0x00000074   Code   RO          469    i.MX_TIM3_Init      tim.o
    0x08005134   0x08005134   0x00000068   Code   RO          516    i.MX_USART1_UART_Init  usart.o
    0x0800519c   0x0800519c   0x00000002   Code   RO          563    i.NMI_Handler       stm32h7xx_it.o
    0x0800519e   0x0800519e   0x00000044   Code   RO           15    i.PeriphCommonClock_Config  main.o
    0x080051e2   0x080051e2   0x00000002   PAD
    0x080051e4   0x080051e4   0x00000120   Code   RO         2007    i.RCCEx_PLL2_Config  stm32h7xx_hal_rcc_ex.o
    0x08005304   0x08005304   0x00000120   Code   RO         2008    i.RCCEx_PLL3_Config  stm32h7xx_hal_rcc_ex.o
    0x08005424   0x08005424   0x0000000c   Code   RO          564    i.SPI2_IRQHandler   stm32h7xx_it.o
    0x08005430   0x08005430   0x000000bc   Code   RO         4789    i.SPI_CloseTransfer  stm32h7xx_hal_spi.o
    0x080054ec   0x080054ec   0x0000001a   Code   RO         4790    i.SPI_DMAAbortOnError  stm32h7xx_hal_spi.o
    0x08005506   0x08005506   0x00000012   Code   RO         6810    i.SysTick_Handler   board.o
    0x08005518   0x08005518   0x00000094   Code   RO           16    i.SystemClock_Config  main.o
    0x080055ac   0x080055ac   0x00000140   Code   RO         5626    i.SystemCoreClockUpdate  system_stm32h7xx.o
    0x080056ec   0x080056ec   0x000000d8   Code   RO         5627    i.SystemInit        system_stm32h7xx.o
    0x080057c4   0x080057c4   0x0000000c   Code   RO          565    i.TIM2_IRQHandler   stm32h7xx_it.o
    0x080057d0   0x080057d0   0x000000e0   Code   RO          802    i.TIM_Base_SetConfig  stm32h7xx_hal_tim.o
    0x080058b0   0x080058b0   0x000000a4   Code   RO          815    i.TIM_OC1_SetConfig  stm32h7xx_hal_tim.o
    0x08005954   0x08005954   0x00000098   Code   RO          816    i.TIM_OC2_SetConfig  stm32h7xx_hal_tim.o
    0x080059ec   0x080059ec   0x00000098   Code   RO          817    i.TIM_OC3_SetConfig  stm32h7xx_hal_tim.o
    0x08005a84   0x08005a84   0x00000078   Code   RO          818    i.TIM_OC4_SetConfig  stm32h7xx_hal_tim.o
    0x08005afc   0x08005afc   0x00000074   Code   RO          819    i.TIM_OC5_SetConfig  stm32h7xx_hal_tim.o
    0x08005b70   0x08005b70   0x00000074   Code   RO          820    i.TIM_OC6_SetConfig  stm32h7xx_hal_tim.o
    0x08005be4   0x08005be4   0x00000044   Code   RO         5521    i.UARTEx_SetNbDataToProcess  stm32h7xx_hal_uart_ex.o
    0x08005c28   0x08005c28   0x000000c8   Code   RO         5130    i.UART_AdvFeatureConfig  stm32h7xx_hal_uart.o
    0x08005cf0   0x08005cf0   0x000000aa   Code   RO         5131    i.UART_CheckIdleState  stm32h7xx_hal_uart.o
    0x08005d9a   0x08005d9a   0x00000002   PAD
    0x08005d9c   0x08005d9c   0x00000054   Code   RO         5142    i.UART_EndRxTransfer  stm32h7xx_hal_uart.o
    0x08005df0   0x08005df0   0x000003dc   Code   RO         5148    i.UART_SetConfig    stm32h7xx_hal_uart.o
    0x080061cc   0x080061cc   0x00000094   Code   RO         5155    i.UART_WaitOnFlagUntilTimeout  stm32h7xx_hal_uart.o
    0x08006260   0x08006260   0x00000048   Code   RO         6811    i.USART1_IRQHandler  board.o
    0x080062a8   0x080062a8   0x00000002   Code   RO          566    i.UsageFault_Handler  stm32h7xx_it.o
    0x080062aa   0x080062aa   0x00000022   Code   RO         1747    i.__NVIC_SetPriority  stm32h7xx_hal_cortex.o
    0x080062cc   0x080062cc   0x00000044   Code   RO         6292    i.__rt_ffs          kservice.o
    0x08006310   0x08006310   0x00000080   Code   RO         5757    i._msh_exec_cmd     msh.o
    0x08006390   0x08006390   0x00000024   Code   RO         6542    i._scheduler_get_highest_priority_thread  scheduler.o
    0x080063b4   0x080063b4   0x00000038   Code   RO         6621    i._thread_exit      thread.o
    0x080063ec   0x080063ec   0x00000074   Code   RO         6622    i._thread_init      thread.o
    0x08006460   0x08006460   0x0000002c   Code   RO         6623    i._thread_timeout   thread.o
    0x0800648c   0x0800648c   0x00000006   Code   RO         6727    i._timer_remove     timer.o
    0x08006492   0x08006492   0x00000002   PAD
    0x08006494   0x08006494   0x000000e8   Code   RO         5920    i.bus_fault_track   cpuport.o
    0x0800657c   0x0800657c   0x00000014   Code   RO           17    i.can_sent_test     main.o
    0x08006590   0x08006590   0x0000005c   Code   RO         7007    i.canx_send_data    can_bsp.o
    0x080065ec   0x080065ec   0x00000014   Code   RO         5671    i.clear             cmd.o
    0x08006600   0x08006600   0x000000ec   Code   RO         5672    i.cmd_list          cmd.o
    0x080066ec   0x080066ec   0x00000034   Code   RO         7352    i.disable_motor_mode  dm4310_drv.o
    0x08006720   0x08006720   0x00000010   Code   RO           18    i.disable_motor_test  main.o
    0x08006730   0x08006730   0x00000092   Code   RO         7353    i.dm4310_fbdata     dm4310_drv.o
    0x080067c2   0x080067c2   0x00000002   PAD
    0x080067c4   0x080067c4   0x0000009c   Code   RO         7354    i.dm6215_fbdata     dm4310_drv.o
    0x08006860   0x08006860   0x00000034   Code   RO         7355    i.enable_motor_mode  dm4310_drv.o
    0x08006894   0x08006894   0x00000010   Code   RO           19    i.enable_motor_test  main.o
    0x080068a4   0x080068a4   0x0000004c   Code   RO         5836    i.finsh_get_prompt  shell.o
    0x080068f0   0x080068f0   0x00000018   Code   RO         5840    i.finsh_set_prompt_mode  shell.o
    0x08006908   0x08006908   0x0000000c   Code   RO         5841    i.finsh_system_function_init  shell.o
    0x08006914   0x08006914   0x00000078   Code   RO         5842    i.finsh_system_init  shell.o
    0x0800698c   0x0800698c   0x00000300   Code   RO         5843    i.finsh_thread_entry  shell.o
    0x08006c8c   0x08006c8c   0x00000078   Code   RO         5921    i.hard_fault_track  cpuport.o
    0x08006d04   0x08006d04   0x00000024   Code   RO         5673    i.list_find_init    cmd.o
    0x08006d28   0x08006d28   0x00000066   Code   RO         5674    i.list_get_next     cmd.o
    0x08006d8e   0x08006d8e   0x00000002   PAD
    0x08006d90   0x08006d90   0x00000144   Code   RO         5675    i.list_sem          cmd.o
    0x08006ed4   0x08006ed4   0x000001bc   Code   RO         5676    i.list_thread       cmd.o
    0x08007090   0x08007090   0x00000184   Code   RO         5677    i.list_timer        cmd.o
    0x08007214   0x08007214   0x00000040   Code   RO           20    i.main              main.o
    0x08007254   0x08007254   0x0000000e   Code   RO         6095    i.main_thread_entry  components.o
    0x08007262   0x08007262   0x00000002   PAD
    0x08007264   0x08007264   0x000000d8   Code   RO         5922    i.mem_manage_fault_track  cpuport.o
    0x0800733c   0x0800733c   0x00000094   Code   RO         5758    i.msh_auto_complete  msh.o
    0x080073d0   0x080073d0   0x00000064   Code   RO         5759    i.msh_exec          msh.o
    0x08007434   0x08007434   0x00000060   Code   RO         5760    i.msh_help          msh.o
    0x08007494   0x08007494   0x000000d0   Code   RO         5761    i.msh_split         msh.o
    0x08007564   0x08007564   0x00000018   Code   RO         5678    i.object_split      cmd.o
    0x0800757c   0x0800757c   0x00000134   Code   RO         6294    i.print_number      kservice.o
    0x080076b0   0x080076b0   0x00000004   Code   RO         6812    i.reboot            board.o
    0x080076b4   0x080076b4   0x0000003c   Code   RO         6096    i.rt_application_init  components.o
    0x080076f0   0x080076f0   0x0000001c   Code   RO         6097    i.rt_components_board_init  components.o
    0x0800770c   0x0800770c   0x0000001c   Code   RO         6098    i.rt_components_init  components.o
    0x08007728   0x08007728   0x0000001c   Code   RO         6544    i.rt_enter_critical  scheduler.o
    0x08007744   0x08007744   0x00000038   Code   RO         6545    i.rt_exit_critical  scheduler.o
    0x0800777c   0x0800777c   0x00000028   Code   RO         6813    i.rt_hw_board_init  board.o
    0x080077a4   0x080077a4   0x0000002c   Code   RO         6814    i.rt_hw_console_getchar  board.o
    0x080077d0   0x080077d0   0x00000048   Code   RO         6815    i.rt_hw_console_output  board.o
    0x08007818   0x08007818   0x00000010   Code   RO         5923    i.rt_hw_cpu_reset   cpuport.o
    0x08007828   0x08007828   0x00000214   Code   RO         5926    i.rt_hw_hard_fault_exception  cpuport.o
    0x08007a3c   0x08007a3c   0x00000038   Code   RO         5927    i.rt_hw_stack_init  cpuport.o
    0x08007a74   0x08007a74   0x0000001c   Code   RO         6265    i.rt_interrupt_enter  irq.o
    0x08007a90   0x08007a90   0x0000001c   Code   RO         6267    i.rt_interrupt_leave  irq.o
    0x08007aac   0x08007aac   0x0000002c   Code   RO         6298    i.rt_kprintf        kservice.o
    0x08007ad8   0x08007ad8   0x0000000e   Code   RO         6728    i.rt_list_insert_after  timer.o
    0x08007ae6   0x08007ae6   0x0000000e   Code   RO         6211    i.rt_list_insert_before  ipc.o
    0x08007af4   0x08007af4   0x00000012   Code   RO         5679    i.rt_list_len       cmd.o
    0x08007b06   0x08007b06   0x00000012   Code   RO         6624    i.rt_list_remove    thread.o
    0x08007b18   0x08007b18   0x00000012   Code   RO         6729    i.rt_list_remove    timer.o
    0x08007b2a   0x08007b2a   0x00000002   PAD
    0x08007b2c   0x08007b2c   0x0000004a   Code   RO         6301    i.rt_memcpy         kservice.o
    0x08007b76   0x08007b76   0x00000002   PAD
    0x08007b78   0x08007b78   0x00000032   Code   RO         6302    i.rt_memmove        kservice.o
    0x08007baa   0x08007baa   0x00000042   Code   RO         6303    i.rt_memset         kservice.o
    0x08007bec   0x08007bec   0x00000024   Code   RO         6486    i.rt_object_detach  object.o
    0x08007c10   0x08007c10   0x00000024   Code   RO         6488    i.rt_object_get_information  object.o
    0x08007c34   0x08007c34   0x00000052   Code   RO         6492    i.rt_object_init    object.o
    0x08007c86   0x08007c86   0x0000000e   Code   RO         6493    i.rt_object_is_systemobject  object.o
    0x08007c94   0x08007c94   0x0000003a   Code   RO         6816    i.rt_ringbuffer_data_len  board.o
    0x08007cce   0x08007cce   0x00000046   Code   RO         6817    i.rt_ringbuffer_getchar  board.o
    0x08007d14   0x08007d14   0x00000026   Code   RO         6818    i.rt_ringbuffer_init  board.o
    0x08007d3a   0x08007d3a   0x0000004a   Code   RO         6819    i.rt_ringbuffer_putchar  board.o
    0x08007d84   0x08007d84   0x000000b8   Code   RO         6546    i.rt_schedule       scheduler.o
    0x08007e3c   0x08007e3c   0x00000074   Code   RO         6547    i.rt_schedule_insert_thread  scheduler.o
    0x08007eb0   0x08007eb0   0x00000048   Code   RO         6548    i.rt_schedule_remove_thread  scheduler.o
    0x08007ef8   0x08007ef8   0x00000024   Code   RO         6214    i.rt_sem_init       ipc.o
    0x08007f1c   0x08007f1c   0x0000004a   Code   RO         6215    i.rt_sem_release    ipc.o
    0x08007f66   0x08007f66   0x00000002   PAD
    0x08007f68   0x08007f68   0x000000ae   Code   RO         6216    i.rt_sem_take       ipc.o
    0x08008016   0x08008016   0x00000002   PAD
    0x08008018   0x08008018   0x000000c4   Code   RO         6305    i.rt_show_version   kservice.o
    0x080080dc   0x080080dc   0x00000012   Code   RO         6307    i.rt_sprintf        kservice.o
    0x080080ee   0x080080ee   0x00000002   PAD
    0x080080f0   0x080080f0   0x0000001c   Code   RO         6311    i.rt_strerror       kservice.o
    0x0800810c   0x0800810c   0x00000010   Code   RO         6312    i.rt_strlen         kservice.o
    0x0800811c   0x0800811c   0x00000026   Code   RO         6314    i.rt_strncpy        kservice.o
    0x08008142   0x08008142   0x00000002   PAD
    0x08008144   0x08008144   0x00000028   Code   RO         6549    i.rt_system_scheduler_init  scheduler.o
    0x0800816c   0x0800816c   0x00000028   Code   RO         6550    i.rt_system_scheduler_start  scheduler.o
    0x08008194   0x08008194   0x0000000c   Code   RO         6730    i.rt_system_timer_init  timer.o
    0x080081a0   0x080081a0   0x00000002   Code   RO         6731    i.rt_system_timer_thread_init  timer.o
    0x080081a2   0x080081a2   0x00000002   PAD
    0x080081a4   0x080081a4   0x00000030   Code   RO         6169    i.rt_thread_defunct_dequeue  idle.o
    0x080081d4   0x080081d4   0x00000018   Code   RO         6170    i.rt_thread_defunct_enqueue  idle.o
    0x080081ec   0x080081ec   0x00000022   Code   RO         6171    i.rt_thread_idle_entry  idle.o
    0x0800820e   0x0800820e   0x00000002   PAD
    0x08008210   0x08008210   0x00000044   Code   RO         6173    i.rt_thread_idle_init  idle.o
    0x08008254   0x08008254   0x00000030   Code   RO         6630    i.rt_thread_init    thread.o
    0x08008284   0x08008284   0x0000000e   Code   RO         6631    i.rt_thread_mdelay  thread.o
    0x08008292   0x08008292   0x0000003c   Code   RO         6632    i.rt_thread_resume  thread.o
    0x080082ce   0x080082ce   0x00000002   PAD
    0x080082d0   0x080082d0   0x0000000c   Code   RO         6633    i.rt_thread_self    thread.o
    0x080082dc   0x080082dc   0x00000044   Code   RO         6634    i.rt_thread_sleep   thread.o
    0x08008320   0x08008320   0x00000028   Code   RO         6635    i.rt_thread_startup  thread.o
    0x08008348   0x08008348   0x00000046   Code   RO         6636    i.rt_thread_suspend  thread.o
    0x0800838e   0x0800838e   0x00000034   Code   RO         6056    i.rt_tick_from_millisecond  clock.o
    0x080083c2   0x080083c2   0x00000002   PAD
    0x080083c4   0x080083c4   0x0000000c   Code   RO         6057    i.rt_tick_get       clock.o
    0x080083d0   0x080083d0   0x0000004c   Code   RO         6059    i.rt_tick_increase  clock.o
    0x0800841c   0x0800841c   0x0000008c   Code   RO         6732    i.rt_timer_check    timer.o
    0x080084a8   0x080084a8   0x0000004c   Code   RO         6733    i.rt_timer_control  timer.o
    0x080084f4   0x080084f4   0x00000028   Code   RO         6734    i.rt_timer_detach   timer.o
    0x0800851c   0x0800851c   0x00000030   Code   RO         6735    i.rt_timer_init     timer.o
    0x0800854c   0x0800854c   0x00000084   Code   RO         6737    i.rt_timer_start    timer.o
    0x080085d0   0x080085d0   0x0000002e   Code   RO         6738    i.rt_timer_stop     timer.o
    0x080085fe   0x080085fe   0x00000002   PAD
    0x08008600   0x08008600   0x0000028c   Code   RO         6317    i.rt_vsnprintf      kservice.o
    0x0800888c   0x0800888c   0x00000010   Code   RO         6318    i.rt_vsprintf       kservice.o
    0x0800889c   0x0800889c   0x00000004   Code   RO         6099    i.rti_board_end     components.o
    0x080088a0   0x080088a0   0x00000004   Code   RO         6100    i.rti_board_start   components.o
    0x080088a4   0x080088a4   0x00000004   Code   RO         6101    i.rti_end           components.o
    0x080088a8   0x080088a8   0x00000004   Code   RO         6102    i.rti_start         components.o
    0x080088ac   0x080088ac   0x0000002a   Code   RO         6103    i.rtthread_startup  components.o
    0x080088d6   0x080088d6   0x00000002   PAD
    0x080088d8   0x080088d8   0x0000002c   Code   RO         5844    i.shell_handle_history  shell.o
    0x08008904   0x08008904   0x000000b4   Code   RO         5845    i.shell_push_history  shell.o
    0x080089b8   0x080089b8   0x00000028   Code   RO         6319    i.skip_atoi         kservice.o
    0x080089e0   0x080089e0   0x00000078   Code   RO         6820    i.uart_init         board.o
    0x08008a58   0x08008a58   0x00000028   Code   RO         7362    i.uint_to_float     dm4310_drv.o
    0x08008a80   0x08008a80   0x000000d0   Code   RO         5928    i.usage_fault_track  cpuport.o
    0x08008b50   0x08008b50   0x0000000a   Code   RO         5680    i.version           cmd.o
    0x08008b5a   0x08008b5a   0x0000000a   Code   RO         8855    x$fpl$fpinit        fz_wv.l(fpinit.o)
    0x08008b64   0x08008b64   0x00000008   Data   RO         2516    .constdata          stm32h7xx_hal_dma.o
    0x08008b6c   0x08008b6c   0x0000005c   Data   RO         4240    .constdata          stm32h7xx_hal_fdcan.o
    0x08008bc8   0x08008bc8   0x00000018   Data   RO         5156    .constdata          stm32h7xx_hal_uart.o
    0x08008be0   0x08008be0   0x00000010   Data   RO         5522    .constdata          stm32h7xx_hal_uart_ex.o
    0x08008bf0   0x08008bf0   0x00000010   Data   RO         5628    .constdata          system_stm32h7xx.o
    0x08008c00   0x08008c00   0x00000122   Data   RO         6321    .constdata          kservice.o
    0x08008d22   0x08008d22   0x00000002   PAD
    0x08008d24   0x08008d24   0x00000044   Data   RO         5681    .conststring        cmd.o
    0x08008d68   0x08008d68   0x00000058   Data   RO         6322    .conststring        kservice.o
    0x08008dc0   0x08008dc0   0x0000000e   Data   RO           22    .rodata.name        main.o
    0x08008dce   0x08008dce   0x0000000e   Data   RO           23    .rodata.name        main.o
    0x08008ddc   0x08008ddc   0x00000012   Data   RO           24    .rodata.name        main.o
    0x08008dee   0x08008dee   0x0000001c   Data   RO           25    .rodata.name        main.o
    0x08008e0a   0x08008e0a   0x00000013   Data   RO           26    .rodata.name        main.o
    0x08008e1d   0x08008e1d   0x0000001d   Data   RO           27    .rodata.name        main.o
    0x08008e3a   0x08008e3a   0x00000006   Data   RO         5682    .rodata.name        cmd.o
    0x08008e40   0x08008e40   0x0000001a   Data   RO         5683    .rodata.name        cmd.o
    0x08008e5a   0x08008e5a   0x00000008   Data   RO         5684    .rodata.name        cmd.o
    0x08008e62   0x08008e62   0x00000023   Data   RO         5685    .rodata.name        cmd.o
    0x08008e85   0x08008e85   0x0000000c   Data   RO         5686    .rodata.name        cmd.o
    0x08008e91   0x08008e91   0x0000000c   Data   RO         5687    .rodata.name        cmd.o
    0x08008e9d   0x08008e9d   0x00000009   Data   RO         5688    .rodata.name        cmd.o
    0x08008ea6   0x08008ea6   0x00000019   Data   RO         5689    .rodata.name        cmd.o
    0x08008ebf   0x08008ebf   0x0000000b   Data   RO         5690    .rodata.name        cmd.o
    0x08008eca   0x08008eca   0x00000015   Data   RO         5691    .rodata.name        cmd.o
    0x08008edf   0x08008edf   0x00000005   Data   RO         5692    .rodata.name        cmd.o
    0x08008ee4   0x08008ee4   0x0000000d   Data   RO         5693    .rodata.name        cmd.o
    0x08008ef1   0x08008ef1   0x00000005   Data   RO         5762    .rodata.name        msh.o
    0x08008ef6   0x08008ef6   0x00000016   Data   RO         5763    .rodata.name        msh.o
    0x08008f0c   0x08008f0c   0x00000007   Data   RO         6822    .rodata.name        board.o
    0x08008f13   0x08008f13   0x0000000e   Data   RO         6823    .rodata.name        board.o
    0x08008f21   0x08008f21   0x00000003   PAD
    0x08008f24   0x08008f24   0x00000004   Data   RO         6105    .rti_fn.0           components.o
    0x08008f28   0x08008f28   0x00000004   Data   RO         6106    .rti_fn.0.end       components.o
    0x08008f2c   0x08008f2c   0x00000004   Data   RO         6824    .rti_fn.1           board.o
    0x08008f30   0x08008f30   0x00000004   Data   RO         6107    .rti_fn.1.end       components.o
    0x08008f34   0x08008f34   0x00000004   Data   RO         5848    .rti_fn.6           shell.o
    0x08008f38   0x08008f38   0x00000004   Data   RO         6108    .rti_fn.6.end       components.o
    0x08008f3c   0x08008f3c   0x00000024   Data   RO           28    FSymTab             main.o
    0x08008f60   0x08008f60   0x00000048   Data   RO         5694    FSymTab             cmd.o
    0x08008fa8   0x08008fa8   0x0000000c   Data   RO         5764    FSymTab             msh.o
    0x08008fb4   0x08008fb4   0x0000000c   Data   RO         6825    FSymTab             board.o
    0x08008fc0   0x08008fc0   0x00000040   Data   RO         8946    Region$$Table       anon$$obj.o


    Execution Region RW_IRAM1 (Exec base: 0x20000000, Load base: 0x08009000, Size: 0x0000177c, Max: 0x00020000, ABSOLUTE)

    Exec Addr    Load Addr    Size         Type   Attr      Idx    E Section Name        Object

    0x20000000   0x08009000   0x00000008   Data   RW           21    .data               main.o
    0x20000008   0x08009008   0x0000000c   Data   RW         3248    .data               stm32h7xx_hal.o
    0x20000014   0x08009014   0x00000004   Data   RW         5930    .data               cpuport.o
    0x20000018   0x08009018   0x00000004   Data   RW         5932    .data               cpuport.o
    0x2000001c   0x0800901c   0x00000008   Data   RW         6175    .data               idle.o
    0x20000024   0x08009024   0x00000001   Data   RW         6268    .data               irq.o
    0x20000025   0x08009025   0x00000003   PAD
    0x20000028   0x08009028   0x00000034   Data   RW         6323    .data               kservice.o
    0x2000005c   0x0800905c   0x0000000c   Data   RW         6552    .data               scheduler.o
    0x20000068        -       0x00000178   Zero   RW          427    .bss                spi.o
    0x200001e0        -       0x0000004c   Zero   RW          470    .bss                tim.o
    0x2000022c        -       0x00001308   Zero   RW         5846    .bss                shell.o
    0x20001534        -       0x000000f8   Zero   RW         6174    .bss                idle.o
    0x2000162c        -       0x00000080   Zero   RW         6320    .bss                kservice.o
    0x200016ac        -       0x000000d0   Zero   RW         7008    .bss                can_bsp.o


    Execution Region RW_IRAM2 (Exec base: 0x24000000, Load base: 0x08009068, Size: 0x00001780, Max: 0x00020000, ABSOLUTE)

    Exec Addr    Load Addr    Size         Type   Attr      Idx    E Section Name        Object

    0x24000000   0x08009068   0x00000004   Data   RW          357    .data               fdcan.o
    0x24000004   0x0800906c   0x00000008   Data   RW         5629    .data               system_stm32h7xx.o
    0x2400000c   0x08009074   0x00000010   Data   RW         5847    .data               shell.o
    0x2400001c   0x08009084   0x00000004   Data   RW         5929    .data               cpuport.o
    0x24000020   0x08009088   0x00000004   Data   RW         5931    .data               cpuport.o
    0x24000024   0x0800908c   0x00000004   Data   RW         6061    .data               clock.o
    0x24000028   0x08009090   0x00000030   Data   RW         6494    .data               object.o
    0x24000058   0x080090c0   0x0000000c   Data   RW         6739    .data               timer.o
    0x24000064        -       0x000001e0   Zero   RW          356    .bss                fdcan.o
    0x24000244        -       0x00000094   Zero   RW          517    .bss                usart.o
    0x240002d8        -       0x0000004c   Zero   RW          671    .bss                stm32h7xx_hal_timebase_tim.o
    0x24000324   0x080090cc   0x00000004   PAD
    0x24000328        -       0x00000478   Zero   RW         6104    .bss                components.o
    0x240007a0        -       0x00000100   Zero   RW         6551    .bss                scheduler.o
    0x240008a0        -       0x000000d0   Zero   RW         6821    .bss                board.o
    0x24000970        -       0x000003ac   Zero   RW         8146    .bss                chassisr_task.o
    0x24000d1c        -       0x00000060   Zero   RW         8814    .bss                c_w.l(libspace.o)
    0x24000d7c   0x080090cc   0x00000004   PAD
    0x24000d80        -       0x00000200   Zero   RW            2    HEAP                startup_stm32h723xx.o
    0x24000f80        -       0x00000800   Zero   RW            1    STACK               startup_stm32h723xx.o


==============================================================================

Image component sizes


      Code (inc. data)   RO Data    RW Data    ZI Data      Debug   Object Name

       610         34         37          0        208       9870   board.o
       500         36          0          0        208     938548   can_bsp.o
         0          0          0          0          0       1560   chassisl_task.o
         0          0          0          0        940       1540   chassisr_task.o
       140         12          0          4          0       2896   clock.o
      1602        662        323          0          0      13828   cmd.o
       198         32         16          0       1144       7260   components.o
       316         28          0          0          0        964   context_rvds.o
      1380        740          0         16          0       8008   cpuport.o
       446         10          0          0          0       4281   dm4310_drv.o
        60          4          0          0          0        938   dma.o
       648         58          0          4        480       3577   fdcan.o
       304         16          0          0          0       1235   gpio.o
       174         26          0          8        248       6602   idle.o
       298          0          0          0          0       7289   ipc.o
        56         12          0          1          0       2198   irq.o
      1614        184        378         52        128      15454   kservice.o
       350         24        158          8          0    1255964   main.o
       680        134         39          0          0       7462   msh.o
       168          6          0         48          0       4752   object.o
         0          0          0          0          0        572   pid.o
       572         60          0         12        256      10392   scheduler.o
      1224        124          4         16       4872       8607   shell.o
       404         36          0          0        376       2211   spi.o
        72         30        716          0       2560        900   startup_stm32h723xx.o
       136         32          0         12          0      23182   stm32h7xx_hal.o
       198         12          0          0          0      39711   stm32h7xx_hal_cortex.o
      3904        148          8          0          0       8947   stm32h7xx_hal_dma.o
      2850         50         92          0          0      22372   stm32h7xx_hal_fdcan.o
       550         44          0          0          0       2376   stm32h7xx_hal_gpio.o
        28          6          0          0          0        974   stm32h7xx_hal_msp.o
        84          6          0          0          0        805   stm32h7xx_hal_pwr_ex.o
      2466        110          0          0          0       7993   stm32h7xx_hal_rcc.o
      3622        112          0          0          0       7945   stm32h7xx_hal_rcc_ex.o
      1152         18          0          0          0       7443   stm32h7xx_hal_spi.o
      2030        236          0          0          0      14335   stm32h7xx_hal_tim.o
       190         38          0          0          0       3364   stm32h7xx_hal_tim_ex.o
       140         18          0          0         76       1659   stm32h7xx_hal_timebase_tim.o
      1872        122         24          0          0      27074   stm32h7xx_hal_uart.o
       284          6         16          0          0       3909   stm32h7xx_hal_uart_ex.o
        92         42          0          0          0       5357   stm32h7xx_it.o
       564         78         16          8          0       3081   system_stm32h7xx.o
       546         28          0          0          0      11462   thread.o
       236         32          0          0         76       2519   tim.o
       534         18          0         12          0      12236   timer.o
       256         24          0          0        148       2014   usart.o
         0          0          0          0          0       1988   vmc_calc.o

    ----------------------------------------------------------------------
     33602       3448       1896        204      11724    2527654   Object Totals
         0          0         64          0          0          0   (incl. Generated)
        52          0          5          3          4          0   (incl. Padding)

    ----------------------------------------------------------------------

      Code (inc. data)   RO Data    RW Data    ZI Data      Debug   Library Member Name

         8          0          0          0          0         68   __main.o
         0          0          0          0          0          0   __rtentry.o
        12          0          0          0          0          0   __rtentry2.o
         6          0          0          0          0          0   __rtentry4.o
        52          8          0          0          0          0   __scatter.o
        26          0          0          0          0          0   __scatter_copy.o
        28          0          0          0          0          0   __scatter_zi.o
        18          0          0          0          0         80   exit.o
         6          0          0          0          0        152   heapauxi.o
         0          0          0          0          0          0   indicate_semi.o
         2          0          0          0          0          0   libinit.o
         6          0          0          0          0          0   libinit2.o
         2          0          0          0          0          0   libshutdown.o
         2          0          0          0          0          0   libshutdown2.o
         8          4          0          0         96         68   libspace.o
       238          0          0          0          0        100   lludivv7m.o
        88          0          0          0          0         76   memcmp.o
        68          0          0          0          0         68   rt_memclr.o
        78          0          0          0          0         80   rt_memclr_w.o
       100          0          0          0          0         80   rt_memcpy_w.o
         2          0          0          0          0          0   rtexit.o
        10          0          0          0          0          0   rtexit2.o
        24          0          0          0          0         68   strcat.o
       104          0          0          0          0         68   strcmpv7m_pel.o
        72          0          0          0          0         80   strcpy.o
        62          0          0          0          0         76   strlen.o
       150          0          0          0          0         80   strncmp.o
        86          0          0          0          0         76   strncpy.o
        12          4          0          0          0         68   sys_exit.o
        74          0          0          0          0         80   sys_stackheap_outer.o
         2          0          0          0          0         68   use_no_semi.o
        10          0          0          0          0        116   fpinit.o

    ----------------------------------------------------------------------
      1366         16          0          0        100       1552   Library Totals
        10          0          0          0          4          0   (incl. Padding)

    ----------------------------------------------------------------------

      Code (inc. data)   RO Data    RW Data    ZI Data      Debug   Library Name

      1346         16          0          0         96       1436   c_w.l
        10          0          0          0          0        116   fz_wv.l

    ----------------------------------------------------------------------
      1366         16          0          0        100       1552   Library Totals

    ----------------------------------------------------------------------

==============================================================================


      Code (inc. data)   RO Data    RW Data    ZI Data      Debug   

     34968       3464       1896        204      11824    2503978   Grand Totals
     34968       3464       1896        204      11824    2503978   ELF Image Totals
     34968       3464       1896        204          0          0   ROM Totals

==============================================================================

    Total RO  Size (Code + RO Data)                36864 (  36.00kB)
    Total RW  Size (RW Data + ZI Data)             12028 (  11.75kB)
    Total ROM Size (Code + RO Data + RW Data)      37068 (  36.20kB)

==============================================================================

