<html>
<body>
<pre>
<h1>µVision Build Log</h1>
<h2>Tool Versions:</h2>
IDE-Version: ¦ÌVision V5.33.0.0
Copyright (C) 2020 ARM Ltd and ARM Germany GmbH. All rights reserved.
License Information: 1 490754775@qq.com, 11, LIC=6XJT4-F4W04-35WTX-HTCWP-ZZPPJ-FJW69
 
Tool Versions:
Toolchain:       MDK-ARM Professional  Version: 5.33.0.0
Toolchain Path:  D:\keil_5.33\ARM\ARMCC\Bin
C Compiler:      Armcc.exe V5.06 update 7 (build 960)
Assembler:       Armasm.exe V5.06 update 7 (build 960)
Linker/Locator:  ArmLink.exe V5.06 update 7 (build 960)
Library Manager: ArmAr.exe V5.06 update 7 (build 960)
Hex Converter:   FromElf.exe V5.06 update 7 (build 960)
CPU DLL:         SARMCM3.DLL V5.33.0.0
Dialog DLL:      DCM.DLL V1.17.3.0
Target DLL:      CMSIS_AGDI.dll V1.32.12.0
Dialog DLL:      TCM.DLL V1.48.0.0
 
<h2>Project:</h2>
E:\JhmFiles\GithubRepository\Wheel-Leg-Robot\Software\MDK-ARM\Software.uvprojx
Project File Date:  04/27/2025

<h2>Output:</h2>
*** Using Compiler 'V5.06 update 7 (build 960)', folder: 'D:\keil_5.33\ARM\ARMCC\Bin'
Build target 'Software'
compiling usart.c...
compiling memorymap.c...
compiling dma.c...
compiling bsp_dwt.c...
compiling stm32h7xx_hal_msp.c...
compiling gpio.c...
compiling spi.c...
compiling tim.c...
compiling board.c...
compiling main.c...
compiling fdcan.c...
compiling stm32h7xx_it.c...
compiling bsp_PWM.c...
compiling BMI088driver.c...
compiling can_bsp.c...
compiling BMI088Middleware.c...
compiling pid.c...
compiling dm4310_drv.c...
compiling chassisR_task.c...
compiling VMC_calc.c...
compiling chassisL_task.c...
compiling INS_task.c...
compiling user_lib.c...
compiling controller.c...
compiling observe_task.c...
compiling thread_init.c...
compiling ps2_task.c...
linking...
Program Size: Code=38644 RO-data=1784 RW-data=348 ZI-data=17116  
FromELF: creating hex file...
"Software\Software.axf" - 0 Error(s), 0 Warning(s).

<h2>Software Packages used:</h2>

Package Vendor: ARM
                http://www.keil.com/pack/ARM.CMSIS.5.7.0.pack
                ARM.CMSIS.5.7.0
                CMSIS (Cortex Microcontroller Software Interface Standard)
   * Component: CORE Version: 5.4.0

Package Vendor: Keil
                https://www.keil.com/pack/Keil.STM32H7xx_DFP.4.0.0.pack
                Keil.STM32H7xx_DFP.4.0.0
                STMicroelectronics STM32H7 Series Device Support

<h2>Collection of Component include folders:</h2>
  .\RTE\_Software
  D:\keil_5.33\ARM\CMSIS\5.7.0\CMSIS\Core\Include

<h2>Collection of Component Files used:</h2>

   * Component: ARM::CMSIS:CORE:5.4.0
      Include file:  CMSIS\Core\Include\tz_context.h
Build Time Elapsed:  00:00:55
</pre>
</body>
</html>
