<html>
<body>
<pre>
<h1>µVision Build Log</h1>
<h2>Tool Versions:</h2>
IDE-Version: ¦ÌVision V5.33.0.0
Copyright (C) 2020 ARM Ltd and ARM Germany GmbH. All rights reserved.
License Information: 1 490754775@qq.com, 11, LIC=6XJT4-F4W04-35WTX-HTCWP-ZZPPJ-FJW69
 
Tool Versions:
Toolchain:       MDK-ARM Professional  Version: 5.33.0.0
Toolchain Path:  D:\keil_5.33\ARM\ARMCC\Bin
C Compiler:      Armcc.exe V5.06 update 7 (build 960)
Assembler:       Armasm.exe V5.06 update 7 (build 960)
Linker/Locator:  ArmLink.exe V5.06 update 7 (build 960)
Library Manager: ArmAr.exe V5.06 update 7 (build 960)
Hex Converter:   FromElf.exe V5.06 update 7 (build 960)
CPU DLL:         SARMCM3.DLL V5.33.0.0
Dialog DLL:      DCM.DLL V1.17.3.0
Target DLL:      Segger\JL2CM3.dll V2.99.38.0
Dialog DLL:      TCM.DLL V1.48.0.0
 
<h2>Project:</h2>
e:\jhm files\github-repository\Wheel-Leg-Robot\Software\MDK-ARM\CtrlBoard-H7_IMU.uvprojx
Project File Date:  06/21/2024

<h2>Output:</h2>
*** Using Compiler 'V5.06 update 7 (build 960)', folder: 'D:\keil_5.33\ARM\ARMCC\Bin'
Build target 'CtrlBoard-H7_IMU'
assembling startup_stm32h723xx.s...
compiling stm32h7xx_hal_cortex.c...
compiling fdcan.c...
compiling stm32h7xx_hal_msp.c...
compiling freertos.c...
compiling stm32h7xx_hal_timebase_tim.c...
compiling spi.c...
compiling stm32h7xx_it.c...
compiling main.c...
compiling dma.c...
compiling gpio.c...
compiling tim.c...
compiling stm32h7xx_hal_rcc.c...
compiling stm32h7xx_hal_hsem.c...
compiling stm32h7xx_hal_rcc_ex.c...
compiling stm32h7xx_hal_flash.c...
compiling stm32h7xx_hal_pwr.c...
compiling stm32h7xx_hal_gpio.c...
compiling stm32h7xx_hal_mdma.c...
compiling stm32h7xx_hal_flash_ex.c...
compiling stm32h7xx_hal_pwr_ex.c...
compiling stm32h7xx_hal_dma_ex.c...
compiling stm32h7xx_hal_dma.c...
compiling stm32h7xx_hal.c...
compiling stm32h7xx_hal_i2c.c...
compiling stm32h7xx_hal_i2c_ex.c...
compiling stm32h7xx_hal_exti.c...
compiling QuaternionEKF.c...
compiling kalman_filter.c...
compiling stm32h7xx_hal_fdcan.c...
compiling stm32h7xx_hal_spi_ex.c...
compiling stm32h7xx_hal_spi.c...
compiling event_groups.c...
compiling croutine.c...
compiling list.c...
compiling queue.c...
compiling stream_buffer.c...
compiling tasks.c...
compiling timers.c...
compiling heap_4.c...
compiling system_stm32h7xx.c...
compiling BMI088driver.c...
compiling port.c...
compiling cmsis_os.c...
compiling BMI088Middleware.c...
compiling stm32h7xx_hal_tim_ex.c...
compiling stm32h7xx_hal_tim.c...
compiling dm4310_drv.c...
compiling mahony_filter.c...
compiling VMC_calc.c...
compiling pid.c...
compiling user_lib.c...
..\User\Lib\user_lib.c(409): warning:  #1-D: last line of file ends without a newline
  }
..\User\Lib\user_lib.c: 1 warning, 0 errors
compiling INS_task.c...
compiling observe_task.c...
compiling can_bsp.c...
compiling bsp_dwt.c...
compiling chassisR_task.c...
compiling chassisL_task.c...
compiling bsp_PWM.c...
compiling ps2_task.c...
compiling controller.c...
linking...
Program Size: Code=54380 RO-data=3196 RW-data=812 ZI-data=36660  
FromELF: creating hex file...
"CtrlBoard-H7_IMU\CtrlBoard-H7_IMU.axf" - 0 Error(s), 1 Warning(s).

<h2>Software Packages used:</h2>

Package Vendor: ARM
                http://www.keil.com/pack/ARM.CMSIS.5.7.0.pack
                ARM.CMSIS.5.7.0
                CMSIS (Cortex Microcontroller Software Interface Standard)
   * Component: CORE Version: 5.4.0

Package Vendor: Keil
                https://www.keil.com/pack/Keil.STM32H7xx_DFP.4.0.0.pack
                Keil.STM32H7xx_DFP.4.0.0
                STMicroelectronics STM32H7 Series Device Support

<h2>Collection of Component include folders:</h2>
  .\RTE\_CtrlBoard-H7_IMU
  D:\keil_5.33\ARM\CMSIS\5.7.0\CMSIS\Core\Include

<h2>Collection of Component Files used:</h2>

   * Component: ARM::CMSIS:CORE:5.4.0
Build Time Elapsed:  00:01:34
</pre>
</body>
</html>
